
> wheels-unisabana-backend@1.0.0 test
> jest tests/integration/passenger-bookings.test.js

  console.log
    Γ£ô Jest setup complete

      at Object.log (tests/setup.js:36:9)

  console.log
    Γ£ô Environment: test

      at Object.log (tests/setup.js:37:9)

  console.log
    Γ£ô MongoDB URI: Configured

      at Object.log (tests/setup.js:38:9)

  console.log
    ≡ƒôÜ Swagger UI available at /api-docs

      at log (src/api/middlewares/swagger.js:219:11)

  console.log
    Γ£ô Mongoose connected to DB

      at NativeConnection.log (src/infrastructure/database/connection.js:44:11)

  console.log
    Γ£ô MongoDB Connected: ac-kjf5egk-shard-00-02.o9c3mol.mongodb.net

      at log (src/infrastructure/database/connection.js:11:13)

  console.log
    Γ£ô Database: wheels-unisabana

      at log (src/infrastructure/database/connection.js:12:13)

  console.log
    Γ£ô Indexes verified and created

      at log (src/infrastructure/database/connection.js:25:15)

  console.log
    {"type":"request","timestamp":"2025-10-23T01:32:33.249Z","correlationId":"9ac3b9f3-5f3c-4c77-b964-a5c8f4c797a7","method":"POST","path":"/auth/login","ip":"::ffff:127.0.0.1","userId":"anonymous","userAgent":"unknown","query":{}}

      at log (src/api/middlewares/structuredLogger.js:80:11)

  console.log
    [AuthController] Login attempt for email domain: unisabana.edu.co | IP: ::ffff:127.0.0.1 | correlationId: 9ac3b9f3-5f3c-4c77-b964-a5c8f4c797a7

      at AuthController.log [as login] (src/api/controllers/authController.js:62:15)

  console.log
    [AuthController] Login successful | userId: 68f985b17bc38b501dafd587 | role: passenger | correlationId: 9ac3b9f3-5f3c-4c77-b964-a5c8f4c797a7

      at AuthController.log [as login] (src/api/controllers/authController.js:89:15)

  console.log
    [AuthController] Response body: {
      id: '68f985b17bc38b501dafd587',
      role: 'passenger',
      firstName: 'PassengerBookingTest',
      lastName: 'Passenger1'
    }

      at AuthController.log [as login] (src/api/controllers/authController.js:100:15)

  console.log
    {"type":"response","timestamp":"2025-10-23T01:32:33.476Z","correlationId":"9ac3b9f3-5f3c-4c77-b964-a5c8f4c797a7","method":"POST","path":"/auth/login","status":200,"latency":"227ms","userId":"anonymous"}

      at log (src/api/middlewares/structuredLogger.js:107:13)

  console.log
    {"type":"response","timestamp":"2025-10-23T01:32:33.478Z","correlationId":"9ac3b9f3-5f3c-4c77-b964-a5c8f4c797a7","method":"POST","path":"/auth/login","status":200,"latency":"229ms","userId":"anonymous"}

      at log (src/api/middlewares/structuredLogger.js:107:13)

::ffff:127.0.0.1 - - [23/Oct/2025:01:32:33 +0000] "POST /auth/login HTTP/1.1" 200 111 "-" "-"
  console.log
    {"type":"request","timestamp":"2025-10-23T01:32:33.491Z","correlationId":"451088e5-df8c-45a5-93c5-3fa729f4643e","method":"POST","path":"/auth/login","ip":"::ffff:127.0.0.1","userId":"anonymous","userAgent":"unknown","query":{}}

      at log (src/api/middlewares/structuredLogger.js:80:11)

  console.log
    [AuthController] Login attempt for email domain: unisabana.edu.co | IP: ::ffff:127.0.0.1 | correlationId: 451088e5-df8c-45a5-93c5-3fa729f4643e

      at AuthController.log [as login] (src/api/controllers/authController.js:62:15)

  console.log
    [AuthController] Login successful | userId: 68f985b17bc38b501dafd58b | role: passenger | correlationId: 451088e5-df8c-45a5-93c5-3fa729f4643e

      at AuthController.log [as login] (src/api/controllers/authController.js:89:15)

  console.log
    [AuthController] Response body: {
      id: '68f985b17bc38b501dafd58b',
      role: 'passenger',
      firstName: 'PassengerBookingTest',
      lastName: 'Passenger2'
    }

      at AuthController.log [as login] (src/api/controllers/authController.js:100:15)

  console.log
    {"type":"response","timestamp":"2025-10-23T01:32:33.661Z","correlationId":"451088e5-df8c-45a5-93c5-3fa729f4643e","method":"POST","path":"/auth/login","status":200,"latency":"170ms","userId":"anonymous"}

      at log (src/api/middlewares/structuredLogger.js:107:13)

  console.log
    {"type":"response","timestamp":"2025-10-23T01:32:33.662Z","correlationId":"451088e5-df8c-45a5-93c5-3fa729f4643e","method":"POST","path":"/auth/login","status":200,"latency":"171ms","userId":"anonymous"}

      at log (src/api/middlewares/structuredLogger.js:107:13)

::ffff:127.0.0.1 - - [23/Oct/2025:01:32:33 +0000] "POST /auth/login HTTP/1.1" 200 111 "-" "-"
  console.log
    {"type":"request","timestamp":"2025-10-23T01:32:34.740Z","correlationId":"7e980578-f3f0-4439-a40b-3c6f489a7f6c","method":"POST","path":"/auth/login","ip":"::ffff:127.0.0.1","userId":"anonymous","userAgent":"unknown","query":{}}

      at log (src/api/middlewares/structuredLogger.js:80:11)

  console.log
    [AuthController] Login attempt for email domain: unisabana.edu.co | IP: ::ffff:127.0.0.1 | correlationId: 7e980578-f3f0-4439-a40b-3c6f489a7f6c

      at AuthController.log [as login] (src/api/controllers/authController.js:62:15)

  console.log
    [AuthController] Login successful | userId: 68f985b27bc38b501dafd5a3 | role: passenger | correlationId: 7e980578-f3f0-4439-a40b-3c6f489a7f6c

      at AuthController.log [as login] (src/api/controllers/authController.js:89:15)

  console.log
    [AuthController] Response body: {
      id: '68f985b27bc38b501dafd5a3',
      role: 'passenger',
      firstName: 'PassengerBookingTest',
      lastName: 'Passenger1'
    }

      at AuthController.log [as login] (src/api/controllers/authController.js:100:15)

  console.log
    {"type":"response","timestamp":"2025-10-23T01:32:34.912Z","correlationId":"7e980578-f3f0-4439-a40b-3c6f489a7f6c","method":"POST","path":"/auth/login","status":200,"latency":"172ms","userId":"anonymous"}

      at log (src/api/middlewares/structuredLogger.js:107:13)

  console.log
    {"type":"response","timestamp":"2025-10-23T01:32:34.912Z","correlationId":"7e980578-f3f0-4439-a40b-3c6f489a7f6c","method":"POST","path":"/auth/login","status":200,"latency":"172ms","userId":"anonymous"}

      at log (src/api/middlewares/structuredLogger.js:107:13)

::ffff:127.0.0.1 - - [23/Oct/2025:01:32:34 +0000] "POST /auth/login HTTP/1.1" 200 111 "-" "-"
  console.log
    {"type":"request","timestamp":"2025-10-23T01:32:34.923Z","correlationId":"586be1e7-303d-4a50-9dd2-609e0f3e4a82","method":"POST","path":"/auth/login","ip":"::ffff:127.0.0.1","userId":"anonymous","userAgent":"unknown","query":{}}

      at log (src/api/middlewares/structuredLogger.js:80:11)

  console.log
    [AuthController] Login attempt for email domain: unisabana.edu.co | IP: ::ffff:127.0.0.1 | correlationId: 586be1e7-303d-4a50-9dd2-609e0f3e4a82

      at AuthController.log [as login] (src/api/controllers/authController.js:62:15)

  console.log
    [AuthController] Login successful | userId: 68f985b27bc38b501dafd5a5 | role: passenger | correlationId: 586be1e7-303d-4a50-9dd2-609e0f3e4a82

      at AuthController.log [as login] (src/api/controllers/authController.js:89:15)

  console.log
    [AuthController] Response body: {
      id: '68f985b27bc38b501dafd5a5',
      role: 'passenger',
      firstName: 'PassengerBookingTest',
      lastName: 'Passenger2'
    }

      at AuthController.log [as login] (src/api/controllers/authController.js:100:15)

  console.log
    {"type":"response","timestamp":"2025-10-23T01:32:35.080Z","correlationId":"586be1e7-303d-4a50-9dd2-609e0f3e4a82","method":"POST","path":"/auth/login","status":200,"latency":"157ms","userId":"anonymous"}

      at log (src/api/middlewares/structuredLogger.js:107:13)

  console.log
    {"type":"response","timestamp":"2025-10-23T01:32:35.081Z","correlationId":"586be1e7-303d-4a50-9dd2-609e0f3e4a82","method":"POST","path":"/auth/login","status":200,"latency":"158ms","userId":"anonymous"}

      at log (src/api/middlewares/structuredLogger.js:107:13)

::ffff:127.0.0.1 - - [23/Oct/2025:01:32:35 +0000] "POST /auth/login HTTP/1.1" 200 111 "-" "-"
  console.log
    {"type":"request","timestamp":"2025-10-23T01:32:36.134Z","correlationId":"dad865fd-0837-4429-8e70-5a966f742c6f","method":"POST","path":"/auth/login","ip":"::ffff:127.0.0.1","userId":"anonymous","userAgent":"unknown","query":{}}

      at log (src/api/middlewares/structuredLogger.js:80:11)

  console.log
    [AuthController] Login attempt for email domain: unisabana.edu.co | IP: ::ffff:127.0.0.1 | correlationId: dad865fd-0837-4429-8e70-5a966f742c6f

      at AuthController.log [as login] (src/api/controllers/authController.js:62:15)

  console.log
    [AuthController] Login successful | userId: 68f985b37bc38b501dafd5b6 | role: passenger | correlationId: dad865fd-0837-4429-8e70-5a966f742c6f

      at AuthController.log [as login] (src/api/controllers/authController.js:89:15)

  console.log
    [AuthController] Response body: {
      id: '68f985b37bc38b501dafd5b6',
      role: 'passenger',
      firstName: 'PassengerBookingTest',
      lastName: 'Passenger1'
    }

      at AuthController.log [as login] (src/api/controllers/authController.js:100:15)

  console.log
    {"type":"response","timestamp":"2025-10-23T01:32:36.305Z","correlationId":"dad865fd-0837-4429-8e70-5a966f742c6f","method":"POST","path":"/auth/login","status":200,"latency":"171ms","userId":"anonymous"}

      at log (src/api/middlewares/structuredLogger.js:107:13)

  console.log
    {"type":"response","timestamp":"2025-10-23T01:32:36.306Z","correlationId":"dad865fd-0837-4429-8e70-5a966f742c6f","method":"POST","path":"/auth/login","status":200,"latency":"172ms","userId":"anonymous"}

      at log (src/api/middlewares/structuredLogger.js:107:13)

::ffff:127.0.0.1 - - [23/Oct/2025:01:32:36 +0000] "POST /auth/login HTTP/1.1" 200 111 "-" "-"
  console.log
    {"type":"request","timestamp":"2025-10-23T01:32:36.313Z","correlationId":"6f4c21f0-8c01-4d24-923e-c038f9eb7db7","method":"POST","path":"/auth/login","ip":"::ffff:127.0.0.1","userId":"anonymous","userAgent":"unknown","query":{}}

      at log (src/api/middlewares/structuredLogger.js:80:11)

  console.log
    [AuthController] Login attempt for email domain: unisabana.edu.co | IP: ::ffff:127.0.0.1 | correlationId: 6f4c21f0-8c01-4d24-923e-c038f9eb7db7

      at AuthController.log [as login] (src/api/controllers/authController.js:62:15)

  console.log
    [AuthController] Login successful | userId: 68f985b47bc38b501dafd5b8 | role: passenger | correlationId: 6f4c21f0-8c01-4d24-923e-c038f9eb7db7

      at AuthController.log [as login] (src/api/controllers/authController.js:89:15)

  console.log
    [AuthController] Response body: {
      id: '68f985b47bc38b501dafd5b8',
      role: 'passenger',
      firstName: 'PassengerBookingTest',
      lastName: 'Passenger2'
    }

      at AuthController.log [as login] (src/api/controllers/authController.js:100:15)

  console.log
    {"type":"response","timestamp":"2025-10-23T01:32:36.481Z","correlationId":"6f4c21f0-8c01-4d24-923e-c038f9eb7db7","method":"POST","path":"/auth/login","status":200,"latency":"168ms","userId":"anonymous"}

      at log (src/api/middlewares/structuredLogger.js:107:13)

  console.log
    {"type":"response","timestamp":"2025-10-23T01:32:36.481Z","correlationId":"6f4c21f0-8c01-4d24-923e-c038f9eb7db7","method":"POST","path":"/auth/login","status":200,"latency":"168ms","userId":"anonymous"}

      at log (src/api/middlewares/structuredLogger.js:107:13)

::ffff:127.0.0.1 - - [23/Oct/2025:01:32:36 +0000] "POST /auth/login HTTP/1.1" 200 111 "-" "-"
  console.log
    {"type":"request","timestamp":"2025-10-23T01:32:37.504Z","correlationId":"1d415491-6bba-408b-ad89-e8d47b61f3cd","method":"POST","path":"/auth/login","ip":"::ffff:127.0.0.1","userId":"anonymous","userAgent":"unknown","query":{}}

      at log (src/api/middlewares/structuredLogger.js:80:11)

  console.log
    [AuthController] Login attempt for email domain: unisabana.edu.co | IP: ::ffff:127.0.0.1 | correlationId: 1d415491-6bba-408b-ad89-e8d47b61f3cd

      at AuthController.log [as login] (src/api/controllers/authController.js:62:15)

  console.log
    [AuthController] Login successful | userId: 68f985b57bc38b501dafd5c9 | role: passenger | correlationId: 1d415491-6bba-408b-ad89-e8d47b61f3cd

      at AuthController.log [as login] (src/api/controllers/authController.js:89:15)

  console.log
    [AuthController] Response body: {
      id: '68f985b57bc38b501dafd5c9',
      role: 'passenger',
      firstName: 'PassengerBookingTest',
      lastName: 'Passenger1'
    }

      at AuthController.log [as login] (src/api/controllers/authController.js:100:15)

  console.log
    {"type":"response","timestamp":"2025-10-23T01:32:37.680Z","correlationId":"1d415491-6bba-408b-ad89-e8d47b61f3cd","method":"POST","path":"/auth/login","status":200,"latency":"176ms","userId":"anonymous"}

      at log (src/api/middlewares/structuredLogger.js:107:13)

  console.log
    {"type":"response","timestamp":"2025-10-23T01:32:37.681Z","correlationId":"1d415491-6bba-408b-ad89-e8d47b61f3cd","method":"POST","path":"/auth/login","status":200,"latency":"177ms","userId":"anonymous"}

      at log (src/api/middlewares/structuredLogger.js:107:13)

::ffff:127.0.0.1 - - [23/Oct/2025:01:32:37 +0000] "POST /auth/login HTTP/1.1" 200 111 "-" "-"
  console.log
    {"type":"request","timestamp":"2025-10-23T01:32:37.693Z","correlationId":"30b019d1-6927-4d76-a472-8012c6104525","method":"POST","path":"/auth/login","ip":"::ffff:127.0.0.1","userId":"anonymous","userAgent":"unknown","query":{}}

      at log (src/api/middlewares/structuredLogger.js:80:11)

  console.log
    [AuthController] Login attempt for email domain: unisabana.edu.co | IP: ::ffff:127.0.0.1 | correlationId: 30b019d1-6927-4d76-a472-8012c6104525

      at AuthController.log [as login] (src/api/controllers/authController.js:62:15)

  console.log
    [AuthController] Login successful | userId: 68f985b57bc38b501dafd5cb | role: passenger | correlationId: 30b019d1-6927-4d76-a472-8012c6104525

      at AuthController.log [as login] (src/api/controllers/authController.js:89:15)

  console.log
    [AuthController] Response body: {
      id: '68f985b57bc38b501dafd5cb',
      role: 'passenger',
      firstName: 'PassengerBookingTest',
      lastName: 'Passenger2'
    }

      at AuthController.log [as login] (src/api/controllers/authController.js:100:15)

  console.log
    {"type":"response","timestamp":"2025-10-23T01:32:37.866Z","correlationId":"30b019d1-6927-4d76-a472-8012c6104525","method":"POST","path":"/auth/login","status":200,"latency":"173ms","userId":"anonymous"}

      at log (src/api/middlewares/structuredLogger.js:107:13)

  console.log
    {"type":"response","timestamp":"2025-10-23T01:32:37.867Z","correlationId":"30b019d1-6927-4d76-a472-8012c6104525","method":"POST","path":"/auth/login","status":200,"latency":"174ms","userId":"anonymous"}

      at log (src/api/middlewares/structuredLogger.js:107:13)

::ffff:127.0.0.1 - - [23/Oct/2025:01:32:37 +0000] "POST /auth/login HTTP/1.1" 200 111 "-" "-"
  console.log
    {"type":"request","timestamp":"2025-10-23T01:32:38.921Z","correlationId":"4e348412-bad4-42b9-9269-d3b6ea37f253","method":"POST","path":"/auth/login","ip":"::ffff:127.0.0.1","userId":"anonymous","userAgent":"unknown","query":{}}

      at log (src/api/middlewares/structuredLogger.js:80:11)

  console.log
    [AuthController] Login attempt for email domain: unisabana.edu.co | IP: ::ffff:127.0.0.1 | correlationId: 4e348412-bad4-42b9-9269-d3b6ea37f253

      at AuthController.log [as login] (src/api/controllers/authController.js:62:15)

  console.log
    [AuthController] Login successful | userId: 68f985b67bc38b501dafd5dc | role: passenger | correlationId: 4e348412-bad4-42b9-9269-d3b6ea37f253

      at AuthController.log [as login] (src/api/controllers/authController.js:89:15)

  console.log
    [AuthController] Response body: {
      id: '68f985b67bc38b501dafd5dc',
      role: 'passenger',
      firstName: 'PassengerBookingTest',
      lastName: 'Passenger1'
    }

      at AuthController.log [as login] (src/api/controllers/authController.js:100:15)

  console.log
    {"type":"response","timestamp":"2025-10-23T01:32:39.099Z","correlationId":"4e348412-bad4-42b9-9269-d3b6ea37f253","method":"POST","path":"/auth/login","status":200,"latency":"178ms","userId":"anonymous"}

      at log (src/api/middlewares/structuredLogger.js:107:13)

  console.log
    {"type":"response","timestamp":"2025-10-23T01:32:39.100Z","correlationId":"4e348412-bad4-42b9-9269-d3b6ea37f253","method":"POST","path":"/auth/login","status":200,"latency":"179ms","userId":"anonymous"}

      at log (src/api/middlewares/structuredLogger.js:107:13)

::ffff:127.0.0.1 - - [23/Oct/2025:01:32:39 +0000] "POST /auth/login HTTP/1.1" 200 111 "-" "-"
  console.log
    {"type":"request","timestamp":"2025-10-23T01:32:39.108Z","correlationId":"2e6f63d1-92bb-4140-8cd3-d869ca2b06ae","method":"POST","path":"/auth/login","ip":"::ffff:127.0.0.1","userId":"anonymous","userAgent":"unknown","query":{}}

      at log (src/api/middlewares/structuredLogger.js:80:11)

  console.log
    [AuthController] Login attempt for email domain: unisabana.edu.co | IP: ::ffff:127.0.0.1 | correlationId: 2e6f63d1-92bb-4140-8cd3-d869ca2b06ae

      at AuthController.log [as login] (src/api/controllers/authController.js:62:15)

  console.log
    [AuthController] Login successful | userId: 68f985b67bc38b501dafd5de | role: passenger | correlationId: 2e6f63d1-92bb-4140-8cd3-d869ca2b06ae

      at AuthController.log [as login] (src/api/controllers/authController.js:89:15)

  console.log
    [AuthController] Response body: {
      id: '68f985b67bc38b501dafd5de',
      role: 'passenger',
      firstName: 'PassengerBookingTest',
      lastName: 'Passenger2'
    }

      at AuthController.log [as login] (src/api/controllers/authController.js:100:15)

  console.log
    {"type":"response","timestamp":"2025-10-23T01:32:39.273Z","correlationId":"2e6f63d1-92bb-4140-8cd3-d869ca2b06ae","method":"POST","path":"/auth/login","status":200,"latency":"165ms","userId":"anonymous"}

      at log (src/api/middlewares/structuredLogger.js:107:13)

  console.log
    {"type":"response","timestamp":"2025-10-23T01:32:39.274Z","correlationId":"2e6f63d1-92bb-4140-8cd3-d869ca2b06ae","method":"POST","path":"/auth/login","status":200,"latency":"166ms","userId":"anonymous"}

      at log (src/api/middlewares/structuredLogger.js:107:13)

::ffff:127.0.0.1 - - [23/Oct/2025:01:32:39 +0000] "POST /auth/login HTTP/1.1" 200 111 "-" "-"
  console.log
    {"type":"request","timestamp":"2025-10-23T01:32:40.302Z","correlationId":"4f3fc646-cb8e-4cd7-bfa4-8304483d397a","method":"POST","path":"/auth/login","ip":"::ffff:127.0.0.1","userId":"anonymous","userAgent":"unknown","query":{}}

      at log (src/api/middlewares/structuredLogger.js:80:11)

  console.log
    [AuthController] Login attempt for email domain: unisabana.edu.co | IP: ::ffff:127.0.0.1 | correlationId: 4f3fc646-cb8e-4cd7-bfa4-8304483d397a

      at AuthController.log [as login] (src/api/controllers/authController.js:62:15)

  console.log
    [AuthController] Login successful | userId: 68f985b87bc38b501dafd5ef | role: passenger | correlationId: 4f3fc646-cb8e-4cd7-bfa4-8304483d397a

      at AuthController.log [as login] (src/api/controllers/authController.js:89:15)

  console.log
    [AuthController] Response body: {
      id: '68f985b87bc38b501dafd5ef',
      role: 'passenger',
      firstName: 'PassengerBookingTest',
      lastName: 'Passenger1'
    }

      at AuthController.log [as login] (src/api/controllers/authController.js:100:15)

  console.log
    {"type":"response","timestamp":"2025-10-23T01:32:40.475Z","correlationId":"4f3fc646-cb8e-4cd7-bfa4-8304483d397a","method":"POST","path":"/auth/login","status":200,"latency":"173ms","userId":"anonymous"}

      at log (src/api/middlewares/structuredLogger.js:107:13)

  console.log
    {"type":"response","timestamp":"2025-10-23T01:32:40.475Z","correlationId":"4f3fc646-cb8e-4cd7-bfa4-8304483d397a","method":"POST","path":"/auth/login","status":200,"latency":"173ms","userId":"anonymous"}

      at log (src/api/middlewares/structuredLogger.js:107:13)

::ffff:127.0.0.1 - - [23/Oct/2025:01:32:40 +0000] "POST /auth/login HTTP/1.1" 200 111 "-" "-"
  console.log
    {"type":"request","timestamp":"2025-10-23T01:32:40.481Z","correlationId":"34165b98-fcca-4c9a-8230-7b03d387458f","method":"POST","path":"/auth/login","ip":"::ffff:127.0.0.1","userId":"anonymous","userAgent":"unknown","query":{}}

      at log (src/api/middlewares/structuredLogger.js:80:11)

  console.log
    [AuthController] Login attempt for email domain: unisabana.edu.co | IP: ::ffff:127.0.0.1 | correlationId: 34165b98-fcca-4c9a-8230-7b03d387458f

      at AuthController.log [as login] (src/api/controllers/authController.js:62:15)

  console.log
    [AuthController] Login successful | userId: 68f985b87bc38b501dafd5f1 | role: passenger | correlationId: 34165b98-fcca-4c9a-8230-7b03d387458f

      at AuthController.log [as login] (src/api/controllers/authController.js:89:15)

  console.log
    [AuthController] Response body: {
      id: '68f985b87bc38b501dafd5f1',
      role: 'passenger',
      firstName: 'PassengerBookingTest',
      lastName: 'Passenger2'
    }

      at AuthController.log [as login] (src/api/controllers/authController.js:100:15)

  console.log
    {"type":"response","timestamp":"2025-10-23T01:32:40.652Z","correlationId":"34165b98-fcca-4c9a-8230-7b03d387458f","method":"POST","path":"/auth/login","status":200,"latency":"171ms","userId":"anonymous"}

      at log (src/api/middlewares/structuredLogger.js:107:13)

  console.log
    {"type":"response","timestamp":"2025-10-23T01:32:40.653Z","correlationId":"34165b98-fcca-4c9a-8230-7b03d387458f","method":"POST","path":"/auth/login","status":200,"latency":"172ms","userId":"anonymous"}

      at log (src/api/middlewares/structuredLogger.js:107:13)

::ffff:127.0.0.1 - - [23/Oct/2025:01:32:40 +0000] "POST /auth/login HTTP/1.1" 200 111 "-" "-"
  console.log
    {"type":"request","timestamp":"2025-10-23T01:32:41.667Z","correlationId":"3f4b3600-6280-48a7-97c1-ffda834a7ddb","method":"POST","path":"/auth/login","ip":"::ffff:127.0.0.1","userId":"anonymous","userAgent":"unknown","query":{}}

      at log (src/api/middlewares/structuredLogger.js:80:11)

  console.log
    [AuthController] Login attempt for email domain: unisabana.edu.co | IP: ::ffff:127.0.0.1 | correlationId: 3f4b3600-6280-48a7-97c1-ffda834a7ddb

      at AuthController.log [as login] (src/api/controllers/authController.js:62:15)

  console.log
    [AuthController] Login successful | userId: 68f985b97bc38b501dafd602 | role: passenger | correlationId: 3f4b3600-6280-48a7-97c1-ffda834a7ddb

      at AuthController.log [as login] (src/api/controllers/authController.js:89:15)

  console.log
    [AuthController] Response body: {
      id: '68f985b97bc38b501dafd602',
      role: 'passenger',
      firstName: 'PassengerBookingTest',
      lastName: 'Passenger1'
    }

      at AuthController.log [as login] (src/api/controllers/authController.js:100:15)

  console.log
    {"type":"response","timestamp":"2025-10-23T01:32:41.833Z","correlationId":"3f4b3600-6280-48a7-97c1-ffda834a7ddb","method":"POST","path":"/auth/login","status":200,"latency":"166ms","userId":"anonymous"}

      at log (src/api/middlewares/structuredLogger.js:107:13)

  console.log
    {"type":"response","timestamp":"2025-10-23T01:32:41.834Z","correlationId":"3f4b3600-6280-48a7-97c1-ffda834a7ddb","method":"POST","path":"/auth/login","status":200,"latency":"167ms","userId":"anonymous"}

      at log (src/api/middlewares/structuredLogger.js:107:13)

::ffff:127.0.0.1 - - [23/Oct/2025:01:32:41 +0000] "POST /auth/login HTTP/1.1" 200 111 "-" "-"
  console.log
    {"type":"request","timestamp":"2025-10-23T01:32:41.838Z","correlationId":"fac013d0-2708-4171-9360-79fba078bf54","method":"POST","path":"/auth/login","ip":"::ffff:127.0.0.1","userId":"anonymous","userAgent":"unknown","query":{}}

      at log (src/api/middlewares/structuredLogger.js:80:11)

  console.log
    [AuthController] Login attempt for email domain: unisabana.edu.co | IP: ::ffff:127.0.0.1 | correlationId: fac013d0-2708-4171-9360-79fba078bf54

      at AuthController.log [as login] (src/api/controllers/authController.js:62:15)

  console.log
    [AuthController] Login successful | userId: 68f985b97bc38b501dafd604 | role: passenger | correlationId: fac013d0-2708-4171-9360-79fba078bf54

      at AuthController.log [as login] (src/api/controllers/authController.js:89:15)

  console.log
    [AuthController] Response body: {
      id: '68f985b97bc38b501dafd604',
      role: 'passenger',
      firstName: 'PassengerBookingTest',
      lastName: 'Passenger2'
    }

      at AuthController.log [as login] (src/api/controllers/authController.js:100:15)

  console.log
    {"type":"response","timestamp":"2025-10-23T01:32:42.014Z","correlationId":"fac013d0-2708-4171-9360-79fba078bf54","method":"POST","path":"/auth/login","status":200,"latency":"176ms","userId":"anonymous"}

      at log (src/api/middlewares/structuredLogger.js:107:13)

  console.log
    {"type":"response","timestamp":"2025-10-23T01:32:42.015Z","correlationId":"fac013d0-2708-4171-9360-79fba078bf54","method":"POST","path":"/auth/login","status":200,"latency":"177ms","userId":"anonymous"}

      at log (src/api/middlewares/structuredLogger.js:107:13)

::ffff:127.0.0.1 - - [23/Oct/2025:01:32:42 +0000] "POST /auth/login HTTP/1.1" 200 111 "-" "-"
  console.log
    {"type":"request","timestamp":"2025-10-23T01:32:43.020Z","correlationId":"7c042ffa-fcd3-4546-8714-29ff409b10dc","method":"POST","path":"/auth/login","ip":"::ffff:127.0.0.1","userId":"anonymous","userAgent":"unknown","query":{}}

      at log (src/api/middlewares/structuredLogger.js:80:11)

  console.log
    [AuthController] Login attempt for email domain: unisabana.edu.co | IP: ::ffff:127.0.0.1 | correlationId: 7c042ffa-fcd3-4546-8714-29ff409b10dc

      at AuthController.log [as login] (src/api/controllers/authController.js:62:15)

  console.log
    [AuthController] Login successful | userId: 68f985ba7bc38b501dafd615 | role: passenger | correlationId: 7c042ffa-fcd3-4546-8714-29ff409b10dc

      at AuthController.log [as login] (src/api/controllers/authController.js:89:15)

  console.log
    [AuthController] Response body: {
      id: '68f985ba7bc38b501dafd615',
      role: 'passenger',
      firstName: 'PassengerBookingTest',
      lastName: 'Passenger1'
    }

      at AuthController.log [as login] (src/api/controllers/authController.js:100:15)

  console.log
    {"type":"response","timestamp":"2025-10-23T01:32:43.189Z","correlationId":"7c042ffa-fcd3-4546-8714-29ff409b10dc","method":"POST","path":"/auth/login","status":200,"latency":"169ms","userId":"anonymous"}

      at log (src/api/middlewares/structuredLogger.js:107:13)

  console.log
    {"type":"response","timestamp":"2025-10-23T01:32:43.190Z","correlationId":"7c042ffa-fcd3-4546-8714-29ff409b10dc","method":"POST","path":"/auth/login","status":200,"latency":"170ms","userId":"anonymous"}

      at log (src/api/middlewares/structuredLogger.js:107:13)

::ffff:127.0.0.1 - - [23/Oct/2025:01:32:43 +0000] "POST /auth/login HTTP/1.1" 200 111 "-" "-"
  console.log
    {"type":"request","timestamp":"2025-10-23T01:32:43.199Z","correlationId":"1e8303c3-c686-4907-a0dc-382e0e865322","method":"POST","path":"/auth/login","ip":"::ffff:127.0.0.1","userId":"anonymous","userAgent":"unknown","query":{}}

      at log (src/api/middlewares/structuredLogger.js:80:11)

  console.log
    [AuthController] Login attempt for email domain: unisabana.edu.co | IP: ::ffff:127.0.0.1 | correlationId: 1e8303c3-c686-4907-a0dc-382e0e865322

      at AuthController.log [as login] (src/api/controllers/authController.js:62:15)

  console.log
    [AuthController] Login successful | userId: 68f985ba7bc38b501dafd617 | role: passenger | correlationId: 1e8303c3-c686-4907-a0dc-382e0e865322

      at AuthController.log [as login] (src/api/controllers/authController.js:89:15)

  console.log
    [AuthController] Response body: {
      id: '68f985ba7bc38b501dafd617',
      role: 'passenger',
      firstName: 'PassengerBookingTest',
      lastName: 'Passenger2'
    }

      at AuthController.log [as login] (src/api/controllers/authController.js:100:15)

  console.log
    {"type":"response","timestamp":"2025-10-23T01:32:43.363Z","correlationId":"1e8303c3-c686-4907-a0dc-382e0e865322","method":"POST","path":"/auth/login","status":200,"latency":"164ms","userId":"anonymous"}

      at log (src/api/middlewares/structuredLogger.js:107:13)

  console.log
    {"type":"response","timestamp":"2025-10-23T01:32:43.364Z","correlationId":"1e8303c3-c686-4907-a0dc-382e0e865322","method":"POST","path":"/auth/login","status":200,"latency":"165ms","userId":"anonymous"}

      at log (src/api/middlewares/structuredLogger.js:107:13)

::ffff:127.0.0.1 - - [23/Oct/2025:01:32:43 +0000] "POST /auth/login HTTP/1.1" 200 111 "-" "-"
  console.log
    {"type":"request","timestamp":"2025-10-23T01:32:44.409Z","correlationId":"0db30412-9e93-4524-b5bf-f1a90055ab6e","method":"POST","path":"/auth/login","ip":"::ffff:127.0.0.1","userId":"anonymous","userAgent":"unknown","query":{}}

      at log (src/api/middlewares/structuredLogger.js:80:11)

  console.log
    [AuthController] Login attempt for email domain: unisabana.edu.co | IP: ::ffff:127.0.0.1 | correlationId: 0db30412-9e93-4524-b5bf-f1a90055ab6e

      at AuthController.log [as login] (src/api/controllers/authController.js:62:15)

  console.log
    [AuthController] Login successful | userId: 68f985bc7bc38b501dafd628 | role: passenger | correlationId: 0db30412-9e93-4524-b5bf-f1a90055ab6e

      at AuthController.log [as login] (src/api/controllers/authController.js:89:15)

  console.log
    [AuthController] Response body: {
      id: '68f985bc7bc38b501dafd628',
      role: 'passenger',
      firstName: 'PassengerBookingTest',
      lastName: 'Passenger1'
    }

      at AuthController.log [as login] (src/api/controllers/authController.js:100:15)

  console.log
    {"type":"response","timestamp":"2025-10-23T01:32:44.571Z","correlationId":"0db30412-9e93-4524-b5bf-f1a90055ab6e","method":"POST","path":"/auth/login","status":200,"latency":"162ms","userId":"anonymous"}

      at log (src/api/middlewares/structuredLogger.js:107:13)

  console.log
    {"type":"response","timestamp":"2025-10-23T01:32:44.572Z","correlationId":"0db30412-9e93-4524-b5bf-f1a90055ab6e","method":"POST","path":"/auth/login","status":200,"latency":"163ms","userId":"anonymous"}

      at log (src/api/middlewares/structuredLogger.js:107:13)

::ffff:127.0.0.1 - - [23/Oct/2025:01:32:44 +0000] "POST /auth/login HTTP/1.1" 200 111 "-" "-"
  console.log
    {"type":"request","timestamp":"2025-10-23T01:32:44.577Z","correlationId":"50f07f5e-ab33-43e2-9f0b-e88eb4e23941","method":"POST","path":"/auth/login","ip":"::ffff:127.0.0.1","userId":"anonymous","userAgent":"unknown","query":{}}

      at log (src/api/middlewares/structuredLogger.js:80:11)

  console.log
    [AuthController] Login attempt for email domain: unisabana.edu.co | IP: ::ffff:127.0.0.1 | correlationId: 50f07f5e-ab33-43e2-9f0b-e88eb4e23941

      at AuthController.log [as login] (src/api/controllers/authController.js:62:15)

  console.log
    [AuthController] Login successful | userId: 68f985bc7bc38b501dafd62a | role: passenger | correlationId: 50f07f5e-ab33-43e2-9f0b-e88eb4e23941

      at AuthController.log [as login] (src/api/controllers/authController.js:89:15)

  console.log
    [AuthController] Response body: {
      id: '68f985bc7bc38b501dafd62a',
      role: 'passenger',
      firstName: 'PassengerBookingTest',
      lastName: 'Passenger2'
    }

      at AuthController.log [as login] (src/api/controllers/authController.js:100:15)

  console.log
    {"type":"response","timestamp":"2025-10-23T01:32:44.743Z","correlationId":"50f07f5e-ab33-43e2-9f0b-e88eb4e23941","method":"POST","path":"/auth/login","status":200,"latency":"166ms","userId":"anonymous"}

      at log (src/api/middlewares/structuredLogger.js:107:13)

  console.log
    {"type":"response","timestamp":"2025-10-23T01:32:44.744Z","correlationId":"50f07f5e-ab33-43e2-9f0b-e88eb4e23941","method":"POST","path":"/auth/login","status":200,"latency":"167ms","userId":"anonymous"}

      at log (src/api/middlewares/structuredLogger.js:107:13)

::ffff:127.0.0.1 - - [23/Oct/2025:01:32:44 +0000] "POST /auth/login HTTP/1.1" 200 111 "-" "-"
  console.log
    {"type":"request","timestamp":"2025-10-23T01:32:45.757Z","correlationId":"47a6e811-4d32-4009-a74a-7ff8b360c896","method":"POST","path":"/auth/login","ip":"::ffff:127.0.0.1","userId":"anonymous","userAgent":"unknown","query":{}}

      at log (src/api/middlewares/structuredLogger.js:80:11)

  console.log
    [AuthController] Login attempt for email domain: unisabana.edu.co | IP: ::ffff:127.0.0.1 | correlationId: 47a6e811-4d32-4009-a74a-7ff8b360c896

      at AuthController.log [as login] (src/api/controllers/authController.js:62:15)

  console.log
    [AuthController] Login successful | userId: 68f985bd7bc38b501dafd63b | role: passenger | correlationId: 47a6e811-4d32-4009-a74a-7ff8b360c896

      at AuthController.log [as login] (src/api/controllers/authController.js:89:15)

  console.log
    [AuthController] Response body: {
      id: '68f985bd7bc38b501dafd63b',
      role: 'passenger',
      firstName: 'PassengerBookingTest',
      lastName: 'Passenger1'
    }

      at AuthController.log [as login] (src/api/controllers/authController.js:100:15)

  console.log
    {"type":"response","timestamp":"2025-10-23T01:32:45.922Z","correlationId":"47a6e811-4d32-4009-a74a-7ff8b360c896","method":"POST","path":"/auth/login","status":200,"latency":"165ms","userId":"anonymous"}

      at log (src/api/middlewares/structuredLogger.js:107:13)

  console.log
    {"type":"response","timestamp":"2025-10-23T01:32:45.923Z","correlationId":"47a6e811-4d32-4009-a74a-7ff8b360c896","method":"POST","path":"/auth/login","status":200,"latency":"166ms","userId":"anonymous"}

      at log (src/api/middlewares/structuredLogger.js:107:13)

::ffff:127.0.0.1 - - [23/Oct/2025:01:32:45 +0000] "POST /auth/login HTTP/1.1" 200 111 "-" "-"
  console.log
    {"type":"request","timestamp":"2025-10-23T01:32:45.929Z","correlationId":"1a344d7c-4cf0-4b96-bf6d-500241426961","method":"POST","path":"/auth/login","ip":"::ffff:127.0.0.1","userId":"anonymous","userAgent":"unknown","query":{}}

      at log (src/api/middlewares/structuredLogger.js:80:11)

  console.log
    [AuthController] Login attempt for email domain: unisabana.edu.co | IP: ::ffff:127.0.0.1 | correlationId: 1a344d7c-4cf0-4b96-bf6d-500241426961

      at AuthController.log [as login] (src/api/controllers/authController.js:62:15)

  console.log
    [AuthController] Login successful | userId: 68f985bd7bc38b501dafd63d | role: passenger | correlationId: 1a344d7c-4cf0-4b96-bf6d-500241426961

      at AuthController.log [as login] (src/api/controllers/authController.js:89:15)

  console.log
    [AuthController] Response body: {
      id: '68f985bd7bc38b501dafd63d',
      role: 'passenger',
      firstName: 'PassengerBookingTest',
      lastName: 'Passenger2'
    }

      at AuthController.log [as login] (src/api/controllers/authController.js:100:15)

  console.log
    {"type":"response","timestamp":"2025-10-23T01:32:46.094Z","correlationId":"1a344d7c-4cf0-4b96-bf6d-500241426961","method":"POST","path":"/auth/login","status":200,"latency":"165ms","userId":"anonymous"}

      at log (src/api/middlewares/structuredLogger.js:107:13)

  console.log
    {"type":"response","timestamp":"2025-10-23T01:32:46.095Z","correlationId":"1a344d7c-4cf0-4b96-bf6d-500241426961","method":"POST","path":"/auth/login","status":200,"latency":"166ms","userId":"anonymous"}

      at log (src/api/middlewares/structuredLogger.js:107:13)

::ffff:127.0.0.1 - - [23/Oct/2025:01:32:46 +0000] "POST /auth/login HTTP/1.1" 200 111 "-" "-"
  console.log
    {"type":"request","timestamp":"2025-10-23T01:32:47.133Z","correlationId":"fb64dc12-2203-4586-9f19-87a007268bf0","method":"POST","path":"/auth/login","ip":"::ffff:127.0.0.1","userId":"anonymous","userAgent":"unknown","query":{}}

      at log (src/api/middlewares/structuredLogger.js:80:11)

  console.log
    [AuthController] Login attempt for email domain: unisabana.edu.co | IP: ::ffff:127.0.0.1 | correlationId: fb64dc12-2203-4586-9f19-87a007268bf0

      at AuthController.log [as login] (src/api/controllers/authController.js:62:15)

  console.log
    [AuthController] Login successful | userId: 68f985be7bc38b501dafd64e | role: passenger | correlationId: fb64dc12-2203-4586-9f19-87a007268bf0

      at AuthController.log [as login] (src/api/controllers/authController.js:89:15)

  console.log
    [AuthController] Response body: {
      id: '68f985be7bc38b501dafd64e',
      role: 'passenger',
      firstName: 'PassengerBookingTest',
      lastName: 'Passenger1'
    }

      at AuthController.log [as login] (src/api/controllers/authController.js:100:15)

  console.log
    {"type":"response","timestamp":"2025-10-23T01:32:47.304Z","correlationId":"fb64dc12-2203-4586-9f19-87a007268bf0","method":"POST","path":"/auth/login","status":200,"latency":"171ms","userId":"anonymous"}

      at log (src/api/middlewares/structuredLogger.js:107:13)

  console.log
    {"type":"response","timestamp":"2025-10-23T01:32:47.306Z","correlationId":"fb64dc12-2203-4586-9f19-87a007268bf0","method":"POST","path":"/auth/login","status":200,"latency":"173ms","userId":"anonymous"}

      at log (src/api/middlewares/structuredLogger.js:107:13)

::ffff:127.0.0.1 - - [23/Oct/2025:01:32:47 +0000] "POST /auth/login HTTP/1.1" 200 111 "-" "-"
  console.log
    {"type":"request","timestamp":"2025-10-23T01:32:47.315Z","correlationId":"8607af43-3c28-48b1-abfe-947e856a6756","method":"POST","path":"/auth/login","ip":"::ffff:127.0.0.1","userId":"anonymous","userAgent":"unknown","query":{}}

      at log (src/api/middlewares/structuredLogger.js:80:11)

  console.log
    [AuthController] Login attempt for email domain: unisabana.edu.co | IP: ::ffff:127.0.0.1 | correlationId: 8607af43-3c28-48b1-abfe-947e856a6756

      at AuthController.log [as login] (src/api/controllers/authController.js:62:15)

  console.log
    [AuthController] Login successful | userId: 68f985bf7bc38b501dafd650 | role: passenger | correlationId: 8607af43-3c28-48b1-abfe-947e856a6756

      at AuthController.log [as login] (src/api/controllers/authController.js:89:15)

  console.log
    [AuthController] Response body: {
      id: '68f985bf7bc38b501dafd650',
      role: 'passenger',
      firstName: 'PassengerBookingTest',
      lastName: 'Passenger2'
    }

      at AuthController.log [as login] (src/api/controllers/authController.js:100:15)

  console.log
    {"type":"response","timestamp":"2025-10-23T01:32:47.476Z","correlationId":"8607af43-3c28-48b1-abfe-947e856a6756","method":"POST","path":"/auth/login","status":200,"latency":"161ms","userId":"anonymous"}

      at log (src/api/middlewares/structuredLogger.js:107:13)

  console.log
    {"type":"response","timestamp":"2025-10-23T01:32:47.477Z","correlationId":"8607af43-3c28-48b1-abfe-947e856a6756","method":"POST","path":"/auth/login","status":200,"latency":"162ms","userId":"anonymous"}

      at log (src/api/middlewares/structuredLogger.js:107:13)

::ffff:127.0.0.1 - - [23/Oct/2025:01:32:47 +0000] "POST /auth/login HTTP/1.1" 200 111 "-" "-"
  console.log
    {"type":"request","timestamp":"2025-10-23T01:32:48.523Z","correlationId":"5044879e-0eff-405e-81b1-a4f1fd340b8b","method":"POST","path":"/auth/login","ip":"::ffff:127.0.0.1","userId":"anonymous","userAgent":"unknown","query":{}}

      at log (src/api/middlewares/structuredLogger.js:80:11)

  console.log
    [AuthController] Login attempt for email domain: unisabana.edu.co | IP: ::ffff:127.0.0.1 | correlationId: 5044879e-0eff-405e-81b1-a4f1fd340b8b

      at AuthController.log [as login] (src/api/controllers/authController.js:62:15)

  console.log
    [AuthController] Login successful | userId: 68f985c07bc38b501dafd661 | role: passenger | correlationId: 5044879e-0eff-405e-81b1-a4f1fd340b8b

      at AuthController.log [as login] (src/api/controllers/authController.js:89:15)

  console.log
    [AuthController] Response body: {
      id: '68f985c07bc38b501dafd661',
      role: 'passenger',
      firstName: 'PassengerBookingTest',
      lastName: 'Passenger1'
    }

      at AuthController.log [as login] (src/api/controllers/authController.js:100:15)

  console.log
    {"type":"response","timestamp":"2025-10-23T01:32:48.692Z","correlationId":"5044879e-0eff-405e-81b1-a4f1fd340b8b","method":"POST","path":"/auth/login","status":200,"latency":"169ms","userId":"anonymous"}

      at log (src/api/middlewares/structuredLogger.js:107:13)

  console.log
    {"type":"response","timestamp":"2025-10-23T01:32:48.693Z","correlationId":"5044879e-0eff-405e-81b1-a4f1fd340b8b","method":"POST","path":"/auth/login","status":200,"latency":"170ms","userId":"anonymous"}

      at log (src/api/middlewares/structuredLogger.js:107:13)

::ffff:127.0.0.1 - - [23/Oct/2025:01:32:48 +0000] "POST /auth/login HTTP/1.1" 200 111 "-" "-"
  console.log
    {"type":"request","timestamp":"2025-10-23T01:32:48.698Z","correlationId":"6e984e74-8caf-4b0e-b42a-3f7b95786f8d","method":"POST","path":"/auth/login","ip":"::ffff:127.0.0.1","userId":"anonymous","userAgent":"unknown","query":{}}

      at log (src/api/middlewares/structuredLogger.js:80:11)

  console.log
    [AuthController] Login attempt for email domain: unisabana.edu.co | IP: ::ffff:127.0.0.1 | correlationId: 6e984e74-8caf-4b0e-b42a-3f7b95786f8d

      at AuthController.log [as login] (src/api/controllers/authController.js:62:15)

  console.log
    [AuthController] Login successful | userId: 68f985c07bc38b501dafd663 | role: passenger | correlationId: 6e984e74-8caf-4b0e-b42a-3f7b95786f8d

      at AuthController.log [as login] (src/api/controllers/authController.js:89:15)

  console.log
    [AuthController] Response body: {
      id: '68f985c07bc38b501dafd663',
      role: 'passenger',
      firstName: 'PassengerBookingTest',
      lastName: 'Passenger2'
    }

      at AuthController.log [as login] (src/api/controllers/authController.js:100:15)

  console.log
    {"type":"response","timestamp":"2025-10-23T01:32:48.866Z","correlationId":"6e984e74-8caf-4b0e-b42a-3f7b95786f8d","method":"POST","path":"/auth/login","status":200,"latency":"168ms","userId":"anonymous"}

      at log (src/api/middlewares/structuredLogger.js:107:13)

  console.log
    {"type":"response","timestamp":"2025-10-23T01:32:48.867Z","correlationId":"6e984e74-8caf-4b0e-b42a-3f7b95786f8d","method":"POST","path":"/auth/login","status":200,"latency":"169ms","userId":"anonymous"}

      at log (src/api/middlewares/structuredLogger.js:107:13)

::ffff:127.0.0.1 - - [23/Oct/2025:01:32:48 +0000] "POST /auth/login HTTP/1.1" 200 111 "-" "-"
  console.log
    {"type":"request","timestamp":"2025-10-23T01:32:50.114Z","correlationId":"345fcb44-4736-4db9-b2b3-bca73009297f","method":"POST","path":"/auth/login","ip":"::ffff:127.0.0.1","userId":"anonymous","userAgent":"unknown","query":{}}

      at log (src/api/middlewares/structuredLogger.js:80:11)

  console.log
    [AuthController] Login attempt for email domain: unisabana.edu.co | IP: ::ffff:127.0.0.1 | correlationId: 345fcb44-4736-4db9-b2b3-bca73009297f

      at AuthController.log [as login] (src/api/controllers/authController.js:62:15)

  console.log
    [AuthController] Login successful | userId: 68f985c17bc38b501dafd674 | role: passenger | correlationId: 345fcb44-4736-4db9-b2b3-bca73009297f

      at AuthController.log [as login] (src/api/controllers/authController.js:89:15)

  console.log
    [AuthController] Response body: {
      id: '68f985c17bc38b501dafd674',
      role: 'passenger',
      firstName: 'PassengerBookingTest',
      lastName: 'Passenger1'
    }

      at AuthController.log [as login] (src/api/controllers/authController.js:100:15)

  console.log
    {"type":"response","timestamp":"2025-10-23T01:32:50.280Z","correlationId":"345fcb44-4736-4db9-b2b3-bca73009297f","method":"POST","path":"/auth/login","status":200,"latency":"166ms","userId":"anonymous"}

      at log (src/api/middlewares/structuredLogger.js:107:13)

  console.log
    {"type":"response","timestamp":"2025-10-23T01:32:50.280Z","correlationId":"345fcb44-4736-4db9-b2b3-bca73009297f","method":"POST","path":"/auth/login","status":200,"latency":"166ms","userId":"anonymous"}

      at log (src/api/middlewares/structuredLogger.js:107:13)

::ffff:127.0.0.1 - - [23/Oct/2025:01:32:50 +0000] "POST /auth/login HTTP/1.1" 200 111 "-" "-"
  console.log
    {"type":"request","timestamp":"2025-10-23T01:32:50.287Z","correlationId":"d1b67f73-b7ba-4cdd-9658-f3091f306710","method":"POST","path":"/auth/login","ip":"::ffff:127.0.0.1","userId":"anonymous","userAgent":"unknown","query":{}}

      at log (src/api/middlewares/structuredLogger.js:80:11)

  console.log
    [AuthController] Login attempt for email domain: unisabana.edu.co | IP: ::ffff:127.0.0.1 | correlationId: d1b67f73-b7ba-4cdd-9658-f3091f306710

      at AuthController.log [as login] (src/api/controllers/authController.js:62:15)

  console.log
    [AuthController] Login successful | userId: 68f985c27bc38b501dafd676 | role: passenger | correlationId: d1b67f73-b7ba-4cdd-9658-f3091f306710

      at AuthController.log [as login] (src/api/controllers/authController.js:89:15)

  console.log
    [AuthController] Response body: {
      id: '68f985c27bc38b501dafd676',
      role: 'passenger',
      firstName: 'PassengerBookingTest',
      lastName: 'Passenger2'
    }

      at AuthController.log [as login] (src/api/controllers/authController.js:100:15)

  console.log
    {"type":"response","timestamp":"2025-10-23T01:32:50.453Z","correlationId":"d1b67f73-b7ba-4cdd-9658-f3091f306710","method":"POST","path":"/auth/login","status":200,"latency":"166ms","userId":"anonymous"}

      at log (src/api/middlewares/structuredLogger.js:107:13)

  console.log
    {"type":"response","timestamp":"2025-10-23T01:32:50.454Z","correlationId":"d1b67f73-b7ba-4cdd-9658-f3091f306710","method":"POST","path":"/auth/login","status":200,"latency":"167ms","userId":"anonymous"}

      at log (src/api/middlewares/structuredLogger.js:107:13)

::ffff:127.0.0.1 - - [23/Oct/2025:01:32:50 +0000] "POST /auth/login HTTP/1.1" 200 111 "-" "-"
  console.log
    {"type":"request","timestamp":"2025-10-23T01:32:51.485Z","correlationId":"6d8de736-4df4-41eb-ab68-953f13792368","method":"POST","path":"/auth/login","ip":"::ffff:127.0.0.1","userId":"anonymous","userAgent":"unknown","query":{}}

      at log (src/api/middlewares/structuredLogger.js:80:11)

  console.log
    [AuthController] Login attempt for email domain: unisabana.edu.co | IP: ::ffff:127.0.0.1 | correlationId: 6d8de736-4df4-41eb-ab68-953f13792368

      at AuthController.log [as login] (src/api/controllers/authController.js:62:15)

  console.log
    [AuthController] Login successful | userId: 68f985c37bc38b501dafd687 | role: passenger | correlationId: 6d8de736-4df4-41eb-ab68-953f13792368

      at AuthController.log [as login] (src/api/controllers/authController.js:89:15)

  console.log
    [AuthController] Response body: {
      id: '68f985c37bc38b501dafd687',
      role: 'passenger',
      firstName: 'PassengerBookingTest',
      lastName: 'Passenger1'
    }

      at AuthController.log [as login] (src/api/controllers/authController.js:100:15)

  console.log
    {"type":"response","timestamp":"2025-10-23T01:32:51.654Z","correlationId":"6d8de736-4df4-41eb-ab68-953f13792368","method":"POST","path":"/auth/login","status":200,"latency":"169ms","userId":"anonymous"}

      at log (src/api/middlewares/structuredLogger.js:107:13)

  console.log
    {"type":"response","timestamp":"2025-10-23T01:32:51.654Z","correlationId":"6d8de736-4df4-41eb-ab68-953f13792368","method":"POST","path":"/auth/login","status":200,"latency":"169ms","userId":"anonymous"}

      at log (src/api/middlewares/structuredLogger.js:107:13)

::ffff:127.0.0.1 - - [23/Oct/2025:01:32:51 +0000] "POST /auth/login HTTP/1.1" 200 111 "-" "-"
  console.log
    {"type":"request","timestamp":"2025-10-23T01:32:51.660Z","correlationId":"352fa47d-cf44-484e-a8be-6cec67dd2e3e","method":"POST","path":"/auth/login","ip":"::ffff:127.0.0.1","userId":"anonymous","userAgent":"unknown","query":{}}

      at log (src/api/middlewares/structuredLogger.js:80:11)

  console.log
    [AuthController] Login attempt for email domain: unisabana.edu.co | IP: ::ffff:127.0.0.1 | correlationId: 352fa47d-cf44-484e-a8be-6cec67dd2e3e

      at AuthController.log [as login] (src/api/controllers/authController.js:62:15)

  console.log
    [AuthController] Login successful | userId: 68f985c37bc38b501dafd689 | role: passenger | correlationId: 352fa47d-cf44-484e-a8be-6cec67dd2e3e

      at AuthController.log [as login] (src/api/controllers/authController.js:89:15)

  console.log
    [AuthController] Response body: {
      id: '68f985c37bc38b501dafd689',
      role: 'passenger',
      firstName: 'PassengerBookingTest',
      lastName: 'Passenger2'
    }

      at AuthController.log [as login] (src/api/controllers/authController.js:100:15)

  console.log
    {"type":"response","timestamp":"2025-10-23T01:32:51.828Z","correlationId":"352fa47d-cf44-484e-a8be-6cec67dd2e3e","method":"POST","path":"/auth/login","status":200,"latency":"168ms","userId":"anonymous"}

      at log (src/api/middlewares/structuredLogger.js:107:13)

  console.log
    {"type":"response","timestamp":"2025-10-23T01:32:51.829Z","correlationId":"352fa47d-cf44-484e-a8be-6cec67dd2e3e","method":"POST","path":"/auth/login","status":200,"latency":"169ms","userId":"anonymous"}

      at log (src/api/middlewares/structuredLogger.js:107:13)

::ffff:127.0.0.1 - - [23/Oct/2025:01:32:51 +0000] "POST /auth/login HTTP/1.1" 200 111 "-" "-"
  console.log
    {"type":"request","timestamp":"2025-10-23T01:32:52.867Z","correlationId":"721a4dcf-6752-4136-91e3-d44ee038d756","method":"POST","path":"/auth/login","ip":"::ffff:127.0.0.1","userId":"anonymous","userAgent":"unknown","query":{}}

      at log (src/api/middlewares/structuredLogger.js:80:11)

  console.log
    [AuthController] Login attempt for email domain: unisabana.edu.co | IP: ::ffff:127.0.0.1 | correlationId: 721a4dcf-6752-4136-91e3-d44ee038d756

      at AuthController.log [as login] (src/api/controllers/authController.js:62:15)

  console.log
    [AuthController] Login successful | userId: 68f985c47bc38b501dafd69a | role: passenger | correlationId: 721a4dcf-6752-4136-91e3-d44ee038d756

      at AuthController.log [as login] (src/api/controllers/authController.js:89:15)

  console.log
    [AuthController] Response body: {
      id: '68f985c47bc38b501dafd69a',
      role: 'passenger',
      firstName: 'PassengerBookingTest',
      lastName: 'Passenger1'
    }

      at AuthController.log [as login] (src/api/controllers/authController.js:100:15)

  console.log
    {"type":"response","timestamp":"2025-10-23T01:32:53.033Z","correlationId":"721a4dcf-6752-4136-91e3-d44ee038d756","method":"POST","path":"/auth/login","status":200,"latency":"166ms","userId":"anonymous"}

      at log (src/api/middlewares/structuredLogger.js:107:13)

  console.log
    {"type":"response","timestamp":"2025-10-23T01:32:53.034Z","correlationId":"721a4dcf-6752-4136-91e3-d44ee038d756","method":"POST","path":"/auth/login","status":200,"latency":"167ms","userId":"anonymous"}

      at log (src/api/middlewares/structuredLogger.js:107:13)

::ffff:127.0.0.1 - - [23/Oct/2025:01:32:53 +0000] "POST /auth/login HTTP/1.1" 200 111 "-" "-"
  console.log
    {"type":"request","timestamp":"2025-10-23T01:32:53.040Z","correlationId":"532803a3-5e81-48e2-87b9-162227449db6","method":"POST","path":"/auth/login","ip":"::ffff:127.0.0.1","userId":"anonymous","userAgent":"unknown","query":{}}

      at log (src/api/middlewares/structuredLogger.js:80:11)

  console.log
    [AuthController] Login attempt for email domain: unisabana.edu.co | IP: ::ffff:127.0.0.1 | correlationId: 532803a3-5e81-48e2-87b9-162227449db6

      at AuthController.log [as login] (src/api/controllers/authController.js:62:15)

  console.log
    [AuthController] Login successful | userId: 68f985c47bc38b501dafd69c | role: passenger | correlationId: 532803a3-5e81-48e2-87b9-162227449db6

      at AuthController.log [as login] (src/api/controllers/authController.js:89:15)

  console.log
    [AuthController] Response body: {
      id: '68f985c47bc38b501dafd69c',
      role: 'passenger',
      firstName: 'PassengerBookingTest',
      lastName: 'Passenger2'
    }

      at AuthController.log [as login] (src/api/controllers/authController.js:100:15)

  console.log
    {"type":"response","timestamp":"2025-10-23T01:32:53.206Z","correlationId":"532803a3-5e81-48e2-87b9-162227449db6","method":"POST","path":"/auth/login","status":200,"latency":"166ms","userId":"anonymous"}

      at log (src/api/middlewares/structuredLogger.js:107:13)

  console.log
    {"type":"response","timestamp":"2025-10-23T01:32:53.207Z","correlationId":"532803a3-5e81-48e2-87b9-162227449db6","method":"POST","path":"/auth/login","status":200,"latency":"167ms","userId":"anonymous"}

      at log (src/api/middlewares/structuredLogger.js:107:13)

::ffff:127.0.0.1 - - [23/Oct/2025:01:32:53 +0000] "POST /auth/login HTTP/1.1" 200 111 "-" "-"
  console.log
    {"type":"request","timestamp":"2025-10-23T01:32:54.225Z","correlationId":"de5a0084-178a-41d5-ae82-e0a69750472d","method":"POST","path":"/auth/login","ip":"::ffff:127.0.0.1","userId":"anonymous","userAgent":"unknown","query":{}}

      at log (src/api/middlewares/structuredLogger.js:80:11)

  console.log
    [AuthController] Login attempt for email domain: unisabana.edu.co | IP: ::ffff:127.0.0.1 | correlationId: de5a0084-178a-41d5-ae82-e0a69750472d

      at AuthController.log [as login] (src/api/controllers/authController.js:62:15)

  console.log
    [AuthController] Login successful | userId: 68f985c67bc38b501dafd6ad | role: passenger | correlationId: de5a0084-178a-41d5-ae82-e0a69750472d

      at AuthController.log [as login] (src/api/controllers/authController.js:89:15)

  console.log
    [AuthController] Response body: {
      id: '68f985c67bc38b501dafd6ad',
      role: 'passenger',
      firstName: 'PassengerBookingTest',
      lastName: 'Passenger1'
    }

      at AuthController.log [as login] (src/api/controllers/authController.js:100:15)

  console.log
    {"type":"response","timestamp":"2025-10-23T01:32:54.401Z","correlationId":"de5a0084-178a-41d5-ae82-e0a69750472d","method":"POST","path":"/auth/login","status":200,"latency":"176ms","userId":"anonymous"}

      at log (src/api/middlewares/structuredLogger.js:107:13)

  console.log
    {"type":"response","timestamp":"2025-10-23T01:32:54.403Z","correlationId":"de5a0084-178a-41d5-ae82-e0a69750472d","method":"POST","path":"/auth/login","status":200,"latency":"178ms","userId":"anonymous"}

      at log (src/api/middlewares/structuredLogger.js:107:13)

::ffff:127.0.0.1 - - [23/Oct/2025:01:32:54 +0000] "POST /auth/login HTTP/1.1" 200 111 "-" "-"
  console.log
    {"type":"request","timestamp":"2025-10-23T01:32:54.414Z","correlationId":"92421c83-d120-4331-885e-f29ec201f267","method":"POST","path":"/auth/login","ip":"::ffff:127.0.0.1","userId":"anonymous","userAgent":"unknown","query":{}}

      at log (src/api/middlewares/structuredLogger.js:80:11)

  console.log
    [AuthController] Login attempt for email domain: unisabana.edu.co | IP: ::ffff:127.0.0.1 | correlationId: 92421c83-d120-4331-885e-f29ec201f267

      at AuthController.log [as login] (src/api/controllers/authController.js:62:15)

  console.log
    [AuthController] Login successful | userId: 68f985c67bc38b501dafd6af | role: passenger | correlationId: 92421c83-d120-4331-885e-f29ec201f267

      at AuthController.log [as login] (src/api/controllers/authController.js:89:15)

  console.log
    [AuthController] Response body: {
      id: '68f985c67bc38b501dafd6af',
      role: 'passenger',
      firstName: 'PassengerBookingTest',
      lastName: 'Passenger2'
    }

      at AuthController.log [as login] (src/api/controllers/authController.js:100:15)

  console.log
    {"type":"response","timestamp":"2025-10-23T01:32:54.583Z","correlationId":"92421c83-d120-4331-885e-f29ec201f267","method":"POST","path":"/auth/login","status":200,"latency":"169ms","userId":"anonymous"}

      at log (src/api/middlewares/structuredLogger.js:107:13)

  console.log
    {"type":"response","timestamp":"2025-10-23T01:32:54.584Z","correlationId":"92421c83-d120-4331-885e-f29ec201f267","method":"POST","path":"/auth/login","status":200,"latency":"170ms","userId":"anonymous"}

      at log (src/api/middlewares/structuredLogger.js:107:13)

::ffff:127.0.0.1 - - [23/Oct/2025:01:32:54 +0000] "POST /auth/login HTTP/1.1" 200 111 "-" "-"
  console.log
    {"type":"request","timestamp":"2025-10-23T01:32:55.608Z","correlationId":"c514c7ed-c500-425b-9d00-45ea26003b5b","method":"POST","path":"/auth/login","ip":"::ffff:127.0.0.1","userId":"anonymous","userAgent":"unknown","query":{}}

      at log (src/api/middlewares/structuredLogger.js:80:11)

  console.log
    [AuthController] Login attempt for email domain: unisabana.edu.co | IP: ::ffff:127.0.0.1 | correlationId: c514c7ed-c500-425b-9d00-45ea26003b5b

      at AuthController.log [as login] (src/api/controllers/authController.js:62:15)

  console.log
    [AuthController] Login successful | userId: 68f985c77bc38b501dafd6c0 | role: passenger | correlationId: c514c7ed-c500-425b-9d00-45ea26003b5b

      at AuthController.log [as login] (src/api/controllers/authController.js:89:15)

  console.log
    [AuthController] Response body: {
      id: '68f985c77bc38b501dafd6c0',
      role: 'passenger',
      firstName: 'PassengerBookingTest',
      lastName: 'Passenger1'
    }

      at AuthController.log [as login] (src/api/controllers/authController.js:100:15)

  console.log
    {"type":"response","timestamp":"2025-10-23T01:32:55.800Z","correlationId":"c514c7ed-c500-425b-9d00-45ea26003b5b","method":"POST","path":"/auth/login","status":200,"latency":"192ms","userId":"anonymous"}

      at log (src/api/middlewares/structuredLogger.js:107:13)

  console.log
    {"type":"response","timestamp":"2025-10-23T01:32:55.803Z","correlationId":"c514c7ed-c500-425b-9d00-45ea26003b5b","method":"POST","path":"/auth/login","status":200,"latency":"195ms","userId":"anonymous"}

      at log (src/api/middlewares/structuredLogger.js:107:13)

::ffff:127.0.0.1 - - [23/Oct/2025:01:32:55 +0000] "POST /auth/login HTTP/1.1" 200 111 "-" "-"
  console.log
    {"type":"request","timestamp":"2025-10-23T01:32:55.815Z","correlationId":"51609ac8-81c3-4429-bba7-9433bf780883","method":"POST","path":"/auth/login","ip":"::ffff:127.0.0.1","userId":"anonymous","userAgent":"unknown","query":{}}

      at log (src/api/middlewares/structuredLogger.js:80:11)

  console.log
    [AuthController] Login attempt for email domain: unisabana.edu.co | IP: ::ffff:127.0.0.1 | correlationId: 51609ac8-81c3-4429-bba7-9433bf780883

      at AuthController.log [as login] (src/api/controllers/authController.js:62:15)

  console.log
    [AuthController] Login successful | userId: 68f985c77bc38b501dafd6c2 | role: passenger | correlationId: 51609ac8-81c3-4429-bba7-9433bf780883

      at AuthController.log [as login] (src/api/controllers/authController.js:89:15)

  console.log
    [AuthController] Response body: {
      id: '68f985c77bc38b501dafd6c2',
      role: 'passenger',
      firstName: 'PassengerBookingTest',
      lastName: 'Passenger2'
    }

      at AuthController.log [as login] (src/api/controllers/authController.js:100:15)

  console.log
    {"type":"response","timestamp":"2025-10-23T01:32:55.992Z","correlationId":"51609ac8-81c3-4429-bba7-9433bf780883","method":"POST","path":"/auth/login","status":200,"latency":"177ms","userId":"anonymous"}

      at log (src/api/middlewares/structuredLogger.js:107:13)

  console.log
    {"type":"response","timestamp":"2025-10-23T01:32:55.994Z","correlationId":"51609ac8-81c3-4429-bba7-9433bf780883","method":"POST","path":"/auth/login","status":200,"latency":"179ms","userId":"anonymous"}

      at log (src/api/middlewares/structuredLogger.js:107:13)

::ffff:127.0.0.1 - - [23/Oct/2025:01:32:55 +0000] "POST /auth/login HTTP/1.1" 200 111 "-" "-"
  console.log
    {"type":"request","timestamp":"2025-10-23T01:32:57.240Z","correlationId":"f4975baf-cc9d-4a9c-b025-94fef9bc2c60","method":"POST","path":"/auth/login","ip":"::ffff:127.0.0.1","userId":"anonymous","userAgent":"unknown","query":{}}

      at log (src/api/middlewares/structuredLogger.js:80:11)

  console.log
    [AuthController] Login attempt for email domain: unisabana.edu.co | IP: ::ffff:127.0.0.1 | correlationId: f4975baf-cc9d-4a9c-b025-94fef9bc2c60

      at AuthController.log [as login] (src/api/controllers/authController.js:62:15)

  console.log
    [AuthController] Login successful | userId: 68f985c97bc38b501dafd6d3 | role: passenger | correlationId: f4975baf-cc9d-4a9c-b025-94fef9bc2c60

      at AuthController.log [as login] (src/api/controllers/authController.js:89:15)

  console.log
    [AuthController] Response body: {
      id: '68f985c97bc38b501dafd6d3',
      role: 'passenger',
      firstName: 'PassengerBookingTest',
      lastName: 'Passenger1'
    }

      at AuthController.log [as login] (src/api/controllers/authController.js:100:15)

  console.log
    {"type":"response","timestamp":"2025-10-23T01:32:57.417Z","correlationId":"f4975baf-cc9d-4a9c-b025-94fef9bc2c60","method":"POST","path":"/auth/login","status":200,"latency":"177ms","userId":"anonymous"}

      at log (src/api/middlewares/structuredLogger.js:107:13)

  console.log
    {"type":"response","timestamp":"2025-10-23T01:32:57.418Z","correlationId":"f4975baf-cc9d-4a9c-b025-94fef9bc2c60","method":"POST","path":"/auth/login","status":200,"latency":"178ms","userId":"anonymous"}

      at log (src/api/middlewares/structuredLogger.js:107:13)

::ffff:127.0.0.1 - - [23/Oct/2025:01:32:57 +0000] "POST /auth/login HTTP/1.1" 200 111 "-" "-"
  console.log
    {"type":"request","timestamp":"2025-10-23T01:32:57.424Z","correlationId":"f273abfc-7d50-4e27-ba6c-d0a571fbfd0a","method":"POST","path":"/auth/login","ip":"::ffff:127.0.0.1","userId":"anonymous","userAgent":"unknown","query":{}}

      at log (src/api/middlewares/structuredLogger.js:80:11)

  console.log
    [AuthController] Login attempt for email domain: unisabana.edu.co | IP: ::ffff:127.0.0.1 | correlationId: f273abfc-7d50-4e27-ba6c-d0a571fbfd0a

      at AuthController.log [as login] (src/api/controllers/authController.js:62:15)

  console.log
    [AuthController] Login successful | userId: 68f985c97bc38b501dafd6d5 | role: passenger | correlationId: f273abfc-7d50-4e27-ba6c-d0a571fbfd0a

      at AuthController.log [as login] (src/api/controllers/authController.js:89:15)

  console.log
    [AuthController] Response body: {
      id: '68f985c97bc38b501dafd6d5',
      role: 'passenger',
      firstName: 'PassengerBookingTest',
      lastName: 'Passenger2'
    }

      at AuthController.log [as login] (src/api/controllers/authController.js:100:15)

  console.log
    {"type":"response","timestamp":"2025-10-23T01:32:57.595Z","correlationId":"f273abfc-7d50-4e27-ba6c-d0a571fbfd0a","method":"POST","path":"/auth/login","status":200,"latency":"171ms","userId":"anonymous"}

      at log (src/api/middlewares/structuredLogger.js:107:13)

  console.log
    {"type":"response","timestamp":"2025-10-23T01:32:57.596Z","correlationId":"f273abfc-7d50-4e27-ba6c-d0a571fbfd0a","method":"POST","path":"/auth/login","status":200,"latency":"172ms","userId":"anonymous"}

      at log (src/api/middlewares/structuredLogger.js:107:13)

::ffff:127.0.0.1 - - [23/Oct/2025:01:32:57 +0000] "POST /auth/login HTTP/1.1" 200 111 "-" "-"
  console.log
    {"type":"request","timestamp":"2025-10-23T01:32:58.618Z","correlationId":"ff84a94c-a2db-4ce0-adea-f053a1e0fb84","method":"POST","path":"/auth/login","ip":"::ffff:127.0.0.1","userId":"anonymous","userAgent":"unknown","query":{}}

      at log (src/api/middlewares/structuredLogger.js:80:11)

  console.log
    [AuthController] Login attempt for email domain: unisabana.edu.co | IP: ::ffff:127.0.0.1 | correlationId: ff84a94c-a2db-4ce0-adea-f053a1e0fb84

      at AuthController.log [as login] (src/api/controllers/authController.js:62:15)

  console.log
    [AuthController] Login successful | userId: 68f985ca7bc38b501dafd6e6 | role: passenger | correlationId: ff84a94c-a2db-4ce0-adea-f053a1e0fb84

      at AuthController.log [as login] (src/api/controllers/authController.js:89:15)

  console.log
    [AuthController] Response body: {
      id: '68f985ca7bc38b501dafd6e6',
      role: 'passenger',
      firstName: 'PassengerBookingTest',
      lastName: 'Passenger1'
    }

      at AuthController.log [as login] (src/api/controllers/authController.js:100:15)

  console.log
    {"type":"response","timestamp":"2025-10-23T01:32:58.782Z","correlationId":"ff84a94c-a2db-4ce0-adea-f053a1e0fb84","method":"POST","path":"/auth/login","status":200,"latency":"164ms","userId":"anonymous"}

      at log (src/api/middlewares/structuredLogger.js:107:13)

  console.log
    {"type":"response","timestamp":"2025-10-23T01:32:58.782Z","correlationId":"ff84a94c-a2db-4ce0-adea-f053a1e0fb84","method":"POST","path":"/auth/login","status":200,"latency":"164ms","userId":"anonymous"}

      at log (src/api/middlewares/structuredLogger.js:107:13)

::ffff:127.0.0.1 - - [23/Oct/2025:01:32:58 +0000] "POST /auth/login HTTP/1.1" 200 111 "-" "-"
  console.log
    {"type":"request","timestamp":"2025-10-23T01:32:58.789Z","correlationId":"80055bf3-e742-496c-9365-28abc4e9a1fc","method":"POST","path":"/auth/login","ip":"::ffff:127.0.0.1","userId":"anonymous","userAgent":"unknown","query":{}}

      at log (src/api/middlewares/structuredLogger.js:80:11)

  console.log
    [AuthController] Login attempt for email domain: unisabana.edu.co | IP: ::ffff:127.0.0.1 | correlationId: 80055bf3-e742-496c-9365-28abc4e9a1fc

      at AuthController.log [as login] (src/api/controllers/authController.js:62:15)

  console.log
    [AuthController] Login successful | userId: 68f985ca7bc38b501dafd6e8 | role: passenger | correlationId: 80055bf3-e742-496c-9365-28abc4e9a1fc

      at AuthController.log [as login] (src/api/controllers/authController.js:89:15)

  console.log
    [AuthController] Response body: {
      id: '68f985ca7bc38b501dafd6e8',
      role: 'passenger',
      firstName: 'PassengerBookingTest',
      lastName: 'Passenger2'
    }

      at AuthController.log [as login] (src/api/controllers/authController.js:100:15)

  console.log
    {"type":"response","timestamp":"2025-10-23T01:32:58.958Z","correlationId":"80055bf3-e742-496c-9365-28abc4e9a1fc","method":"POST","path":"/auth/login","status":200,"latency":"169ms","userId":"anonymous"}

      at log (src/api/middlewares/structuredLogger.js:107:13)

  console.log
    {"type":"response","timestamp":"2025-10-23T01:32:58.958Z","correlationId":"80055bf3-e742-496c-9365-28abc4e9a1fc","method":"POST","path":"/auth/login","status":200,"latency":"169ms","userId":"anonymous"}

      at log (src/api/middlewares/structuredLogger.js:107:13)

::ffff:127.0.0.1 - - [23/Oct/2025:01:32:58 +0000] "POST /auth/login HTTP/1.1" 200 111 "-" "-"
  console.log
    {"type":"request","timestamp":"2025-10-23T01:32:59.981Z","correlationId":"d8f4ced1-855b-4807-ad02-09c247780388","method":"POST","path":"/auth/login","ip":"::ffff:127.0.0.1","userId":"anonymous","userAgent":"unknown","query":{}}

      at log (src/api/middlewares/structuredLogger.js:80:11)

  console.log
    [AuthController] Login attempt for email domain: unisabana.edu.co | IP: ::ffff:127.0.0.1 | correlationId: d8f4ced1-855b-4807-ad02-09c247780388

      at AuthController.log [as login] (src/api/controllers/authController.js:62:15)

  console.log
    [AuthController] Login successful | userId: 68f985cb7bc38b501dafd6f9 | role: passenger | correlationId: d8f4ced1-855b-4807-ad02-09c247780388

      at AuthController.log [as login] (src/api/controllers/authController.js:89:15)

  console.log
    [AuthController] Response body: {
      id: '68f985cb7bc38b501dafd6f9',
      role: 'passenger',
      firstName: 'PassengerBookingTest',
      lastName: 'Passenger1'
    }

      at AuthController.log [as login] (src/api/controllers/authController.js:100:15)

  console.log
    {"type":"response","timestamp":"2025-10-23T01:33:00.142Z","correlationId":"d8f4ced1-855b-4807-ad02-09c247780388","method":"POST","path":"/auth/login","status":200,"latency":"161ms","userId":"anonymous"}

      at log (src/api/middlewares/structuredLogger.js:107:13)

  console.log
    {"type":"response","timestamp":"2025-10-23T01:33:00.143Z","correlationId":"d8f4ced1-855b-4807-ad02-09c247780388","method":"POST","path":"/auth/login","status":200,"latency":"162ms","userId":"anonymous"}

      at log (src/api/middlewares/structuredLogger.js:107:13)

::ffff:127.0.0.1 - - [23/Oct/2025:01:33:00 +0000] "POST /auth/login HTTP/1.1" 200 111 "-" "-"
  console.log
    {"type":"request","timestamp":"2025-10-23T01:33:00.149Z","correlationId":"42df7553-2da2-4f24-b183-9a51d149931c","method":"POST","path":"/auth/login","ip":"::ffff:127.0.0.1","userId":"anonymous","userAgent":"unknown","query":{}}

      at log (src/api/middlewares/structuredLogger.js:80:11)

  console.log
    [AuthController] Login attempt for email domain: unisabana.edu.co | IP: ::ffff:127.0.0.1 | correlationId: 42df7553-2da2-4f24-b183-9a51d149931c

      at AuthController.log [as login] (src/api/controllers/authController.js:62:15)

  console.log
    [AuthController] Login successful | userId: 68f985cb7bc38b501dafd6fb | role: passenger | correlationId: 42df7553-2da2-4f24-b183-9a51d149931c

      at AuthController.log [as login] (src/api/controllers/authController.js:89:15)

  console.log
    [AuthController] Response body: {
      id: '68f985cb7bc38b501dafd6fb',
      role: 'passenger',
      firstName: 'PassengerBookingTest',
      lastName: 'Passenger2'
    }

      at AuthController.log [as login] (src/api/controllers/authController.js:100:15)

  console.log
    {"type":"response","timestamp":"2025-10-23T01:33:00.311Z","correlationId":"42df7553-2da2-4f24-b183-9a51d149931c","method":"POST","path":"/auth/login","status":200,"latency":"162ms","userId":"anonymous"}

      at log (src/api/middlewares/structuredLogger.js:107:13)

  console.log
    {"type":"response","timestamp":"2025-10-23T01:33:00.311Z","correlationId":"42df7553-2da2-4f24-b183-9a51d149931c","method":"POST","path":"/auth/login","status":200,"latency":"162ms","userId":"anonymous"}

      at log (src/api/middlewares/structuredLogger.js:107:13)

::ffff:127.0.0.1 - - [23/Oct/2025:01:33:00 +0000] "POST /auth/login HTTP/1.1" 200 111 "-" "-"
  console.log
    {"type":"request","timestamp":"2025-10-23T01:33:01.350Z","correlationId":"da7d0827-5e6d-41c0-be06-da1162cca722","method":"POST","path":"/auth/login","ip":"::ffff:127.0.0.1","userId":"anonymous","userAgent":"unknown","query":{}}

      at log (src/api/middlewares/structuredLogger.js:80:11)

  console.log
    [AuthController] Login attempt for email domain: unisabana.edu.co | IP: ::ffff:127.0.0.1 | correlationId: da7d0827-5e6d-41c0-be06-da1162cca722

      at AuthController.log [as login] (src/api/controllers/authController.js:62:15)

  console.log
    [AuthController] Login successful | userId: 68f985cd7bc38b501dafd70c | role: passenger | correlationId: da7d0827-5e6d-41c0-be06-da1162cca722

      at AuthController.log [as login] (src/api/controllers/authController.js:89:15)

  console.log
    [AuthController] Response body: {
      id: '68f985cd7bc38b501dafd70c',
      role: 'passenger',
      firstName: 'PassengerBookingTest',
      lastName: 'Passenger1'
    }

      at AuthController.log [as login] (src/api/controllers/authController.js:100:15)

  console.log
    {"type":"response","timestamp":"2025-10-23T01:33:01.517Z","correlationId":"da7d0827-5e6d-41c0-be06-da1162cca722","method":"POST","path":"/auth/login","status":200,"latency":"167ms","userId":"anonymous"}

      at log (src/api/middlewares/structuredLogger.js:107:13)

  console.log
    {"type":"response","timestamp":"2025-10-23T01:33:01.518Z","correlationId":"da7d0827-5e6d-41c0-be06-da1162cca722","method":"POST","path":"/auth/login","status":200,"latency":"168ms","userId":"anonymous"}

      at log (src/api/middlewares/structuredLogger.js:107:13)

::ffff:127.0.0.1 - - [23/Oct/2025:01:33:01 +0000] "POST /auth/login HTTP/1.1" 200 111 "-" "-"
  console.log
    {"type":"request","timestamp":"2025-10-23T01:33:01.525Z","correlationId":"92808a23-e5f1-4b61-a4d8-5db1aedca2c0","method":"POST","path":"/auth/login","ip":"::ffff:127.0.0.1","userId":"anonymous","userAgent":"unknown","query":{}}

      at log (src/api/middlewares/structuredLogger.js:80:11)

  console.log
    [AuthController] Login attempt for email domain: unisabana.edu.co | IP: ::ffff:127.0.0.1 | correlationId: 92808a23-e5f1-4b61-a4d8-5db1aedca2c0

      at AuthController.log [as login] (src/api/controllers/authController.js:62:15)

  console.log
    [AuthController] Login successful | userId: 68f985cd7bc38b501dafd70e | role: passenger | correlationId: 92808a23-e5f1-4b61-a4d8-5db1aedca2c0

      at AuthController.log [as login] (src/api/controllers/authController.js:89:15)

  console.log
    [AuthController] Response body: {
      id: '68f985cd7bc38b501dafd70e',
      role: 'passenger',
      firstName: 'PassengerBookingTest',
      lastName: 'Passenger2'
    }

      at AuthController.log [as login] (src/api/controllers/authController.js:100:15)

  console.log
    {"type":"response","timestamp":"2025-10-23T01:33:01.693Z","correlationId":"92808a23-e5f1-4b61-a4d8-5db1aedca2c0","method":"POST","path":"/auth/login","status":200,"latency":"168ms","userId":"anonymous"}

      at log (src/api/middlewares/structuredLogger.js:107:13)

  console.log
    {"type":"response","timestamp":"2025-10-23T01:33:01.694Z","correlationId":"92808a23-e5f1-4b61-a4d8-5db1aedca2c0","method":"POST","path":"/auth/login","status":200,"latency":"169ms","userId":"anonymous"}

      at log (src/api/middlewares/structuredLogger.js:107:13)

::ffff:127.0.0.1 - - [23/Oct/2025:01:33:01 +0000] "POST /auth/login HTTP/1.1" 200 111 "-" "-"
  console.log
    {"type":"request","timestamp":"2025-10-23T01:33:02.725Z","correlationId":"7cd732c0-022d-435a-9c39-c22bb926ed86","method":"POST","path":"/auth/login","ip":"::ffff:127.0.0.1","userId":"anonymous","userAgent":"unknown","query":{}}

      at log (src/api/middlewares/structuredLogger.js:80:11)

  console.log
    [AuthController] Login attempt for email domain: unisabana.edu.co | IP: ::ffff:127.0.0.1 | correlationId: 7cd732c0-022d-435a-9c39-c22bb926ed86

      at AuthController.log [as login] (src/api/controllers/authController.js:62:15)

  console.log
    [AuthController] Login successful | userId: 68f985ce7bc38b501dafd71f | role: passenger | correlationId: 7cd732c0-022d-435a-9c39-c22bb926ed86

      at AuthController.log [as login] (src/api/controllers/authController.js:89:15)

  console.log
    [AuthController] Response body: {
      id: '68f985ce7bc38b501dafd71f',
      role: 'passenger',
      firstName: 'PassengerBookingTest',
      lastName: 'Passenger1'
    }

      at AuthController.log [as login] (src/api/controllers/authController.js:100:15)

  console.log
    {"type":"response","timestamp":"2025-10-23T01:33:02.890Z","correlationId":"7cd732c0-022d-435a-9c39-c22bb926ed86","method":"POST","path":"/auth/login","status":200,"latency":"165ms","userId":"anonymous"}

      at log (src/api/middlewares/structuredLogger.js:107:13)

  console.log
    {"type":"response","timestamp":"2025-10-23T01:33:02.891Z","correlationId":"7cd732c0-022d-435a-9c39-c22bb926ed86","method":"POST","path":"/auth/login","status":200,"latency":"166ms","userId":"anonymous"}

      at log (src/api/middlewares/structuredLogger.js:107:13)

::ffff:127.0.0.1 - - [23/Oct/2025:01:33:02 +0000] "POST /auth/login HTTP/1.1" 200 111 "-" "-"
  console.log
    {"type":"request","timestamp":"2025-10-23T01:33:02.899Z","correlationId":"60f56b79-b88d-4cef-bca3-8799f7201790","method":"POST","path":"/auth/login","ip":"::ffff:127.0.0.1","userId":"anonymous","userAgent":"unknown","query":{}}

      at log (src/api/middlewares/structuredLogger.js:80:11)

  console.log
    [AuthController] Login attempt for email domain: unisabana.edu.co | IP: ::ffff:127.0.0.1 | correlationId: 60f56b79-b88d-4cef-bca3-8799f7201790

      at AuthController.log [as login] (src/api/controllers/authController.js:62:15)

  console.log
    [AuthController] Login successful | userId: 68f985ce7bc38b501dafd721 | role: passenger | correlationId: 60f56b79-b88d-4cef-bca3-8799f7201790

      at AuthController.log [as login] (src/api/controllers/authController.js:89:15)

  console.log
    [AuthController] Response body: {
      id: '68f985ce7bc38b501dafd721',
      role: 'passenger',
      firstName: 'PassengerBookingTest',
      lastName: 'Passenger2'
    }

      at AuthController.log [as login] (src/api/controllers/authController.js:100:15)

  console.log
    {"type":"response","timestamp":"2025-10-23T01:33:03.064Z","correlationId":"60f56b79-b88d-4cef-bca3-8799f7201790","method":"POST","path":"/auth/login","status":200,"latency":"165ms","userId":"anonymous"}

      at log (src/api/middlewares/structuredLogger.js:107:13)

  console.log
    {"type":"response","timestamp":"2025-10-23T01:33:03.064Z","correlationId":"60f56b79-b88d-4cef-bca3-8799f7201790","method":"POST","path":"/auth/login","status":200,"latency":"165ms","userId":"anonymous"}

      at log (src/api/middlewares/structuredLogger.js:107:13)

::ffff:127.0.0.1 - - [23/Oct/2025:01:33:03 +0000] "POST /auth/login HTTP/1.1" 200 111 "-" "-"
  console.log
    {"type":"request","timestamp":"2025-10-23T01:33:04.081Z","correlationId":"e68cf538-d421-43b7-98c1-c16219c6b0df","method":"POST","path":"/auth/login","ip":"::ffff:127.0.0.1","userId":"anonymous","userAgent":"unknown","query":{}}

      at log (src/api/middlewares/structuredLogger.js:80:11)

  console.log
    [AuthController] Login attempt for email domain: unisabana.edu.co | IP: ::ffff:127.0.0.1 | correlationId: e68cf538-d421-43b7-98c1-c16219c6b0df

      at AuthController.log [as login] (src/api/controllers/authController.js:62:15)

  console.log
    [AuthController] Login successful | userId: 68f985cf7bc38b501dafd732 | role: passenger | correlationId: e68cf538-d421-43b7-98c1-c16219c6b0df

      at AuthController.log [as login] (src/api/controllers/authController.js:89:15)

  console.log
    [AuthController] Response body: {
      id: '68f985cf7bc38b501dafd732',
      role: 'passenger',
      firstName: 'PassengerBookingTest',
      lastName: 'Passenger1'
    }

      at AuthController.log [as login] (src/api/controllers/authController.js:100:15)

  console.log
    {"type":"response","timestamp":"2025-10-23T01:33:04.242Z","correlationId":"e68cf538-d421-43b7-98c1-c16219c6b0df","method":"POST","path":"/auth/login","status":200,"latency":"161ms","userId":"anonymous"}

      at log (src/api/middlewares/structuredLogger.js:107:13)

  console.log
    {"type":"response","timestamp":"2025-10-23T01:33:04.242Z","correlationId":"e68cf538-d421-43b7-98c1-c16219c6b0df","method":"POST","path":"/auth/login","status":200,"latency":"161ms","userId":"anonymous"}

      at log (src/api/middlewares/structuredLogger.js:107:13)

::ffff:127.0.0.1 - - [23/Oct/2025:01:33:04 +0000] "POST /auth/login HTTP/1.1" 200 111 "-" "-"
  console.log
    {"type":"request","timestamp":"2025-10-23T01:33:04.250Z","correlationId":"a24a9260-94fa-4260-bcd6-1a9cb0779912","method":"POST","path":"/auth/login","ip":"::ffff:127.0.0.1","userId":"anonymous","userAgent":"unknown","query":{}}

      at log (src/api/middlewares/structuredLogger.js:80:11)

  console.log
    [AuthController] Login attempt for email domain: unisabana.edu.co | IP: ::ffff:127.0.0.1 | correlationId: a24a9260-94fa-4260-bcd6-1a9cb0779912

      at AuthController.log [as login] (src/api/controllers/authController.js:62:15)

  console.log
    [AuthController] Login successful | userId: 68f985cf7bc38b501dafd734 | role: passenger | correlationId: a24a9260-94fa-4260-bcd6-1a9cb0779912

      at AuthController.log [as login] (src/api/controllers/authController.js:89:15)

  console.log
    [AuthController] Response body: {
      id: '68f985cf7bc38b501dafd734',
      role: 'passenger',
      firstName: 'PassengerBookingTest',
      lastName: 'Passenger2'
    }

      at AuthController.log [as login] (src/api/controllers/authController.js:100:15)

  console.log
    {"type":"response","timestamp":"2025-10-23T01:33:04.415Z","correlationId":"a24a9260-94fa-4260-bcd6-1a9cb0779912","method":"POST","path":"/auth/login","status":200,"latency":"165ms","userId":"anonymous"}

      at log (src/api/middlewares/structuredLogger.js:107:13)

  console.log
    {"type":"response","timestamp":"2025-10-23T01:33:04.416Z","correlationId":"a24a9260-94fa-4260-bcd6-1a9cb0779912","method":"POST","path":"/auth/login","status":200,"latency":"166ms","userId":"anonymous"}

      at log (src/api/middlewares/structuredLogger.js:107:13)

::ffff:127.0.0.1 - - [23/Oct/2025:01:33:04 +0000] "POST /auth/login HTTP/1.1" 200 111 "-" "-"
  console.log
    {"type":"request","timestamp":"2025-10-23T01:33:05.457Z","correlationId":"9b8839ce-9df8-4c1c-b2a9-09d42e2b2e05","method":"POST","path":"/auth/login","ip":"::ffff:127.0.0.1","userId":"anonymous","userAgent":"unknown","query":{}}

      at log (src/api/middlewares/structuredLogger.js:80:11)

  console.log
    [AuthController] Login attempt for email domain: unisabana.edu.co | IP: ::ffff:127.0.0.1 | correlationId: 9b8839ce-9df8-4c1c-b2a9-09d42e2b2e05

      at AuthController.log [as login] (src/api/controllers/authController.js:62:15)

  console.log
    [AuthController] Login successful | userId: 68f985d17bc38b501dafd745 | role: passenger | correlationId: 9b8839ce-9df8-4c1c-b2a9-09d42e2b2e05

      at AuthController.log [as login] (src/api/controllers/authController.js:89:15)

  console.log
    [AuthController] Response body: {
      id: '68f985d17bc38b501dafd745',
      role: 'passenger',
      firstName: 'PassengerBookingTest',
      lastName: 'Passenger1'
    }

      at AuthController.log [as login] (src/api/controllers/authController.js:100:15)

  console.log
    {"type":"response","timestamp":"2025-10-23T01:33:05.620Z","correlationId":"9b8839ce-9df8-4c1c-b2a9-09d42e2b2e05","method":"POST","path":"/auth/login","status":200,"latency":"163ms","userId":"anonymous"}

      at log (src/api/middlewares/structuredLogger.js:107:13)

  console.log
    {"type":"response","timestamp":"2025-10-23T01:33:05.621Z","correlationId":"9b8839ce-9df8-4c1c-b2a9-09d42e2b2e05","method":"POST","path":"/auth/login","status":200,"latency":"164ms","userId":"anonymous"}

      at log (src/api/middlewares/structuredLogger.js:107:13)

::ffff:127.0.0.1 - - [23/Oct/2025:01:33:05 +0000] "POST /auth/login HTTP/1.1" 200 111 "-" "-"
  console.log
    {"type":"request","timestamp":"2025-10-23T01:33:05.628Z","correlationId":"121a8153-570f-4735-b40f-da739874b4a4","method":"POST","path":"/auth/login","ip":"::ffff:127.0.0.1","userId":"anonymous","userAgent":"unknown","query":{}}

      at log (src/api/middlewares/structuredLogger.js:80:11)

  console.log
    [AuthController] Login attempt for email domain: unisabana.edu.co | IP: ::ffff:127.0.0.1 | correlationId: 121a8153-570f-4735-b40f-da739874b4a4

      at AuthController.log [as login] (src/api/controllers/authController.js:62:15)

  console.log
    [AuthController] Login successful | userId: 68f985d17bc38b501dafd747 | role: passenger | correlationId: 121a8153-570f-4735-b40f-da739874b4a4

      at AuthController.log [as login] (src/api/controllers/authController.js:89:15)

  console.log
    [AuthController] Response body: {
      id: '68f985d17bc38b501dafd747',
      role: 'passenger',
      firstName: 'PassengerBookingTest',
      lastName: 'Passenger2'
    }

      at AuthController.log [as login] (src/api/controllers/authController.js:100:15)

  console.log
    {"type":"response","timestamp":"2025-10-23T01:33:05.791Z","correlationId":"121a8153-570f-4735-b40f-da739874b4a4","method":"POST","path":"/auth/login","status":200,"latency":"163ms","userId":"anonymous"}

      at log (src/api/middlewares/structuredLogger.js:107:13)

  console.log
    {"type":"response","timestamp":"2025-10-23T01:33:05.791Z","correlationId":"121a8153-570f-4735-b40f-da739874b4a4","method":"POST","path":"/auth/login","status":200,"latency":"163ms","userId":"anonymous"}

      at log (src/api/middlewares/structuredLogger.js:107:13)

::ffff:127.0.0.1 - - [23/Oct/2025:01:33:05 +0000] "POST /auth/login HTTP/1.1" 200 111 "-" "-"
  console.log
    {"type":"request","timestamp":"2025-10-23T01:33:06.832Z","correlationId":"7bcd68ab-7cf3-4a0f-9c16-0c8785d32d90","method":"POST","path":"/auth/login","ip":"::ffff:127.0.0.1","userId":"anonymous","userAgent":"unknown","query":{}}

      at log (src/api/middlewares/structuredLogger.js:80:11)

  console.log
    [AuthController] Login attempt for email domain: unisabana.edu.co | IP: ::ffff:127.0.0.1 | correlationId: 7bcd68ab-7cf3-4a0f-9c16-0c8785d32d90

      at AuthController.log [as login] (src/api/controllers/authController.js:62:15)

  console.log
    [AuthController] Login successful | userId: 68f985d27bc38b501dafd758 | role: passenger | correlationId: 7bcd68ab-7cf3-4a0f-9c16-0c8785d32d90

      at AuthController.log [as login] (src/api/controllers/authController.js:89:15)

  console.log
    [AuthController] Response body: {
      id: '68f985d27bc38b501dafd758',
      role: 'passenger',
      firstName: 'PassengerBookingTest',
      lastName: 'Passenger1'
    }

      at AuthController.log [as login] (src/api/controllers/authController.js:100:15)

  console.log
    {"type":"response","timestamp":"2025-10-23T01:33:06.999Z","correlationId":"7bcd68ab-7cf3-4a0f-9c16-0c8785d32d90","method":"POST","path":"/auth/login","status":200,"latency":"167ms","userId":"anonymous"}

      at log (src/api/middlewares/structuredLogger.js:107:13)

  console.log
    {"type":"response","timestamp":"2025-10-23T01:33:06.999Z","correlationId":"7bcd68ab-7cf3-4a0f-9c16-0c8785d32d90","method":"POST","path":"/auth/login","status":200,"latency":"167ms","userId":"anonymous"}

      at log (src/api/middlewares/structuredLogger.js:107:13)

::ffff:127.0.0.1 - - [23/Oct/2025:01:33:07 +0000] "POST /auth/login HTTP/1.1" 200 111 "-" "-"
  console.log
    {"type":"request","timestamp":"2025-10-23T01:33:07.007Z","correlationId":"251aa9ac-b67a-419b-8b5f-7cd707e3fc9f","method":"POST","path":"/auth/login","ip":"::ffff:127.0.0.1","userId":"anonymous","userAgent":"unknown","query":{}}

      at log (src/api/middlewares/structuredLogger.js:80:11)

  console.log
    [AuthController] Login attempt for email domain: unisabana.edu.co | IP: ::ffff:127.0.0.1 | correlationId: 251aa9ac-b67a-419b-8b5f-7cd707e3fc9f

      at AuthController.log [as login] (src/api/controllers/authController.js:62:15)

  console.log
    [AuthController] Login successful | userId: 68f985d27bc38b501dafd75a | role: passenger | correlationId: 251aa9ac-b67a-419b-8b5f-7cd707e3fc9f

      at AuthController.log [as login] (src/api/controllers/authController.js:89:15)

  console.log
    [AuthController] Response body: {
      id: '68f985d27bc38b501dafd75a',
      role: 'passenger',
      firstName: 'PassengerBookingTest',
      lastName: 'Passenger2'
    }

      at AuthController.log [as login] (src/api/controllers/authController.js:100:15)

  console.log
    {"type":"response","timestamp":"2025-10-23T01:33:07.179Z","correlationId":"251aa9ac-b67a-419b-8b5f-7cd707e3fc9f","method":"POST","path":"/auth/login","status":200,"latency":"172ms","userId":"anonymous"}

      at log (src/api/middlewares/structuredLogger.js:107:13)

  console.log
    {"type":"response","timestamp":"2025-10-23T01:33:07.179Z","correlationId":"251aa9ac-b67a-419b-8b5f-7cd707e3fc9f","method":"POST","path":"/auth/login","status":200,"latency":"172ms","userId":"anonymous"}

      at log (src/api/middlewares/structuredLogger.js:107:13)

::ffff:127.0.0.1 - - [23/Oct/2025:01:33:07 +0000] "POST /auth/login HTTP/1.1" 200 111 "-" "-"
  console.log
    {"type":"request","timestamp":"2025-10-23T01:33:08.214Z","correlationId":"1880efaa-87a3-4d7d-82b1-d9a8c140ea7e","method":"POST","path":"/auth/login","ip":"::ffff:127.0.0.1","userId":"anonymous","userAgent":"unknown","query":{}}

      at log (src/api/middlewares/structuredLogger.js:80:11)

  console.log
    [AuthController] Login attempt for email domain: unisabana.edu.co | IP: ::ffff:127.0.0.1 | correlationId: 1880efaa-87a3-4d7d-82b1-d9a8c140ea7e

      at AuthController.log [as login] (src/api/controllers/authController.js:62:15)

  console.log
    [AuthController] Login successful | userId: 68f985d47bc38b501dafd76b | role: passenger | correlationId: 1880efaa-87a3-4d7d-82b1-d9a8c140ea7e

      at AuthController.log [as login] (src/api/controllers/authController.js:89:15)

  console.log
    [AuthController] Response body: {
      id: '68f985d47bc38b501dafd76b',
      role: 'passenger',
      firstName: 'PassengerBookingTest',
      lastName: 'Passenger1'
    }

      at AuthController.log [as login] (src/api/controllers/authController.js:100:15)

  console.log
    {"type":"response","timestamp":"2025-10-23T01:33:08.388Z","correlationId":"1880efaa-87a3-4d7d-82b1-d9a8c140ea7e","method":"POST","path":"/auth/login","status":200,"latency":"174ms","userId":"anonymous"}

      at log (src/api/middlewares/structuredLogger.js:107:13)

  console.log
    {"type":"response","timestamp":"2025-10-23T01:33:08.389Z","correlationId":"1880efaa-87a3-4d7d-82b1-d9a8c140ea7e","method":"POST","path":"/auth/login","status":200,"latency":"175ms","userId":"anonymous"}

      at log (src/api/middlewares/structuredLogger.js:107:13)

::ffff:127.0.0.1 - - [23/Oct/2025:01:33:08 +0000] "POST /auth/login HTTP/1.1" 200 111 "-" "-"
  console.log
    {"type":"request","timestamp":"2025-10-23T01:33:08.396Z","correlationId":"0abea9fe-2e68-4ac9-988f-97bd6305960e","method":"POST","path":"/auth/login","ip":"::ffff:127.0.0.1","userId":"anonymous","userAgent":"unknown","query":{}}

      at log (src/api/middlewares/structuredLogger.js:80:11)

  console.log
    [AuthController] Login attempt for email domain: unisabana.edu.co | IP: ::ffff:127.0.0.1 | correlationId: 0abea9fe-2e68-4ac9-988f-97bd6305960e

      at AuthController.log [as login] (src/api/controllers/authController.js:62:15)

  console.log
    [AuthController] Login successful | userId: 68f985d47bc38b501dafd76d | role: passenger | correlationId: 0abea9fe-2e68-4ac9-988f-97bd6305960e

      at AuthController.log [as login] (src/api/controllers/authController.js:89:15)

  console.log
    [AuthController] Response body: {
      id: '68f985d47bc38b501dafd76d',
      role: 'passenger',
      firstName: 'PassengerBookingTest',
      lastName: 'Passenger2'
    }

      at AuthController.log [as login] (src/api/controllers/authController.js:100:15)

  console.log
    {"type":"response","timestamp":"2025-10-23T01:33:08.560Z","correlationId":"0abea9fe-2e68-4ac9-988f-97bd6305960e","method":"POST","path":"/auth/login","status":200,"latency":"164ms","userId":"anonymous"}

      at log (src/api/middlewares/structuredLogger.js:107:13)

  console.log
    {"type":"response","timestamp":"2025-10-23T01:33:08.560Z","correlationId":"0abea9fe-2e68-4ac9-988f-97bd6305960e","method":"POST","path":"/auth/login","status":200,"latency":"164ms","userId":"anonymous"}

      at log (src/api/middlewares/structuredLogger.js:107:13)

::ffff:127.0.0.1 - - [23/Oct/2025:01:33:08 +0000] "POST /auth/login HTTP/1.1" 200 111 "-" "-"
  console.log
    {"type":"request","timestamp":"2025-10-23T01:33:09.569Z","correlationId":"6beccf0a-9f9e-4d0f-ae99-dc327271b8bd","method":"POST","path":"/auth/login","ip":"::ffff:127.0.0.1","userId":"anonymous","userAgent":"unknown","query":{}}

      at log (src/api/middlewares/structuredLogger.js:80:11)

  console.log
    [AuthController] Login attempt for email domain: unisabana.edu.co | IP: ::ffff:127.0.0.1 | correlationId: 6beccf0a-9f9e-4d0f-ae99-dc327271b8bd

      at AuthController.log [as login] (src/api/controllers/authController.js:62:15)

  console.log
    [AuthController] Login successful | userId: 68f985d57bc38b501dafd77e | role: passenger | correlationId: 6beccf0a-9f9e-4d0f-ae99-dc327271b8bd

      at AuthController.log [as login] (src/api/controllers/authController.js:89:15)

  console.log
    [AuthController] Response body: {
      id: '68f985d57bc38b501dafd77e',
      role: 'passenger',
      firstName: 'PassengerBookingTest',
      lastName: 'Passenger1'
    }

      at AuthController.log [as login] (src/api/controllers/authController.js:100:15)

  console.log
    {"type":"response","timestamp":"2025-10-23T01:33:09.742Z","correlationId":"6beccf0a-9f9e-4d0f-ae99-dc327271b8bd","method":"POST","path":"/auth/login","status":200,"latency":"173ms","userId":"anonymous"}

      at log (src/api/middlewares/structuredLogger.js:107:13)

  console.log
    {"type":"response","timestamp":"2025-10-23T01:33:09.742Z","correlationId":"6beccf0a-9f9e-4d0f-ae99-dc327271b8bd","method":"POST","path":"/auth/login","status":200,"latency":"173ms","userId":"anonymous"}

      at log (src/api/middlewares/structuredLogger.js:107:13)

::ffff:127.0.0.1 - - [23/Oct/2025:01:33:09 +0000] "POST /auth/login HTTP/1.1" 200 111 "-" "-"
  console.log
    {"type":"request","timestamp":"2025-10-23T01:33:09.750Z","correlationId":"5717b5f2-51ea-437f-b591-5b3675d0e553","method":"POST","path":"/auth/login","ip":"::ffff:127.0.0.1","userId":"anonymous","userAgent":"unknown","query":{}}

      at log (src/api/middlewares/structuredLogger.js:80:11)

  console.log
    [AuthController] Login attempt for email domain: unisabana.edu.co | IP: ::ffff:127.0.0.1 | correlationId: 5717b5f2-51ea-437f-b591-5b3675d0e553

      at AuthController.log [as login] (src/api/controllers/authController.js:62:15)

  console.log
    [AuthController] Login successful | userId: 68f985d57bc38b501dafd780 | role: passenger | correlationId: 5717b5f2-51ea-437f-b591-5b3675d0e553

      at AuthController.log [as login] (src/api/controllers/authController.js:89:15)

  console.log
    [AuthController] Response body: {
      id: '68f985d57bc38b501dafd780',
      role: 'passenger',
      firstName: 'PassengerBookingTest',
      lastName: 'Passenger2'
    }

      at AuthController.log [as login] (src/api/controllers/authController.js:100:15)

  console.log
    {"type":"response","timestamp":"2025-10-23T01:33:09.916Z","correlationId":"5717b5f2-51ea-437f-b591-5b3675d0e553","method":"POST","path":"/auth/login","status":200,"latency":"166ms","userId":"anonymous"}

      at log (src/api/middlewares/structuredLogger.js:107:13)

  console.log
    {"type":"response","timestamp":"2025-10-23T01:33:09.917Z","correlationId":"5717b5f2-51ea-437f-b591-5b3675d0e553","method":"POST","path":"/auth/login","status":200,"latency":"167ms","userId":"anonymous"}

      at log (src/api/middlewares/structuredLogger.js:107:13)

::ffff:127.0.0.1 - - [23/Oct/2025:01:33:09 +0000] "POST /auth/login HTTP/1.1" 200 111 "-" "-"
  console.log
    {"type":"request","timestamp":"2025-10-23T01:33:10.942Z","correlationId":"e404bdc5-dd3b-40b9-b53b-74916ff4f8f9","method":"POST","path":"/auth/login","ip":"::ffff:127.0.0.1","userId":"anonymous","userAgent":"unknown","query":{}}

      at log (src/api/middlewares/structuredLogger.js:80:11)

  console.log
    [AuthController] Login attempt for email domain: unisabana.edu.co | IP: ::ffff:127.0.0.1 | correlationId: e404bdc5-dd3b-40b9-b53b-74916ff4f8f9

      at AuthController.log [as login] (src/api/controllers/authController.js:62:15)

  console.log
    [AuthController] Login successful | userId: 68f985d67bc38b501dafd791 | role: passenger | correlationId: e404bdc5-dd3b-40b9-b53b-74916ff4f8f9

      at AuthController.log [as login] (src/api/controllers/authController.js:89:15)

  console.log
    [AuthController] Response body: {
      id: '68f985d67bc38b501dafd791',
      role: 'passenger',
      firstName: 'PassengerBookingTest',
      lastName: 'Passenger1'
    }

      at AuthController.log [as login] (src/api/controllers/authController.js:100:15)

  console.log
    {"type":"response","timestamp":"2025-10-23T01:33:11.116Z","correlationId":"e404bdc5-dd3b-40b9-b53b-74916ff4f8f9","method":"POST","path":"/auth/login","status":200,"latency":"174ms","userId":"anonymous"}

      at log (src/api/middlewares/structuredLogger.js:107:13)

  console.log
    {"type":"response","timestamp":"2025-10-23T01:33:11.117Z","correlationId":"e404bdc5-dd3b-40b9-b53b-74916ff4f8f9","method":"POST","path":"/auth/login","status":200,"latency":"175ms","userId":"anonymous"}

      at log (src/api/middlewares/structuredLogger.js:107:13)

::ffff:127.0.0.1 - - [23/Oct/2025:01:33:11 +0000] "POST /auth/login HTTP/1.1" 200 111 "-" "-"
  console.log
    {"type":"request","timestamp":"2025-10-23T01:33:11.133Z","correlationId":"49629d57-ef11-4ade-b26d-5e583d2fd885","method":"POST","path":"/auth/login","ip":"::ffff:127.0.0.1","userId":"anonymous","userAgent":"unknown","query":{}}

      at log (src/api/middlewares/structuredLogger.js:80:11)

  console.log
    [AuthController] Login attempt for email domain: unisabana.edu.co | IP: ::ffff:127.0.0.1 | correlationId: 49629d57-ef11-4ade-b26d-5e583d2fd885

      at AuthController.log [as login] (src/api/controllers/authController.js:62:15)

  console.log
    [AuthController] Login successful | userId: 68f985d67bc38b501dafd793 | role: passenger | correlationId: 49629d57-ef11-4ade-b26d-5e583d2fd885

      at AuthController.log [as login] (src/api/controllers/authController.js:89:15)

  console.log
    [AuthController] Response body: {
      id: '68f985d67bc38b501dafd793',
      role: 'passenger',
      firstName: 'PassengerBookingTest',
      lastName: 'Passenger2'
    }

      at AuthController.log [as login] (src/api/controllers/authController.js:100:15)

  console.log
    {"type":"response","timestamp":"2025-10-23T01:33:11.298Z","correlationId":"49629d57-ef11-4ade-b26d-5e583d2fd885","method":"POST","path":"/auth/login","status":200,"latency":"165ms","userId":"anonymous"}

      at log (src/api/middlewares/structuredLogger.js:107:13)

  console.log
    {"type":"response","timestamp":"2025-10-23T01:33:11.299Z","correlationId":"49629d57-ef11-4ade-b26d-5e583d2fd885","method":"POST","path":"/auth/login","status":200,"latency":"166ms","userId":"anonymous"}

      at log (src/api/middlewares/structuredLogger.js:107:13)

::ffff:127.0.0.1 - - [23/Oct/2025:01:33:11 +0000] "POST /auth/login HTTP/1.1" 200 111 "-" "-"
  console.log
    {"type":"request","timestamp":"2025-10-23T01:33:12.320Z","correlationId":"3ec7f019-961e-4f28-9f24-51f92d505193","method":"POST","path":"/auth/login","ip":"::ffff:127.0.0.1","userId":"anonymous","userAgent":"unknown","query":{}}

      at log (src/api/middlewares/structuredLogger.js:80:11)

  console.log
    [AuthController] Login attempt for email domain: unisabana.edu.co | IP: ::ffff:127.0.0.1 | correlationId: 3ec7f019-961e-4f28-9f24-51f92d505193

      at AuthController.log [as login] (src/api/controllers/authController.js:62:15)

  console.log
    [AuthController] Login successful | userId: 68f985d87bc38b501dafd7a4 | role: passenger | correlationId: 3ec7f019-961e-4f28-9f24-51f92d505193

      at AuthController.log [as login] (src/api/controllers/authController.js:89:15)

  console.log
    [AuthController] Response body: {
      id: '68f985d87bc38b501dafd7a4',
      role: 'passenger',
      firstName: 'PassengerBookingTest',
      lastName: 'Passenger1'
    }

      at AuthController.log [as login] (src/api/controllers/authController.js:100:15)

  console.log
    {"type":"response","timestamp":"2025-10-23T01:33:12.484Z","correlationId":"3ec7f019-961e-4f28-9f24-51f92d505193","method":"POST","path":"/auth/login","status":200,"latency":"164ms","userId":"anonymous"}

      at log (src/api/middlewares/structuredLogger.js:107:13)

  console.log
    {"type":"response","timestamp":"2025-10-23T01:33:12.484Z","correlationId":"3ec7f019-961e-4f28-9f24-51f92d505193","method":"POST","path":"/auth/login","status":200,"latency":"164ms","userId":"anonymous"}

      at log (src/api/middlewares/structuredLogger.js:107:13)

::ffff:127.0.0.1 - - [23/Oct/2025:01:33:12 +0000] "POST /auth/login HTTP/1.1" 200 111 "-" "-"
  console.log
    {"type":"request","timestamp":"2025-10-23T01:33:12.491Z","correlationId":"cfd27a77-924d-4711-bcb9-7c239d6296ac","method":"POST","path":"/auth/login","ip":"::ffff:127.0.0.1","userId":"anonymous","userAgent":"unknown","query":{}}

      at log (src/api/middlewares/structuredLogger.js:80:11)

  console.log
    [AuthController] Login attempt for email domain: unisabana.edu.co | IP: ::ffff:127.0.0.1 | correlationId: cfd27a77-924d-4711-bcb9-7c239d6296ac

      at AuthController.log [as login] (src/api/controllers/authController.js:62:15)

  console.log
    [AuthController] Login successful | userId: 68f985d87bc38b501dafd7a6 | role: passenger | correlationId: cfd27a77-924d-4711-bcb9-7c239d6296ac

      at AuthController.log [as login] (src/api/controllers/authController.js:89:15)

  console.log
    [AuthController] Response body: {
      id: '68f985d87bc38b501dafd7a6',
      role: 'passenger',
      firstName: 'PassengerBookingTest',
      lastName: 'Passenger2'
    }

      at AuthController.log [as login] (src/api/controllers/authController.js:100:15)

  console.log
    {"type":"response","timestamp":"2025-10-23T01:33:12.667Z","correlationId":"cfd27a77-924d-4711-bcb9-7c239d6296ac","method":"POST","path":"/auth/login","status":200,"latency":"176ms","userId":"anonymous"}

      at log (src/api/middlewares/structuredLogger.js:107:13)

  console.log
    {"type":"response","timestamp":"2025-10-23T01:33:12.668Z","correlationId":"cfd27a77-924d-4711-bcb9-7c239d6296ac","method":"POST","path":"/auth/login","status":200,"latency":"177ms","userId":"anonymous"}

      at log (src/api/middlewares/structuredLogger.js:107:13)

::ffff:127.0.0.1 - - [23/Oct/2025:01:33:12 +0000] "POST /auth/login HTTP/1.1" 200 111 "-" "-"
  console.log
    ΓÜá Mongoose disconnected from DB

      at NativeConnection.log (src/infrastructure/database/connection.js:52:11)

node.exe : FAIL tests/integration/passenger-bookings.test.js (47.264 s)
At C:\Program Files\nodejs\npm.ps1:29 char:3
+   & $NODE_EXE $NPM_CLI_JS $args
+   ~~~~~~~~~~~~~~~~~~~~~~~~~~~~~
    + CategoryInfo          : NotSpecified: (FAIL tests/inte...t.js (47.264 s):String) [], RemoteException
    + FullyQualifiedErrorId : NativeCommandError
 
  Passenger Search and Booking Integration Tests
    GET /passengers/trips/search
      ├ù should return only published future trips (1705 ms)
      ├ù should filter by qOrigin text (1411 ms)
      ├ù should filter by qDestination text (1393 ms)
      ├ù should handle pagination (1400 ms)
      ├ù should enforce max pageSize of 50 (1407 ms)
      ├ù should require authentication (1361 ms)
      ├ù should not expose driver PII (1359 ms)
    POST /passengers/bookings
      ├ù should create a booking request (happy path) (1358 ms)
      ├ù should reject duplicate request for same trip (409) (1368 ms)
      ├ù should reject booking for draft trip (409) (1360 ms)
      ├ù should reject booking for past trip (409) (1383 ms)
      ├ù should reject booking for non-existent trip (404) (1596 ms)
      ├ù should validate note length (max 300 chars) (1382 ms)
      ├ù should require authentication (1365 ms)
      ├ù should require CSRF token (1376 ms)
      ├ù should allow different passengers to book the same trip (1383 ms)
    GET /passengers/bookings
      ├ù should list only caller's bookings (1414 ms)
      ├ù should filter by status (1591 ms)
      ├ù should handle pagination (1373 ms)
      ├ù should enforce max pageSize of 50 (1360 ms)
      ├ù should require authentication (1381 ms)
      ├ù should sort by createdAt desc (most recent first) (1358 ms)
    DELETE /passengers/bookings/:bookingId
      ├ù should cancel own booking (owner-only) (1358 ms)
      ├ù should be idempotent (cancel already canceled) (1362 ms)
      ├ù should reject canceling someone else's booking (403) (1393 ms)
      ├ù should reject canceling non-pending booking (409) (1381 ms)
      ├ù should return 404 for non-existent booking (1359 ms)
      ├ù should require authentication (1377 ms)
      ├ù should require CSRF token (1388 ms)

  ΓùÅ Passenger Search and Booking Integration Tests ΓÇ║ GET /passengers/trips/search ΓÇ║ should return only published future trips

    departureAt must be in the future

    [0m [90m 121 |[39m   [36mif[39m ([36mthis[39m[33m.[39misNew [33m&&[39m ([36mthis[39m[33m.[39mstatus [33m===[39m [32m'published'[39m 
[33m||[39m [36mthis[39m[33m.[39mstatus [33m===[39m [32m'draft'[39m)) {
     [90m 122 |[39m     [36mif[39m ([36mthis[39m[33m.[39mdepartureAt [33m<=[39m [36mnew[39m [33mDate[39m()) {
    [31m[1m>[22m[39m[90m 123 |[39m       [36mreturn[39m next([36mnew[39m [33mError[39m([32m'departureAt must be in the future'[39m))[33m;[39m
     [90m     |[39m                   [31m[1m^[22m[39m
     [90m 124 |[39m     }
     [90m 125 |[39m   }
     [90m 126 |[39m   next()[33m;[39m[0m

      at model.<anonymous> (src/infrastructure/database/models/TripOfferModel.js:123:19)
      at callMiddlewareFunction (node_modules/kareem/index.js:628:27)
      at model.next (node_modules/kareem/index.js:93:7)
      at _next (node_modules/kareem/index.js:146:10)
      at node_modules/kareem/index.js:653:30

  ΓùÅ Passenger Search and Booking Integration Tests ΓÇ║ GET /passengers/trips/search ΓÇ║ should filter by qOrigin text

    departureAt must be in the future

    [0m [90m 121 |[39m   [36mif[39m ([36mthis[39m[33m.[39misNew [33m&&[39m ([36mthis[39m[33m.[39mstatus [33m===[39m [32m'published'[39m 
[33m||[39m [36mthis[39m[33m.[39mstatus [33m===[39m [32m'draft'[39m)) {
     [90m 122 |[39m     [36mif[39m ([36mthis[39m[33m.[39mdepartureAt [33m<=[39m [36mnew[39m [33mDate[39m()) {
    [31m[1m>[22m[39m[90m 123 |[39m       [36mreturn[39m next([36mnew[39m [33mError[39m([32m'departureAt must be in the future'[39m))[33m;[39m
     [90m     |[39m                   [31m[1m^[22m[39m
     [90m 124 |[39m     }
     [90m 125 |[39m   }
     [90m 126 |[39m   next()[33m;[39m[0m

      at model.<anonymous> (src/infrastructure/database/models/TripOfferModel.js:123:19)
      at callMiddlewareFunction (node_modules/kareem/index.js:628:27)
      at model.next (node_modules/kareem/index.js:93:7)
      at _next (node_modules/kareem/index.js:146:10)
      at node_modules/kareem/index.js:653:30

  ΓùÅ Passenger Search and Booking Integration Tests ΓÇ║ GET /passengers/trips/search ΓÇ║ should filter by qDestination text

    departureAt must be in the future

    [0m [90m 121 |[39m   [36mif[39m ([36mthis[39m[33m.[39misNew [33m&&[39m ([36mthis[39m[33m.[39mstatus [33m===[39m [32m'published'[39m 
[33m||[39m [36mthis[39m[33m.[39mstatus [33m===[39m [32m'draft'[39m)) {
     [90m 122 |[39m     [36mif[39m ([36mthis[39m[33m.[39mdepartureAt [33m<=[39m [36mnew[39m [33mDate[39m()) {
    [31m[1m>[22m[39m[90m 123 |[39m       [36mreturn[39m next([36mnew[39m [33mError[39m([32m'departureAt must be in the future'[39m))[33m;[39m
     [90m     |[39m                   [31m[1m^[22m[39m
     [90m 124 |[39m     }
     [90m 125 |[39m   }
     [90m 126 |[39m   next()[33m;[39m[0m

      at model.<anonymous> (src/infrastructure/database/models/TripOfferModel.js:123:19)
      at callMiddlewareFunction (node_modules/kareem/index.js:628:27)
      at model.next (node_modules/kareem/index.js:93:7)
      at _next (node_modules/kareem/index.js:146:10)
      at node_modules/kareem/index.js:653:30

  ΓùÅ Passenger Search and Booking Integration Tests ΓÇ║ GET /passengers/trips/search ΓÇ║ should handle pagination

    departureAt must be in the future

    [0m [90m 121 |[39m   [36mif[39m ([36mthis[39m[33m.[39misNew [33m&&[39m ([36mthis[39m[33m.[39mstatus [33m===[39m [32m'published'[39m 
[33m||[39m [36mthis[39m[33m.[39mstatus [33m===[39m [32m'draft'[39m)) {
     [90m 122 |[39m     [36mif[39m ([36mthis[39m[33m.[39mdepartureAt [33m<=[39m [36mnew[39m [33mDate[39m()) {
    [31m[1m>[22m[39m[90m 123 |[39m       [36mreturn[39m next([36mnew[39m [33mError[39m([32m'departureAt must be in the future'[39m))[33m;[39m
     [90m     |[39m                   [31m[1m^[22m[39m
     [90m 124 |[39m     }
     [90m 125 |[39m   }
     [90m 126 |[39m   next()[33m;[39m[0m

      at model.<anonymous> (src/infrastructure/database/models/TripOfferModel.js:123:19)
      at callMiddlewareFunction (node_modules/kareem/index.js:628:27)
      at model.next (node_modules/kareem/index.js:93:7)
      at _next (node_modules/kareem/index.js:146:10)
      at node_modules/kareem/index.js:653:30

  ΓùÅ Passenger Search and Booking Integration Tests ΓÇ║ GET /passengers/trips/search ΓÇ║ should enforce max pageSize of 50

    departureAt must be in the future

    [0m [90m 121 |[39m   [36mif[39m ([36mthis[39m[33m.[39misNew [33m&&[39m ([36mthis[39m[33m.[39mstatus [33m===[39m [32m'published'[39m 
[33m||[39m [36mthis[39m[33m.[39mstatus [33m===[39m [32m'draft'[39m)) {
     [90m 122 |[39m     [36mif[39m ([36mthis[39m[33m.[39mdepartureAt [33m<=[39m [36mnew[39m [33mDate[39m()) {
    [31m[1m>[22m[39m[90m 123 |[39m       [36mreturn[39m next([36mnew[39m [33mError[39m([32m'departureAt must be in the future'[39m))[33m;[39m
     [90m     |[39m                   [31m[1m^[22m[39m
     [90m 124 |[39m     }
     [90m 125 |[39m   }
     [90m 126 |[39m   next()[33m;[39m[0m

      at model.<anonymous> (src/infrastructure/database/models/TripOfferModel.js:123:19)
      at callMiddlewareFunction (node_modules/kareem/index.js:628:27)
      at model.next (node_modules/kareem/index.js:93:7)
      at _next (node_modules/kareem/index.js:146:10)
      at node_modules/kareem/index.js:653:30

  ΓùÅ Passenger Search and Booking Integration Tests ΓÇ║ GET /passengers/trips/search ΓÇ║ should require authentication

    departureAt must be in the future

    [0m [90m 121 |[39m   [36mif[39m ([36mthis[39m[33m.[39misNew [33m&&[39m ([36mthis[39m[33m.[39mstatus [33m===[39m [32m'published'[39m 
[33m||[39m [36mthis[39m[33m.[39mstatus [33m===[39m [32m'draft'[39m)) {
     [90m 122 |[39m     [36mif[39m ([36mthis[39m[33m.[39mdepartureAt [33m<=[39m [36mnew[39m [33mDate[39m()) {
    [31m[1m>[22m[39m[90m 123 |[39m       [36mreturn[39m next([36mnew[39m [33mError[39m([32m'departureAt must be in the future'[39m))[33m;[39m
     [90m     |[39m                   [31m[1m^[22m[39m
     [90m 124 |[39m     }
     [90m 125 |[39m   }
     [90m 126 |[39m   next()[33m;[39m[0m

      at model.<anonymous> (src/infrastructure/database/models/TripOfferModel.js:123:19)
      at callMiddlewareFunction (node_modules/kareem/index.js:628:27)
      at model.next (node_modules/kareem/index.js:93:7)
      at _next (node_modules/kareem/index.js:146:10)
      at node_modules/kareem/index.js:653:30

  ΓùÅ Passenger Search and Booking Integration Tests ΓÇ║ GET /passengers/trips/search ΓÇ║ should not expose driver PII

    departureAt must be in the future

    [0m [90m 121 |[39m   [36mif[39m ([36mthis[39m[33m.[39misNew [33m&&[39m ([36mthis[39m[33m.[39mstatus [33m===[39m [32m'published'[39m 
[33m||[39m [36mthis[39m[33m.[39mstatus [33m===[39m [32m'draft'[39m)) {
     [90m 122 |[39m     [36mif[39m ([36mthis[39m[33m.[39mdepartureAt [33m<=[39m [36mnew[39m [33mDate[39m()) {
    [31m[1m>[22m[39m[90m 123 |[39m       [36mreturn[39m next([36mnew[39m [33mError[39m([32m'departureAt must be in the future'[39m))[33m;[39m
     [90m     |[39m                   [31m[1m^[22m[39m
     [90m 124 |[39m     }
     [90m 125 |[39m   }
     [90m 126 |[39m   next()[33m;[39m[0m

      at model.<anonymous> (src/infrastructure/database/models/TripOfferModel.js:123:19)
      at callMiddlewareFunction (node_modules/kareem/index.js:628:27)
      at model.next (node_modules/kareem/index.js:93:7)
      at _next (node_modules/kareem/index.js:146:10)
      at node_modules/kareem/index.js:653:30

  ΓùÅ Passenger Search and Booking Integration Tests ΓÇ║ POST /passengers/bookings ΓÇ║ should create a booking request (happy path)

    departureAt must be in the future

    [0m [90m 121 |[39m   [36mif[39m ([36mthis[39m[33m.[39misNew [33m&&[39m ([36mthis[39m[33m.[39mstatus [33m===[39m [32m'published'[39m 
[33m||[39m [36mthis[39m[33m.[39mstatus [33m===[39m [32m'draft'[39m)) {
     [90m 122 |[39m     [36mif[39m ([36mthis[39m[33m.[39mdepartureAt [33m<=[39m [36mnew[39m [33mDate[39m()) {
    [31m[1m>[22m[39m[90m 123 |[39m       [36mreturn[39m next([36mnew[39m [33mError[39m([32m'departureAt must be in the future'[39m))[33m;[39m
     [90m     |[39m                   [31m[1m^[22m[39m
     [90m 124 |[39m     }
     [90m 125 |[39m   }
     [90m 126 |[39m   next()[33m;[39m[0m

      at model.<anonymous> (src/infrastructure/database/models/TripOfferModel.js:123:19)
      at callMiddlewareFunction (node_modules/kareem/index.js:628:27)
      at model.next (node_modules/kareem/index.js:93:7)
      at _next (node_modules/kareem/index.js:146:10)
      at node_modules/kareem/index.js:653:30

  ΓùÅ Passenger Search and Booking Integration Tests ΓÇ║ POST /passengers/bookings ΓÇ║ should reject duplicate request for same trip (409)

    departureAt must be in the future

    [0m [90m 121 |[39m   [36mif[39m ([36mthis[39m[33m.[39misNew [33m&&[39m ([36mthis[39m[33m.[39mstatus [33m===[39m [32m'published'[39m 
[33m||[39m [36mthis[39m[33m.[39mstatus [33m===[39m [32m'draft'[39m)) {
     [90m 122 |[39m     [36mif[39m ([36mthis[39m[33m.[39mdepartureAt [33m<=[39m [36mnew[39m [33mDate[39m()) {
    [31m[1m>[22m[39m[90m 123 |[39m       [36mreturn[39m next([36mnew[39m [33mError[39m([32m'departureAt must be in the future'[39m))[33m;[39m
     [90m     |[39m                   [31m[1m^[22m[39m
     [90m 124 |[39m     }
     [90m 125 |[39m   }
     [90m 126 |[39m   next()[33m;[39m[0m

      at model.<anonymous> (src/infrastructure/database/models/TripOfferModel.js:123:19)
      at callMiddlewareFunction (node_modules/kareem/index.js:628:27)
      at model.next (node_modules/kareem/index.js:93:7)
      at _next (node_modules/kareem/index.js:146:10)
      at node_modules/kareem/index.js:653:30

  ΓùÅ Passenger Search and Booking Integration Tests ΓÇ║ POST /passengers/bookings ΓÇ║ should reject booking for draft trip (409)

    departureAt must be in the future

    [0m [90m 121 |[39m   [36mif[39m ([36mthis[39m[33m.[39misNew [33m&&[39m ([36mthis[39m[33m.[39mstatus [33m===[39m [32m'published'[39m 
[33m||[39m [36mthis[39m[33m.[39mstatus [33m===[39m [32m'draft'[39m)) {
     [90m 122 |[39m     [36mif[39m ([36mthis[39m[33m.[39mdepartureAt [33m<=[39m [36mnew[39m [33mDate[39m()) {
    [31m[1m>[22m[39m[90m 123 |[39m       [36mreturn[39m next([36mnew[39m [33mError[39m([32m'departureAt must be in the future'[39m))[33m;[39m
     [90m     |[39m                   [31m[1m^[22m[39m
     [90m 124 |[39m     }
     [90m 125 |[39m   }
     [90m 126 |[39m   next()[33m;[39m[0m

      at model.<anonymous> (src/infrastructure/database/models/TripOfferModel.js:123:19)
      at callMiddlewareFunction (node_modules/kareem/index.js:628:27)
      at model.next (node_modules/kareem/index.js:93:7)
      at _next (node_modules/kareem/index.js:146:10)
      at node_modules/kareem/index.js:653:30

  ΓùÅ Passenger Search and Booking Integration Tests ΓÇ║ POST /passengers/bookings ΓÇ║ should reject booking for past trip (409)

    departureAt must be in the future

    [0m [90m 121 |[39m   [36mif[39m ([36mthis[39m[33m.[39misNew [33m&&[39m ([36mthis[39m[33m.[39mstatus [33m===[39m [32m'published'[39m 
[33m||[39m [36mthis[39m[33m.[39mstatus [33m===[39m [32m'draft'[39m)) {
     [90m 122 |[39m     [36mif[39m ([36mthis[39m[33m.[39mdepartureAt [33m<=[39m [36mnew[39m [33mDate[39m()) {
    [31m[1m>[22m[39m[90m 123 |[39m       [36mreturn[39m next([36mnew[39m [33mError[39m([32m'departureAt must be in the future'[39m))[33m;[39m
     [90m     |[39m                   [31m[1m^[22m[39m
     [90m 124 |[39m     }
     [90m 125 |[39m   }
     [90m 126 |[39m   next()[33m;[39m[0m

      at model.<anonymous> (src/infrastructure/database/models/TripOfferModel.js:123:19)
      at callMiddlewareFunction (node_modules/kareem/index.js:628:27)
      at model.next (node_modules/kareem/index.js:93:7)
      at _next (node_modules/kareem/index.js:146:10)
      at node_modules/kareem/index.js:653:30

  ΓùÅ Passenger Search and Booking Integration Tests ΓÇ║ POST /passengers/bookings ΓÇ║ should reject booking for non-existent trip (404)

    departureAt must be in the future

    [0m [90m 121 |[39m   [36mif[39m ([36mthis[39m[33m.[39misNew [33m&&[39m ([36mthis[39m[33m.[39mstatus [33m===[39m [32m'published'[39m 
[33m||[39m [36mthis[39m[33m.[39mstatus [33m===[39m [32m'draft'[39m)) {
     [90m 122 |[39m     [36mif[39m ([36mthis[39m[33m.[39mdepartureAt [33m<=[39m [36mnew[39m [33mDate[39m()) {
    [31m[1m>[22m[39m[90m 123 |[39m       [36mreturn[39m next([36mnew[39m [33mError[39m([32m'departureAt must be in the future'[39m))[33m;[39m
     [90m     |[39m                   [31m[1m^[22m[39m
     [90m 124 |[39m     }
     [90m 125 |[39m   }
     [90m 126 |[39m   next()[33m;[39m[0m

      at model.<anonymous> (src/infrastructure/database/models/TripOfferModel.js:123:19)
      at callMiddlewareFunction (node_modules/kareem/index.js:628:27)
      at model.next (node_modules/kareem/index.js:93:7)
      at _next (node_modules/kareem/index.js:146:10)
      at node_modules/kareem/index.js:653:30

  ΓùÅ Passenger Search and Booking Integration Tests ΓÇ║ POST /passengers/bookings ΓÇ║ should validate note length (max 300 chars)

    departureAt must be in the future

    [0m [90m 121 |[39m   [36mif[39m ([36mthis[39m[33m.[39misNew [33m&&[39m ([36mthis[39m[33m.[39mstatus [33m===[39m [32m'published'[39m 
[33m||[39m [36mthis[39m[33m.[39mstatus [33m===[39m [32m'draft'[39m)) {
     [90m 122 |[39m     [36mif[39m ([36mthis[39m[33m.[39mdepartureAt [33m<=[39m [36mnew[39m [33mDate[39m()) {
    [31m[1m>[22m[39m[90m 123 |[39m       [36mreturn[39m next([36mnew[39m [33mError[39m([32m'departureAt must be in the future'[39m))[33m;[39m
     [90m     |[39m                   [31m[1m^[22m[39m
     [90m 124 |[39m     }
     [90m 125 |[39m   }
     [90m 126 |[39m   next()[33m;[39m[0m

      at model.<anonymous> (src/infrastructure/database/models/TripOfferModel.js:123:19)
      at callMiddlewareFunction (node_modules/kareem/index.js:628:27)
      at model.next (node_modules/kareem/index.js:93:7)
      at _next (node_modules/kareem/index.js:146:10)
      at node_modules/kareem/index.js:653:30

  ΓùÅ Passenger Search and Booking Integration Tests ΓÇ║ POST /passengers/bookings ΓÇ║ should require authentication

    departureAt must be in the future

    [0m [90m 121 |[39m   [36mif[39m ([36mthis[39m[33m.[39misNew [33m&&[39m ([36mthis[39m[33m.[39mstatus [33m===[39m [32m'published'[39m 
[33m||[39m [36mthis[39m[33m.[39mstatus [33m===[39m [32m'draft'[39m)) {
     [90m 122 |[39m     [36mif[39m ([36mthis[39m[33m.[39mdepartureAt [33m<=[39m [36mnew[39m [33mDate[39m()) {
    [31m[1m>[22m[39m[90m 123 |[39m       [36mreturn[39m next([36mnew[39m [33mError[39m([32m'departureAt must be in the future'[39m))[33m;[39m
     [90m     |[39m                   [31m[1m^[22m[39m
     [90m 124 |[39m     }
     [90m 125 |[39m   }
     [90m 126 |[39m   next()[33m;[39m[0m

      at model.<anonymous> (src/infrastructure/database/models/TripOfferModel.js:123:19)
      at callMiddlewareFunction (node_modules/kareem/index.js:628:27)
      at model.next (node_modules/kareem/index.js:93:7)
      at _next (node_modules/kareem/index.js:146:10)
      at node_modules/kareem/index.js:653:30

  ΓùÅ Passenger Search and Booking Integration Tests ΓÇ║ POST /passengers/bookings ΓÇ║ should require CSRF token

    departureAt must be in the future

    [0m [90m 121 |[39m   [36mif[39m ([36mthis[39m[33m.[39misNew [33m&&[39m ([36mthis[39m[33m.[39mstatus [33m===[39m [32m'published'[39m 
[33m||[39m [36mthis[39m[33m.[39mstatus [33m===[39m [32m'draft'[39m)) {
     [90m 122 |[39m     [36mif[39m ([36mthis[39m[33m.[39mdepartureAt [33m<=[39m [36mnew[39m [33mDate[39m()) {
    [31m[1m>[22m[39m[90m 123 |[39m       [36mreturn[39m next([36mnew[39m [33mError[39m([32m'departureAt must be in the future'[39m))[33m;[39m
     [90m     |[39m                   [31m[1m^[22m[39m
     [90m 124 |[39m     }
     [90m 125 |[39m   }
     [90m 126 |[39m   next()[33m;[39m[0m

      at model.<anonymous> (src/infrastructure/database/models/TripOfferModel.js:123:19)
      at callMiddlewareFunction (node_modules/kareem/index.js:628:27)
      at model.next (node_modules/kareem/index.js:93:7)
      at _next (node_modules/kareem/index.js:146:10)
      at node_modules/kareem/index.js:653:30

  ΓùÅ Passenger Search and Booking Integration Tests ΓÇ║ POST /passengers/bookings ΓÇ║ should allow different passengers to book the same trip

    departureAt must be in the future

    [0m [90m 121 |[39m   [36mif[39m ([36mthis[39m[33m.[39misNew [33m&&[39m ([36mthis[39m[33m.[39mstatus [33m===[39m [32m'published'[39m 
[33m||[39m [36mthis[39m[33m.[39mstatus [33m===[39m [32m'draft'[39m)) {
     [90m 122 |[39m     [36mif[39m ([36mthis[39m[33m.[39mdepartureAt [33m<=[39m [36mnew[39m [33mDate[39m()) {
    [31m[1m>[22m[39m[90m 123 |[39m       [36mreturn[39m next([36mnew[39m [33mError[39m([32m'departureAt must be in the future'[39m))[33m;[39m
     [90m     |[39m                   [31m[1m^[22m[39m
     [90m 124 |[39m     }
     [90m 125 |[39m   }
     [90m 126 |[39m   next()[33m;[39m[0m

      at model.<anonymous> (src/infrastructure/database/models/TripOfferModel.js:123:19)
      at callMiddlewareFunction (node_modules/kareem/index.js:628:27)
      at model.next (node_modules/kareem/index.js:93:7)
      at _next (node_modules/kareem/index.js:146:10)
      at node_modules/kareem/index.js:653:30

  ΓùÅ Passenger Search and Booking Integration Tests ΓÇ║ GET /passengers/bookings ΓÇ║ should list only caller's bookings

    departureAt must be in the future

    [0m [90m 121 |[39m   [36mif[39m ([36mthis[39m[33m.[39misNew [33m&&[39m ([36mthis[39m[33m.[39mstatus [33m===[39m [32m'published'[39m 
[33m||[39m [36mthis[39m[33m.[39mstatus [33m===[39m [32m'draft'[39m)) {
     [90m 122 |[39m     [36mif[39m ([36mthis[39m[33m.[39mdepartureAt [33m<=[39m [36mnew[39m [33mDate[39m()) {
    [31m[1m>[22m[39m[90m 123 |[39m       [36mreturn[39m next([36mnew[39m [33mError[39m([32m'departureAt must be in the future'[39m))[33m;[39m
     [90m     |[39m                   [31m[1m^[22m[39m
     [90m 124 |[39m     }
     [90m 125 |[39m   }
     [90m 126 |[39m   next()[33m;[39m[0m

      at model.<anonymous> (src/infrastructure/database/models/TripOfferModel.js:123:19)
      at callMiddlewareFunction (node_modules/kareem/index.js:628:27)
      at model.next (node_modules/kareem/index.js:93:7)
      at _next (node_modules/kareem/index.js:146:10)
      at node_modules/kareem/index.js:653:30

  ΓùÅ Passenger Search and Booking Integration Tests ΓÇ║ GET /passengers/bookings ΓÇ║ should filter by status

    departureAt must be in the future

    [0m [90m 121 |[39m   [36mif[39m ([36mthis[39m[33m.[39misNew [33m&&[39m ([36mthis[39m[33m.[39mstatus [33m===[39m [32m'published'[39m 
[33m||[39m [36mthis[39m[33m.[39mstatus [33m===[39m [32m'draft'[39m)) {
     [90m 122 |[39m     [36mif[39m ([36mthis[39m[33m.[39mdepartureAt [33m<=[39m [36mnew[39m [33mDate[39m()) {
    [31m[1m>[22m[39m[90m 123 |[39m       [36mreturn[39m next([36mnew[39m [33mError[39m([32m'departureAt must be in the future'[39m))[33m;[39m
     [90m     |[39m                   [31m[1m^[22m[39m
     [90m 124 |[39m     }
     [90m 125 |[39m   }
     [90m 126 |[39m   next()[33m;[39m[0m

      at model.<anonymous> (src/infrastructure/database/models/TripOfferModel.js:123:19)
      at callMiddlewareFunction (node_modules/kareem/index.js:628:27)
      at model.next (node_modules/kareem/index.js:93:7)
      at _next (node_modules/kareem/index.js:146:10)
      at node_modules/kareem/index.js:653:30

  ΓùÅ Passenger Search and Booking Integration Tests ΓÇ║ GET /passengers/bookings ΓÇ║ should handle pagination

    departureAt must be in the future

    [0m [90m 121 |[39m   [36mif[39m ([36mthis[39m[33m.[39misNew [33m&&[39m ([36mthis[39m[33m.[39mstatus [33m===[39m [32m'published'[39m 
[33m||[39m [36mthis[39m[33m.[39mstatus [33m===[39m [32m'draft'[39m)) {
     [90m 122 |[39m     [36mif[39m ([36mthis[39m[33m.[39mdepartureAt [33m<=[39m [36mnew[39m [33mDate[39m()) {
    [31m[1m>[22m[39m[90m 123 |[39m       [36mreturn[39m next([36mnew[39m [33mError[39m([32m'departureAt must be in the future'[39m))[33m;[39m
     [90m     |[39m                   [31m[1m^[22m[39m
     [90m 124 |[39m     }
     [90m 125 |[39m   }
     [90m 126 |[39m   next()[33m;[39m[0m

      at model.<anonymous> (src/infrastructure/database/models/TripOfferModel.js:123:19)
      at callMiddlewareFunction (node_modules/kareem/index.js:628:27)
      at model.next (node_modules/kareem/index.js:93:7)
      at _next (node_modules/kareem/index.js:146:10)
      at node_modules/kareem/index.js:653:30

  ΓùÅ Passenger Search and Booking Integration Tests ΓÇ║ GET /passengers/bookings ΓÇ║ should enforce max pageSize of 50

    departureAt must be in the future

    [0m [90m 121 |[39m   [36mif[39m ([36mthis[39m[33m.[39misNew [33m&&[39m ([36mthis[39m[33m.[39mstatus [33m===[39m [32m'published'[39m 
[33m||[39m [36mthis[39m[33m.[39mstatus [33m===[39m [32m'draft'[39m)) {
     [90m 122 |[39m     [36mif[39m ([36mthis[39m[33m.[39mdepartureAt [33m<=[39m [36mnew[39m [33mDate[39m()) {
    [31m[1m>[22m[39m[90m 123 |[39m       [36mreturn[39m next([36mnew[39m [33mError[39m([32m'departureAt must be in the future'[39m))[33m;[39m
     [90m     |[39m                   [31m[1m^[22m[39m
     [90m 124 |[39m     }
     [90m 125 |[39m   }
     [90m 126 |[39m   next()[33m;[39m[0m

      at model.<anonymous> (src/infrastructure/database/models/TripOfferModel.js:123:19)
      at callMiddlewareFunction (node_modules/kareem/index.js:628:27)
      at model.next (node_modules/kareem/index.js:93:7)
      at _next (node_modules/kareem/index.js:146:10)
      at node_modules/kareem/index.js:653:30

  ΓùÅ Passenger Search and Booking Integration Tests ΓÇ║ GET /passengers/bookings ΓÇ║ should require authentication

    departureAt must be in the future

    [0m [90m 121 |[39m   [36mif[39m ([36mthis[39m[33m.[39misNew [33m&&[39m ([36mthis[39m[33m.[39mstatus [33m===[39m [32m'published'[39m 
[33m||[39m [36mthis[39m[33m.[39mstatus [33m===[39m [32m'draft'[39m)) {
     [90m 122 |[39m     [36mif[39m ([36mthis[39m[33m.[39mdepartureAt [33m<=[39m [36mnew[39m [33mDate[39m()) {
    [31m[1m>[22m[39m[90m 123 |[39m       [36mreturn[39m next([36mnew[39m [33mError[39m([32m'departureAt must be in the future'[39m))[33m;[39m
     [90m     |[39m                   [31m[1m^[22m[39m
     [90m 124 |[39m     }
     [90m 125 |[39m   }
     [90m 126 |[39m   next()[33m;[39m[0m

      at model.<anonymous> (src/infrastructure/database/models/TripOfferModel.js:123:19)
      at callMiddlewareFunction (node_modules/kareem/index.js:628:27)
      at model.next (node_modules/kareem/index.js:93:7)
      at _next (node_modules/kareem/index.js:146:10)
      at node_modules/kareem/index.js:653:30

  ΓùÅ Passenger Search and Booking Integration Tests ΓÇ║ GET /passengers/bookings ΓÇ║ should sort by createdAt desc (most recent first)

    departureAt must be in the future

    [0m [90m 121 |[39m   [36mif[39m ([36mthis[39m[33m.[39misNew [33m&&[39m ([36mthis[39m[33m.[39mstatus [33m===[39m [32m'published'[39m 
[33m||[39m [36mthis[39m[33m.[39mstatus [33m===[39m [32m'draft'[39m)) {
     [90m 122 |[39m     [36mif[39m ([36mthis[39m[33m.[39mdepartureAt [33m<=[39m [36mnew[39m [33mDate[39m()) {
    [31m[1m>[22m[39m[90m 123 |[39m       [36mreturn[39m next([36mnew[39m [33mError[39m([32m'departureAt must be in the future'[39m))[33m;[39m
     [90m     |[39m                   [31m[1m^[22m[39m
     [90m 124 |[39m     }
     [90m 125 |[39m   }
     [90m 126 |[39m   next()[33m;[39m[0m

      at model.<anonymous> (src/infrastructure/database/models/TripOfferModel.js:123:19)
      at callMiddlewareFunction (node_modules/kareem/index.js:628:27)
      at model.next (node_modules/kareem/index.js:93:7)
      at _next (node_modules/kareem/index.js:146:10)
      at node_modules/kareem/index.js:653:30

  ΓùÅ Passenger Search and Booking Integration Tests ΓÇ║ DELETE /passengers/bookings/:bookingId ΓÇ║ should cancel own booking (owner-only)

    departureAt must be in the future

    [0m [90m 121 |[39m   [36mif[39m ([36mthis[39m[33m.[39misNew [33m&&[39m ([36mthis[39m[33m.[39mstatus [33m===[39m [32m'published'[39m 
[33m||[39m [36mthis[39m[33m.[39mstatus [33m===[39m [32m'draft'[39m)) {
     [90m 122 |[39m     [36mif[39m ([36mthis[39m[33m.[39mdepartureAt [33m<=[39m [36mnew[39m [33mDate[39m()) {
    [31m[1m>[22m[39m[90m 123 |[39m       [36mreturn[39m next([36mnew[39m [33mError[39m([32m'departureAt must be in the future'[39m))[33m;[39m
     [90m     |[39m                   [31m[1m^[22m[39m
     [90m 124 |[39m     }
     [90m 125 |[39m   }
     [90m 126 |[39m   next()[33m;[39m[0m

      at model.<anonymous> (src/infrastructure/database/models/TripOfferModel.js:123:19)
      at callMiddlewareFunction (node_modules/kareem/index.js:628:27)
      at model.next (node_modules/kareem/index.js:93:7)
      at _next (node_modules/kareem/index.js:146:10)
      at node_modules/kareem/index.js:653:30

  ΓùÅ Passenger Search and Booking Integration Tests ΓÇ║ DELETE /passengers/bookings/:bookingId ΓÇ║ should be idempotent (cancel already canceled)

    departureAt must be in the future

    [0m [90m 121 |[39m   [36mif[39m ([36mthis[39m[33m.[39misNew [33m&&[39m ([36mthis[39m[33m.[39mstatus [33m===[39m [32m'published'[39m 
[33m||[39m [36mthis[39m[33m.[39mstatus [33m===[39m [32m'draft'[39m)) {
     [90m 122 |[39m     [36mif[39m ([36mthis[39m[33m.[39mdepartureAt [33m<=[39m [36mnew[39m [33mDate[39m()) {
    [31m[1m>[22m[39m[90m 123 |[39m       [36mreturn[39m next([36mnew[39m [33mError[39m([32m'departureAt must be in the future'[39m))[33m;[39m
     [90m     |[39m                   [31m[1m^[22m[39m
     [90m 124 |[39m     }
     [90m 125 |[39m   }
     [90m 126 |[39m   next()[33m;[39m[0m

      at model.<anonymous> (src/infrastructure/database/models/TripOfferModel.js:123:19)
      at callMiddlewareFunction (node_modules/kareem/index.js:628:27)
      at model.next (node_modules/kareem/index.js:93:7)
      at _next (node_modules/kareem/index.js:146:10)
      at node_modules/kareem/index.js:653:30

  ΓùÅ Passenger Search and Booking Integration Tests ΓÇ║ DELETE /passengers/bookings/:bookingId ΓÇ║ should reject canceling someone else's booking (403)

    departureAt must be in the future

    [0m [90m 121 |[39m   [36mif[39m ([36mthis[39m[33m.[39misNew [33m&&[39m ([36mthis[39m[33m.[39mstatus [33m===[39m [32m'published'[39m 
[33m||[39m [36mthis[39m[33m.[39mstatus [33m===[39m [32m'draft'[39m)) {
     [90m 122 |[39m     [36mif[39m ([36mthis[39m[33m.[39mdepartureAt [33m<=[39m [36mnew[39m [33mDate[39m()) {
    [31m[1m>[22m[39m[90m 123 |[39m       [36mreturn[39m next([36mnew[39m [33mError[39m([32m'departureAt must be in the future'[39m))[33m;[39m
     [90m     |[39m                   [31m[1m^[22m[39m
     [90m 124 |[39m     }
     [90m 125 |[39m   }
     [90m 126 |[39m   next()[33m;[39m[0m

      at model.<anonymous> (src/infrastructure/database/models/TripOfferModel.js:123:19)
      at callMiddlewareFunction (node_modules/kareem/index.js:628:27)
      at model.next (node_modules/kareem/index.js:93:7)
      at _next (node_modules/kareem/index.js:146:10)
      at node_modules/kareem/index.js:653:30

  ΓùÅ Passenger Search and Booking Integration Tests ΓÇ║ DELETE /passengers/bookings/:bookingId ΓÇ║ should reject canceling non-pending booking (409)

    departureAt must be in the future

    [0m [90m 121 |[39m   [36mif[39m ([36mthis[39m[33m.[39misNew [33m&&[39m ([36mthis[39m[33m.[39mstatus [33m===[39m [32m'published'[39m 
[33m||[39m [36mthis[39m[33m.[39mstatus [33m===[39m [32m'draft'[39m)) {
     [90m 122 |[39m     [36mif[39m ([36mthis[39m[33m.[39mdepartureAt [33m<=[39m [36mnew[39m [33mDate[39m()) {
    [31m[1m>[22m[39m[90m 123 |[39m       [36mreturn[39m next([36mnew[39m [33mError[39m([32m'departureAt must be in the future'[39m))[33m;[39m
     [90m     |[39m                   [31m[1m^[22m[39m
     [90m 124 |[39m     }
     [90m 125 |[39m   }
     [90m 126 |[39m   next()[33m;[39m[0m

      at model.<anonymous> (src/infrastructure/database/models/TripOfferModel.js:123:19)
      at callMiddlewareFunction (node_modules/kareem/index.js:628:27)
      at model.next (node_modules/kareem/index.js:93:7)
      at _next (node_modules/kareem/index.js:146:10)
      at node_modules/kareem/index.js:653:30

  ΓùÅ Passenger Search and Booking Integration Tests ΓÇ║ DELETE /passengers/bookings/:bookingId ΓÇ║ should return 404 for non-existent booking

    departureAt must be in the future

    [0m [90m 121 |[39m   [36mif[39m ([36mthis[39m[33m.[39misNew [33m&&[39m ([36mthis[39m[33m.[39mstatus [33m===[39m [32m'published'[39m 
[33m||[39m [36mthis[39m[33m.[39mstatus [33m===[39m [32m'draft'[39m)) {
     [90m 122 |[39m     [36mif[39m ([36mthis[39m[33m.[39mdepartureAt [33m<=[39m [36mnew[39m [33mDate[39m()) {
    [31m[1m>[22m[39m[90m 123 |[39m       [36mreturn[39m next([36mnew[39m [33mError[39m([32m'departureAt must be in the future'[39m))[33m;[39m
     [90m     |[39m                   [31m[1m^[22m[39m
     [90m 124 |[39m     }
     [90m 125 |[39m   }
     [90m 126 |[39m   next()[33m;[39m[0m

      at model.<anonymous> (src/infrastructure/database/models/TripOfferModel.js:123:19)
      at callMiddlewareFunction (node_modules/kareem/index.js:628:27)
      at model.next (node_modules/kareem/index.js:93:7)
      at _next (node_modules/kareem/index.js:146:10)
      at node_modules/kareem/index.js:653:30

  ΓùÅ Passenger Search and Booking Integration Tests ΓÇ║ DELETE /passengers/bookings/:bookingId ΓÇ║ should require authentication

    departureAt must be in the future

    [0m [90m 121 |[39m   [36mif[39m ([36mthis[39m[33m.[39misNew [33m&&[39m ([36mthis[39m[33m.[39mstatus [33m===[39m [32m'published'[39m 
[33m||[39m [36mthis[39m[33m.[39mstatus [33m===[39m [32m'draft'[39m)) {
     [90m 122 |[39m     [36mif[39m ([36mthis[39m[33m.[39mdepartureAt [33m<=[39m [36mnew[39m [33mDate[39m()) {
    [31m[1m>[22m[39m[90m 123 |[39m       [36mreturn[39m next([36mnew[39m [33mError[39m([32m'departureAt must be in the future'[39m))[33m;[39m
     [90m     |[39m                   [31m[1m^[22m[39m
     [90m 124 |[39m     }
     [90m 125 |[39m   }
     [90m 126 |[39m   next()[33m;[39m[0m

      at model.<anonymous> (src/infrastructure/database/models/TripOfferModel.js:123:19)
      at callMiddlewareFunction (node_modules/kareem/index.js:628:27)
      at model.next (node_modules/kareem/index.js:93:7)
      at _next (node_modules/kareem/index.js:146:10)
      at node_modules/kareem/index.js:653:30

  ΓùÅ Passenger Search and Booking Integration Tests ΓÇ║ DELETE /passengers/bookings/:bookingId ΓÇ║ should require CSRF token

    departureAt must be in the future

    [0m [90m 121 |[39m   [36mif[39m ([36mthis[39m[33m.[39misNew [33m&&[39m ([36mthis[39m[33m.[39mstatus [33m===[39m [32m'published'[39m 
[33m||[39m [36mthis[39m[33m.[39mstatus [33m===[39m [32m'draft'[39m)) {
     [90m 122 |[39m     [36mif[39m ([36mthis[39m[33m.[39mdepartureAt [33m<=[39m [36mnew[39m [33mDate[39m()) {
    [31m[1m>[22m[39m[90m 123 |[39m       [36mreturn[39m next([36mnew[39m [33mError[39m([32m'departureAt must be in the future'[39m))[33m;[39m
     [90m     |[39m                   [31m[1m^[22m[39m
     [90m 124 |[39m     }
     [90m 125 |[39m   }
     [90m 126 |[39m   next()[33m;[39m[0m

      at model.<anonymous> (src/infrastructure/database/models/TripOfferModel.js:123:19)
      at callMiddlewareFunction (node_modules/kareem/index.js:628:27)
      at model.next (node_modules/kareem/index.js:93:7)
      at _next (node_modules/kareem/index.js:146:10)
      at node_modules/kareem/index.js:653:30

Test Suites: 1 failed, 1 total
Tests:       29 failed, 29 total
Snapshots:   0 total
Time:        47.679 s
Ran all test suites matching /tests\\integration\\passenger-bookings.test.js/i.
