
> wheels-unisabana-backend@1.0.0 test
> jest tests/integration/passenger-bookings.test.js

  console.log
    Γ£ô Jest setup complete

      at Object.log (tests/setup.js:36:9)

  console.log
    Γ£ô Environment: test

      at Object.log (tests/setup.js:37:9)

  console.log
    Γ£ô MongoDB URI: Configured

      at Object.log (tests/setup.js:38:9)

  console.log
    ≡ƒôÜ Swagger UI available at /api-docs

      at log (src/api/middlewares/swagger.js:219:11)

  console.log
    Γ£ô Mongoose connected to DB

      at NativeConnection.log (src/infrastructure/database/connection.js:44:11)

  console.log
    Γ£ô MongoDB Connected: ac-kjf5egk-shard-00-01.o9c3mol.mongodb.net

      at log (src/infrastructure/database/connection.js:11:13)

  console.log
    Γ£ô Database: wheels-unisabana

      at log (src/infrastructure/database/connection.js:12:13)

  console.log
    Γ£ô Indexes verified and created

      at log (src/infrastructure/database/connection.js:25:15)

  console.log
    {"type":"request","timestamp":"2025-10-23T01:52:06.212Z","correlationId":"d92d5879-bbe9-4477-b36e-0681b81886b8","method":"POST","path":"/auth/login","ip":"::ffff:127.0.0.1","userId":"anonymous","userAgent":"unknown","query":{}}

      at log (src/api/middlewares/structuredLogger.js:80:11)

  console.log
    [AuthController] Login attempt for email domain: unisabana.edu.co | IP: ::ffff:127.0.0.1 | correlationId: d92d5879-bbe9-4477-b36e-0681b81886b8

      at AuthController.log [as login] (src/api/controllers/authController.js:62:15)

  console.log
    [AuthController] Login successful | userId: 68f98a45a62d78b3796b67aa | role: passenger | correlationId: d92d5879-bbe9-4477-b36e-0681b81886b8

      at AuthController.log [as login] (src/api/controllers/authController.js:89:15)

  console.log
    [AuthController] Response body: {
      id: '68f98a45a62d78b3796b67aa',
      role: 'passenger',
      firstName: 'PassengerBookingTest',
      lastName: 'Passenger1'
    }

      at AuthController.log [as login] (src/api/controllers/authController.js:100:15)

  console.log
    {"type":"response","timestamp":"2025-10-23T01:52:06.406Z","correlationId":"d92d5879-bbe9-4477-b36e-0681b81886b8","method":"POST","path":"/auth/login","status":200,"latency":"194ms","userId":"anonymous"}

      at log (src/api/middlewares/structuredLogger.js:107:13)

  console.log
    {"type":"response","timestamp":"2025-10-23T01:52:06.407Z","correlationId":"d92d5879-bbe9-4477-b36e-0681b81886b8","method":"POST","path":"/auth/login","status":200,"latency":"195ms","userId":"anonymous"}

      at log (src/api/middlewares/structuredLogger.js:107:13)

::ffff:127.0.0.1 - - [23/Oct/2025:01:52:06 +0000] "POST /auth/login HTTP/1.1" 200 111 "-" "-"
  console.log
    {"type":"request","timestamp":"2025-10-23T01:52:06.429Z","correlationId":"4521558f-f458-4054-aed0-5e2423e6f280","method":"POST","path":"/auth/login","ip":"::ffff:127.0.0.1","userId":"anonymous","userAgent":"unknown","query":{}}

      at log (src/api/middlewares/structuredLogger.js:80:11)

  console.log
    [AuthController] Login attempt for email domain: unisabana.edu.co | IP: ::ffff:127.0.0.1 | correlationId: 4521558f-f458-4054-aed0-5e2423e6f280

      at AuthController.log [as login] (src/api/controllers/authController.js:62:15)

  console.log
    [AuthController] Login successful | userId: 68f98a46a62d78b3796b67ae | role: passenger | correlationId: 4521558f-f458-4054-aed0-5e2423e6f280

      at AuthController.log [as login] (src/api/controllers/authController.js:89:15)

  console.log
    [AuthController] Response body: {
      id: '68f98a46a62d78b3796b67ae',
      role: 'passenger',
      firstName: 'PassengerBookingTest',
      lastName: 'Passenger2'
    }

      at AuthController.log [as login] (src/api/controllers/authController.js:100:15)

  console.log
    {"type":"response","timestamp":"2025-10-23T01:52:06.591Z","correlationId":"4521558f-f458-4054-aed0-5e2423e6f280","method":"POST","path":"/auth/login","status":200,"latency":"162ms","userId":"anonymous"}

      at log (src/api/middlewares/structuredLogger.js:107:13)

  console.log
    {"type":"response","timestamp":"2025-10-23T01:52:06.592Z","correlationId":"4521558f-f458-4054-aed0-5e2423e6f280","method":"POST","path":"/auth/login","status":200,"latency":"163ms","userId":"anonymous"}

      at log (src/api/middlewares/structuredLogger.js:107:13)

::ffff:127.0.0.1 - - [23/Oct/2025:01:52:06 +0000] "POST /auth/login HTTP/1.1" 200 111 "-" "-"
  console.log
    {"type":"request","timestamp":"2025-10-23T01:52:06.897Z","correlationId":"2b7c0caf-f44a-4e87-936f-0a09c8b1debe","method":"GET","path":"/passengers/trips/search","ip":"::ffff:127.0.0.1","userId":"anonymous","userAgent":"unknown","query":{}}

      at log (src/api/middlewares/structuredLogger.js:80:11)

  console.log
    [PassengerTripController] Search trips | qOrigin: none | qDestination: none | fromDate: none | toDate: none | page: 1 | pageSize: 10 | correlationId: 2b7c0caf-f44a-4e87-936f-0a09c8b1debe

      at PassengerTripController.log [as searchTrips] (src/api/controllers/passengerTripController.js:33:15)

  console.log
    [PassengerTripController] Search completed | found: 1 | returned: 1 | correlationId: 2b7c0caf-f44a-4e87-936f-0a09c8b1debe

      at PassengerTripController.log [as searchTrips] (src/api/controllers/passengerTripController.js:50:15)

  console.log
    {"type":"response","timestamp":"2025-10-23T01:52:07.015Z","correlationId":"2b7c0caf-f44a-4e87-936f-0a09c8b1debe","method":"GET","path":"/passengers/trips/search","status":200,"latency":"118ms","userId":"68f98a45a62d78b3796b67aa"}

      at log (src/api/middlewares/structuredLogger.js:107:13)

  console.log
    {"type":"response","timestamp":"2025-10-23T01:52:07.016Z","correlationId":"2b7c0caf-f44a-4e87-936f-0a09c8b1debe","method":"GET","path":"/passengers/trips/search","status":200,"latency":"119ms","userId":"68f98a45a62d78b3796b67aa"}

      at log (src/api/middlewares/structuredLogger.js:107:13)

::ffff:127.0.0.1 - - [23/Oct/2025:01:52:07 +0000] "GET /passengers/trips/search HTTP/1.1" 200 561 "-" "-"
  console.log
    {"type":"request","timestamp":"2025-10-23T01:52:07.783Z","correlationId":"61b2ada9-f089-4cd1-95d1-7c734111d936","method":"POST","path":"/auth/login","ip":"::ffff:127.0.0.1","userId":"anonymous","userAgent":"unknown","query":{}}

      at log (src/api/middlewares/structuredLogger.js:80:11)

  console.log
    [AuthController] Login attempt for email domain: unisabana.edu.co | IP: ::ffff:127.0.0.1 | correlationId: 61b2ada9-f089-4cd1-95d1-7c734111d936

      at AuthController.log [as login] (src/api/controllers/authController.js:62:15)

  console.log
    [AuthController] Login successful | userId: 68f98a47a62d78b3796b67c7 | role: passenger | correlationId: 61b2ada9-f089-4cd1-95d1-7c734111d936

      at AuthController.log [as login] (src/api/controllers/authController.js:89:15)

  console.log
    [AuthController] Response body: {
      id: '68f98a47a62d78b3796b67c7',
      role: 'passenger',
      firstName: 'PassengerBookingTest',
      lastName: 'Passenger1'
    }

      at AuthController.log [as login] (src/api/controllers/authController.js:100:15)

  console.log
    {"type":"response","timestamp":"2025-10-23T01:52:07.952Z","correlationId":"61b2ada9-f089-4cd1-95d1-7c734111d936","method":"POST","path":"/auth/login","status":200,"latency":"169ms","userId":"anonymous"}

      at log (src/api/middlewares/structuredLogger.js:107:13)

  console.log
    {"type":"response","timestamp":"2025-10-23T01:52:07.953Z","correlationId":"61b2ada9-f089-4cd1-95d1-7c734111d936","method":"POST","path":"/auth/login","status":200,"latency":"170ms","userId":"anonymous"}

      at log (src/api/middlewares/structuredLogger.js:107:13)

::ffff:127.0.0.1 - - [23/Oct/2025:01:52:07 +0000] "POST /auth/login HTTP/1.1" 200 111 "-" "-"
  console.log
    {"type":"request","timestamp":"2025-10-23T01:52:07.962Z","correlationId":"90f1817f-c611-4574-8114-dc7cff63d6ae","method":"POST","path":"/auth/login","ip":"::ffff:127.0.0.1","userId":"anonymous","userAgent":"unknown","query":{}}

      at log (src/api/middlewares/structuredLogger.js:80:11)

  console.log
    [AuthController] Login attempt for email domain: unisabana.edu.co | IP: ::ffff:127.0.0.1 | correlationId: 90f1817f-c611-4574-8114-dc7cff63d6ae

      at AuthController.log [as login] (src/api/controllers/authController.js:62:15)

  console.log
    [AuthController] Login successful | userId: 68f98a47a62d78b3796b67c9 | role: passenger | correlationId: 90f1817f-c611-4574-8114-dc7cff63d6ae

      at AuthController.log [as login] (src/api/controllers/authController.js:89:15)

  console.log
    [AuthController] Response body: {
      id: '68f98a47a62d78b3796b67c9',
      role: 'passenger',
      firstName: 'PassengerBookingTest',
      lastName: 'Passenger2'
    }

      at AuthController.log [as login] (src/api/controllers/authController.js:100:15)

  console.log
    {"type":"response","timestamp":"2025-10-23T01:52:08.130Z","correlationId":"90f1817f-c611-4574-8114-dc7cff63d6ae","method":"POST","path":"/auth/login","status":200,"latency":"168ms","userId":"anonymous"}

      at log (src/api/middlewares/structuredLogger.js:107:13)

  console.log
    {"type":"response","timestamp":"2025-10-23T01:52:08.131Z","correlationId":"90f1817f-c611-4574-8114-dc7cff63d6ae","method":"POST","path":"/auth/login","status":200,"latency":"169ms","userId":"anonymous"}

      at log (src/api/middlewares/structuredLogger.js:107:13)

::ffff:127.0.0.1 - - [23/Oct/2025:01:52:08 +0000] "POST /auth/login HTTP/1.1" 200 111 "-" "-"
  console.log
    {"type":"request","timestamp":"2025-10-23T01:52:08.345Z","correlationId":"026c3f6a-30d7-4b1d-890c-ec3e51ce3158","method":"GET","path":"/passengers/trips/search?qOrigin=Campus%20Norte","ip":"::ffff:127.0.0.1","userId":"anonymous","userAgent":"unknown","query":{"qOrigin":"Campus Norte"}}

      at log (src/api/middlewares/structuredLogger.js:80:11)

  console.log
    [PassengerTripController] Search trips | qOrigin: Campus Norte | qDestination: none | fromDate: none | toDate: none | page: 1 | pageSize: 10 | correlationId: 026c3f6a-30d7-4b1d-890c-ec3e51ce3158

      at PassengerTripController.log [as searchTrips] (src/api/controllers/passengerTripController.js:33:15)

  console.log
    [PassengerTripController] Search completed | found: 1 | returned: 1 | correlationId: 026c3f6a-30d7-4b1d-890c-ec3e51ce3158

      at PassengerTripController.log [as searchTrips] (src/api/controllers/passengerTripController.js:50:15)

  console.log
    {"type":"response","timestamp":"2025-10-23T01:52:08.452Z","correlationId":"026c3f6a-30d7-4b1d-890c-ec3e51ce3158","method":"GET","path":"/passengers/trips/search?qOrigin=Campus%20Norte","status":200,"latency":"107ms","userId":"68f98a47a62d78b3796b67c7"}

      at log (src/api/middlewares/structuredLogger.js:107:13)

  console.log
    {"type":"response","timestamp":"2025-10-23T01:52:08.452Z","correlationId":"026c3f6a-30d7-4b1d-890c-ec3e51ce3158","method":"GET","path":"/passengers/trips/search?qOrigin=Campus%20Norte","status":200,"latency":"107ms","userId":"68f98a47a62d78b3796b67c7"}

      at log (src/api/middlewares/structuredLogger.js:107:13)

::ffff:127.0.0.1 - - [23/Oct/2025:01:52:08 +0000] "GET /passengers/trips/search?qOrigin=Campus%20Norte HTTP/1.1" 200 561 "-" "-"
  console.log
    {"type":"request","timestamp":"2025-10-23T01:52:09.227Z","correlationId":"b8730f6c-1394-4f64-b138-f414310aa83a","method":"POST","path":"/auth/login","ip":"::ffff:127.0.0.1","userId":"anonymous","userAgent":"unknown","query":{}}

      at log (src/api/middlewares/structuredLogger.js:80:11)

  console.log
    [AuthController] Login attempt for email domain: unisabana.edu.co | IP: ::ffff:127.0.0.1 | correlationId: b8730f6c-1394-4f64-b138-f414310aa83a

      at AuthController.log [as login] (src/api/controllers/authController.js:62:15)

  console.log
    [AuthController] Login successful | userId: 68f98a49a62d78b3796b67d9 | role: passenger | correlationId: b8730f6c-1394-4f64-b138-f414310aa83a

      at AuthController.log [as login] (src/api/controllers/authController.js:89:15)

  console.log
    [AuthController] Response body: {
      id: '68f98a49a62d78b3796b67d9',
      role: 'passenger',
      firstName: 'PassengerBookingTest',
      lastName: 'Passenger1'
    }

      at AuthController.log [as login] (src/api/controllers/authController.js:100:15)

  console.log
    {"type":"response","timestamp":"2025-10-23T01:52:09.400Z","correlationId":"b8730f6c-1394-4f64-b138-f414310aa83a","method":"POST","path":"/auth/login","status":200,"latency":"173ms","userId":"anonymous"}

      at log (src/api/middlewares/structuredLogger.js:107:13)

  console.log
    {"type":"response","timestamp":"2025-10-23T01:52:09.401Z","correlationId":"b8730f6c-1394-4f64-b138-f414310aa83a","method":"POST","path":"/auth/login","status":200,"latency":"174ms","userId":"anonymous"}

      at log (src/api/middlewares/structuredLogger.js:107:13)

::ffff:127.0.0.1 - - [23/Oct/2025:01:52:09 +0000] "POST /auth/login HTTP/1.1" 200 111 "-" "-"
  console.log
    {"type":"request","timestamp":"2025-10-23T01:52:09.410Z","correlationId":"1081ab4b-ba1a-4b23-b342-26649e4314e2","method":"POST","path":"/auth/login","ip":"::ffff:127.0.0.1","userId":"anonymous","userAgent":"unknown","query":{}}

      at log (src/api/middlewares/structuredLogger.js:80:11)

  console.log
    [AuthController] Login attempt for email domain: unisabana.edu.co | IP: ::ffff:127.0.0.1 | correlationId: 1081ab4b-ba1a-4b23-b342-26649e4314e2

      at AuthController.log [as login] (src/api/controllers/authController.js:62:15)

  console.log
    [AuthController] Login successful | userId: 68f98a49a62d78b3796b67db | role: passenger | correlationId: 1081ab4b-ba1a-4b23-b342-26649e4314e2

      at AuthController.log [as login] (src/api/controllers/authController.js:89:15)

  console.log
    [AuthController] Response body: {
      id: '68f98a49a62d78b3796b67db',
      role: 'passenger',
      firstName: 'PassengerBookingTest',
      lastName: 'Passenger2'
    }

      at AuthController.log [as login] (src/api/controllers/authController.js:100:15)

  console.log
    {"type":"response","timestamp":"2025-10-23T01:52:09.579Z","correlationId":"1081ab4b-ba1a-4b23-b342-26649e4314e2","method":"POST","path":"/auth/login","status":200,"latency":"169ms","userId":"anonymous"}

      at log (src/api/middlewares/structuredLogger.js:107:13)

  console.log
    {"type":"response","timestamp":"2025-10-23T01:52:09.579Z","correlationId":"1081ab4b-ba1a-4b23-b342-26649e4314e2","method":"POST","path":"/auth/login","status":200,"latency":"169ms","userId":"anonymous"}

      at log (src/api/middlewares/structuredLogger.js:107:13)

::ffff:127.0.0.1 - - [23/Oct/2025:01:52:09 +0000] "POST /auth/login HTTP/1.1" 200 111 "-" "-"
  console.log
    {"type":"request","timestamp":"2025-10-23T01:52:09.794Z","correlationId":"76324898-ddc5-4dc4-b5b0-9647e9f65fbb","method":"GET","path":"/passengers/trips/search?qDestination=Bogot%C3%A1","ip":"::ffff:127.0.0.1","userId":"anonymous","userAgent":"unknown","query":{"qDestination":"Bogot├í"}}

      at log (src/api/middlewares/structuredLogger.js:80:11)

  console.log
    [PassengerTripController] Search trips | qOrigin: none | qDestination: Bogot├í | fromDate: none | toDate: none | page: 1 | pageSize: 10 | correlationId: 76324898-ddc5-4dc4-b5b0-9647e9f65fbb

      at PassengerTripController.log [as searchTrips] (src/api/controllers/passengerTripController.js:33:15)

  console.log
    [PassengerTripController] Search completed | found: 1 | returned: 1 | correlationId: 76324898-ddc5-4dc4-b5b0-9647e9f65fbb

      at PassengerTripController.log [as searchTrips] (src/api/controllers/passengerTripController.js:50:15)

  console.log
    {"type":"response","timestamp":"2025-10-23T01:52:09.899Z","correlationId":"76324898-ddc5-4dc4-b5b0-9647e9f65fbb","method":"GET","path":"/passengers/trips/search?qDestination=Bogot%C3%A1","status":200,"latency":"105ms","userId":"68f98a49a62d78b3796b67d9"}

      at log (src/api/middlewares/structuredLogger.js:107:13)

  console.log
    {"type":"response","timestamp":"2025-10-23T01:52:09.901Z","correlationId":"76324898-ddc5-4dc4-b5b0-9647e9f65fbb","method":"GET","path":"/passengers/trips/search?qDestination=Bogot%C3%A1","status":200,"latency":"107ms","userId":"68f98a49a62d78b3796b67d9"}

      at log (src/api/middlewares/structuredLogger.js:107:13)

::ffff:127.0.0.1 - - [23/Oct/2025:01:52:09 +0000] "GET /passengers/trips/search?qDestination=Bogot%C3%A1 HTTP/1.1" 200 561 "-" "-"
  console.log
    {"type":"request","timestamp":"2025-10-23T01:52:10.671Z","correlationId":"78d4e804-b8c1-44ac-8c8e-4f03fb1948dc","method":"POST","path":"/auth/login","ip":"::ffff:127.0.0.1","userId":"anonymous","userAgent":"unknown","query":{}}

      at log (src/api/middlewares/structuredLogger.js:80:11)

  console.log
    [AuthController] Login attempt for email domain: unisabana.edu.co | IP: ::ffff:127.0.0.1 | correlationId: 78d4e804-b8c1-44ac-8c8e-4f03fb1948dc

      at AuthController.log [as login] (src/api/controllers/authController.js:62:15)

  console.log
    [AuthController] Login successful | userId: 68f98a4aa62d78b3796b67eb | role: passenger | correlationId: 78d4e804-b8c1-44ac-8c8e-4f03fb1948dc

      at AuthController.log [as login] (src/api/controllers/authController.js:89:15)

  console.log
    [AuthController] Response body: {
      id: '68f98a4aa62d78b3796b67eb',
      role: 'passenger',
      firstName: 'PassengerBookingTest',
      lastName: 'Passenger1'
    }

      at AuthController.log [as login] (src/api/controllers/authController.js:100:15)

  console.log
    {"type":"response","timestamp":"2025-10-23T01:52:10.838Z","correlationId":"78d4e804-b8c1-44ac-8c8e-4f03fb1948dc","method":"POST","path":"/auth/login","status":200,"latency":"167ms","userId":"anonymous"}

      at log (src/api/middlewares/structuredLogger.js:107:13)

  console.log
    {"type":"response","timestamp":"2025-10-23T01:52:10.839Z","correlationId":"78d4e804-b8c1-44ac-8c8e-4f03fb1948dc","method":"POST","path":"/auth/login","status":200,"latency":"168ms","userId":"anonymous"}

      at log (src/api/middlewares/structuredLogger.js:107:13)

::ffff:127.0.0.1 - - [23/Oct/2025:01:52:10 +0000] "POST /auth/login HTTP/1.1" 200 111 "-" "-"
  console.log
    {"type":"request","timestamp":"2025-10-23T01:52:10.846Z","correlationId":"b7e8e2ba-8603-42c5-a7a5-d577e5c33919","method":"POST","path":"/auth/login","ip":"::ffff:127.0.0.1","userId":"anonymous","userAgent":"unknown","query":{}}

      at log (src/api/middlewares/structuredLogger.js:80:11)

  console.log
    [AuthController] Login attempt for email domain: unisabana.edu.co | IP: ::ffff:127.0.0.1 | correlationId: b7e8e2ba-8603-42c5-a7a5-d577e5c33919

      at AuthController.log [as login] (src/api/controllers/authController.js:62:15)

  console.log
    [AuthController] Login successful | userId: 68f98a4aa62d78b3796b67ed | role: passenger | correlationId: b7e8e2ba-8603-42c5-a7a5-d577e5c33919

      at AuthController.log [as login] (src/api/controllers/authController.js:89:15)

  console.log
    [AuthController] Response body: {
      id: '68f98a4aa62d78b3796b67ed',
      role: 'passenger',
      firstName: 'PassengerBookingTest',
      lastName: 'Passenger2'
    }

      at AuthController.log [as login] (src/api/controllers/authController.js:100:15)

  console.log
    {"type":"response","timestamp":"2025-10-23T01:52:11.005Z","correlationId":"b7e8e2ba-8603-42c5-a7a5-d577e5c33919","method":"POST","path":"/auth/login","status":200,"latency":"159ms","userId":"anonymous"}

      at log (src/api/middlewares/structuredLogger.js:107:13)

  console.log
    {"type":"response","timestamp":"2025-10-23T01:52:11.006Z","correlationId":"b7e8e2ba-8603-42c5-a7a5-d577e5c33919","method":"POST","path":"/auth/login","status":200,"latency":"160ms","userId":"anonymous"}

      at log (src/api/middlewares/structuredLogger.js:107:13)

::ffff:127.0.0.1 - - [23/Oct/2025:01:52:11 +0000] "POST /auth/login HTTP/1.1" 200 111 "-" "-"
  console.log
    {"type":"request","timestamp":"2025-10-23T01:52:11.621Z","correlationId":"d83487e3-9671-4d2e-8734-8cc04ada7459","method":"GET","path":"/passengers/trips/search?page=1&pageSize=3","ip":"::ffff:127.0.0.1","userId":"anonymous","userAgent":"unknown","query":{"page":"1","pageSize":"3"}}

      at log (src/api/middlewares/structuredLogger.js:80:11)

  console.log
    [PassengerTripController] Search trips | qOrigin: none | qDestination: none | fromDate: none | toDate: none | page: 1 | pageSize: 3 | correlationId: d83487e3-9671-4d2e-8734-8cc04ada7459

      at PassengerTripController.log [as searchTrips] (src/api/controllers/passengerTripController.js:33:15)

  console.log
    [PassengerTripController] Search completed | found: 5 | returned: 3 | correlationId: d83487e3-9671-4d2e-8734-8cc04ada7459

      at PassengerTripController.log [as searchTrips] (src/api/controllers/passengerTripController.js:50:15)

  console.log
    {"type":"response","timestamp":"2025-10-23T01:52:11.727Z","correlationId":"d83487e3-9671-4d2e-8734-8cc04ada7459","method":"GET","path":"/passengers/trips/search?page=1&pageSize=3","status":200,"latency":"106ms","userId":"68f98a4aa62d78b3796b67eb"}

      at log (src/api/middlewares/structuredLogger.js:107:13)

  console.log
    {"type":"response","timestamp":"2025-10-23T01:52:11.728Z","correlationId":"d83487e3-9671-4d2e-8734-8cc04ada7459","method":"GET","path":"/passengers/trips/search?page=1&pageSize=3","status":200,"latency":"107ms","userId":"68f98a4aa62d78b3796b67eb"}

      at log (src/api/middlewares/structuredLogger.js:107:13)

::ffff:127.0.0.1 - - [23/Oct/2025:01:52:11 +0000] "GET /passengers/trips/search?page=1&pageSize=3 HTTP/1.1" 200 1564 "-" "-"
  console.log
    {"type":"request","timestamp":"2025-10-23T01:52:12.500Z","correlationId":"90280366-b6e0-410e-8fa5-99094d456ec2","method":"POST","path":"/auth/login","ip":"::ffff:127.0.0.1","userId":"anonymous","userAgent":"unknown","query":{}}

      at log (src/api/middlewares/structuredLogger.js:80:11)

  console.log
    [AuthController] Login attempt for email domain: unisabana.edu.co | IP: ::ffff:127.0.0.1 | correlationId: 90280366-b6e0-410e-8fa5-99094d456ec2

      at AuthController.log [as login] (src/api/controllers/authController.js:62:15)

  console.log
    [AuthController] Login successful | userId: 68f98a4ca62d78b3796b6805 | role: passenger | correlationId: 90280366-b6e0-410e-8fa5-99094d456ec2

      at AuthController.log [as login] (src/api/controllers/authController.js:89:15)

  console.log
    [AuthController] Response body: {
      id: '68f98a4ca62d78b3796b6805',
      role: 'passenger',
      firstName: 'PassengerBookingTest',
      lastName: 'Passenger1'
    }

      at AuthController.log [as login] (src/api/controllers/authController.js:100:15)

  console.log
    {"type":"response","timestamp":"2025-10-23T01:52:12.676Z","correlationId":"90280366-b6e0-410e-8fa5-99094d456ec2","method":"POST","path":"/auth/login","status":200,"latency":"176ms","userId":"anonymous"}

      at log (src/api/middlewares/structuredLogger.js:107:13)

  console.log
    {"type":"response","timestamp":"2025-10-23T01:52:12.677Z","correlationId":"90280366-b6e0-410e-8fa5-99094d456ec2","method":"POST","path":"/auth/login","status":200,"latency":"177ms","userId":"anonymous"}

      at log (src/api/middlewares/structuredLogger.js:107:13)

::ffff:127.0.0.1 - - [23/Oct/2025:01:52:12 +0000] "POST /auth/login HTTP/1.1" 200 111 "-" "-"
  console.log
    {"type":"request","timestamp":"2025-10-23T01:52:12.683Z","correlationId":"7fc27454-6172-41f7-8a54-00cf8ed8330a","method":"POST","path":"/auth/login","ip":"::ffff:127.0.0.1","userId":"anonymous","userAgent":"unknown","query":{}}

      at log (src/api/middlewares/structuredLogger.js:80:11)

  console.log
    [AuthController] Login attempt for email domain: unisabana.edu.co | IP: ::ffff:127.0.0.1 | correlationId: 7fc27454-6172-41f7-8a54-00cf8ed8330a

      at AuthController.log [as login] (src/api/controllers/authController.js:62:15)

  console.log
    [AuthController] Login successful | userId: 68f98a4ca62d78b3796b6807 | role: passenger | correlationId: 7fc27454-6172-41f7-8a54-00cf8ed8330a

      at AuthController.log [as login] (src/api/controllers/authController.js:89:15)

  console.log
    [AuthController] Response body: {
      id: '68f98a4ca62d78b3796b6807',
      role: 'passenger',
      firstName: 'PassengerBookingTest',
      lastName: 'Passenger2'
    }

      at AuthController.log [as login] (src/api/controllers/authController.js:100:15)

  console.log
    {"type":"response","timestamp":"2025-10-23T01:52:12.844Z","correlationId":"7fc27454-6172-41f7-8a54-00cf8ed8330a","method":"POST","path":"/auth/login","status":200,"latency":"161ms","userId":"anonymous"}

      at log (src/api/middlewares/structuredLogger.js:107:13)

  console.log
    {"type":"response","timestamp":"2025-10-23T01:52:12.844Z","correlationId":"7fc27454-6172-41f7-8a54-00cf8ed8330a","method":"POST","path":"/auth/login","status":200,"latency":"161ms","userId":"anonymous"}

      at log (src/api/middlewares/structuredLogger.js:107:13)

::ffff:127.0.0.1 - - [23/Oct/2025:01:52:12 +0000] "POST /auth/login HTTP/1.1" 200 111 "-" "-"
  console.log
    {"type":"request","timestamp":"2025-10-23T01:52:12.958Z","correlationId":"d08ef906-44be-4004-820a-da6443b8df87","method":"GET","path":"/passengers/trips/search?pageSize=100","ip":"::ffff:127.0.0.1","userId":"anonymous","userAgent":"unknown","query":{"pageSize":"100"}}

      at log (src/api/middlewares/structuredLogger.js:80:11)

  console.log
    {"type":"response","timestamp":"2025-10-23T01:52:12.965Z","correlationId":"d08ef906-44be-4004-820a-da6443b8df87","method":"GET","path":"/passengers/trips/search?pageSize=100","status":400,"latency":"7ms","userId":"68f98a4ca62d78b3796b6805","error":{"code":"invalid_schema","message":"Validation failed"}}

      at log (src/api/middlewares/structuredLogger.js:107:13)

  console.log
    {"type":"response","timestamp":"2025-10-23T01:52:12.966Z","correlationId":"d08ef906-44be-4004-820a-da6443b8df87","method":"GET","path":"/passengers/trips/search?pageSize=100","status":400,"latency":"8ms","userId":"68f98a4ca62d78b3796b6805","error":{"code":"invalid_schema","message":"Validation failed"}}

      at log (src/api/middlewares/structuredLogger.js:107:13)

::ffff:127.0.0.1 - - [23/Oct/2025:01:52:12 +0000] "GET /passengers/trips/search?pageSize=100 HTTP/1.1" 400 181 "-" "-"
  console.log
    {"type":"request","timestamp":"2025-10-23T01:52:13.717Z","correlationId":"27ed8853-765f-44cf-8c3a-b31792b16c61","method":"POST","path":"/auth/login","ip":"::ffff:127.0.0.1","userId":"anonymous","userAgent":"unknown","query":{}}

      at log (src/api/middlewares/structuredLogger.js:80:11)

  console.log
    [AuthController] Login attempt for email domain: unisabana.edu.co | IP: ::ffff:127.0.0.1 | correlationId: 27ed8853-765f-44cf-8c3a-b31792b16c61

      at AuthController.log [as login] (src/api/controllers/authController.js:62:15)

  console.log
    [AuthController] Login successful | userId: 68f98a4da62d78b3796b6813 | role: passenger | correlationId: 27ed8853-765f-44cf-8c3a-b31792b16c61

      at AuthController.log [as login] (src/api/controllers/authController.js:89:15)

  console.log
    [AuthController] Response body: {
      id: '68f98a4da62d78b3796b6813',
      role: 'passenger',
      firstName: 'PassengerBookingTest',
      lastName: 'Passenger1'
    }

      at AuthController.log [as login] (src/api/controllers/authController.js:100:15)

  console.log
    {"type":"response","timestamp":"2025-10-23T01:52:13.880Z","correlationId":"27ed8853-765f-44cf-8c3a-b31792b16c61","method":"POST","path":"/auth/login","status":200,"latency":"163ms","userId":"anonymous"}

      at log (src/api/middlewares/structuredLogger.js:107:13)

  console.log
    {"type":"response","timestamp":"2025-10-23T01:52:13.881Z","correlationId":"27ed8853-765f-44cf-8c3a-b31792b16c61","method":"POST","path":"/auth/login","status":200,"latency":"164ms","userId":"anonymous"}

      at log (src/api/middlewares/structuredLogger.js:107:13)

::ffff:127.0.0.1 - - [23/Oct/2025:01:52:13 +0000] "POST /auth/login HTTP/1.1" 200 111 "-" "-"
  console.log
    {"type":"request","timestamp":"2025-10-23T01:52:13.888Z","correlationId":"8e66bd29-2210-48f6-98cc-78ccb64c4d2e","method":"POST","path":"/auth/login","ip":"::ffff:127.0.0.1","userId":"anonymous","userAgent":"unknown","query":{}}

      at log (src/api/middlewares/structuredLogger.js:80:11)

  console.log
    [AuthController] Login attempt for email domain: unisabana.edu.co | IP: ::ffff:127.0.0.1 | correlationId: 8e66bd29-2210-48f6-98cc-78ccb64c4d2e

      at AuthController.log [as login] (src/api/controllers/authController.js:62:15)

  console.log
    [AuthController] Login successful | userId: 68f98a4da62d78b3796b6815 | role: passenger | correlationId: 8e66bd29-2210-48f6-98cc-78ccb64c4d2e

      at AuthController.log [as login] (src/api/controllers/authController.js:89:15)

  console.log
    [AuthController] Response body: {
      id: '68f98a4da62d78b3796b6815',
      role: 'passenger',
      firstName: 'PassengerBookingTest',
      lastName: 'Passenger2'
    }

      at AuthController.log [as login] (src/api/controllers/authController.js:100:15)

  console.log
    {"type":"response","timestamp":"2025-10-23T01:52:14.051Z","correlationId":"8e66bd29-2210-48f6-98cc-78ccb64c4d2e","method":"POST","path":"/auth/login","status":200,"latency":"163ms","userId":"anonymous"}

      at log (src/api/middlewares/structuredLogger.js:107:13)

  console.log
    {"type":"response","timestamp":"2025-10-23T01:52:14.052Z","correlationId":"8e66bd29-2210-48f6-98cc-78ccb64c4d2e","method":"POST","path":"/auth/login","status":200,"latency":"164ms","userId":"anonymous"}

      at log (src/api/middlewares/structuredLogger.js:107:13)

::ffff:127.0.0.1 - - [23/Oct/2025:01:52:14 +0000] "POST /auth/login HTTP/1.1" 200 111 "-" "-"
  console.log
    {"type":"request","timestamp":"2025-10-23T01:52:14.161Z","correlationId":"96270adf-88ee-454e-9d01-87928051c0c9","method":"GET","path":"/passengers/trips/search","ip":"::ffff:127.0.0.1","userId":"anonymous","userAgent":"unknown","query":{}}

      at log (src/api/middlewares/structuredLogger.js:80:11)

  console.log
    {"type":"response","timestamp":"2025-10-23T01:52:14.164Z","correlationId":"96270adf-88ee-454e-9d01-87928051c0c9","method":"GET","path":"/passengers/trips/search","status":401,"latency":"3ms","userId":"anonymous","error":{"code":"unauthorized","message":"Missing or invalid session"}}

      at log (src/api/middlewares/structuredLogger.js:107:13)

  console.log
    {"type":"response","timestamp":"2025-10-23T01:52:14.165Z","correlationId":"96270adf-88ee-454e-9d01-87928051c0c9","method":"GET","path":"/passengers/trips/search","status":401,"latency":"4ms","userId":"anonymous","error":{"code":"unauthorized","message":"Missing or invalid session"}}

      at log (src/api/middlewares/structuredLogger.js:107:13)

::ffff:127.0.0.1 - - [23/Oct/2025:01:52:14 +0000] "GET /passengers/trips/search HTTP/1.1" 401 117 "-" "-"
  console.log
    {"type":"request","timestamp":"2025-10-23T01:52:14.923Z","correlationId":"8df9a54a-4b09-48fc-b8f9-32553fee3e6b","method":"POST","path":"/auth/login","ip":"::ffff:127.0.0.1","userId":"anonymous","userAgent":"unknown","query":{}}

      at log (src/api/middlewares/structuredLogger.js:80:11)

  console.log
    [AuthController] Login attempt for email domain: unisabana.edu.co | IP: ::ffff:127.0.0.1 | correlationId: 8df9a54a-4b09-48fc-b8f9-32553fee3e6b

      at AuthController.log [as login] (src/api/controllers/authController.js:62:15)

  console.log
    [AuthController] Login successful | userId: 68f98a4ea62d78b3796b6821 | role: passenger | correlationId: 8df9a54a-4b09-48fc-b8f9-32553fee3e6b

      at AuthController.log [as login] (src/api/controllers/authController.js:89:15)

  console.log
    [AuthController] Response body: {
      id: '68f98a4ea62d78b3796b6821',
      role: 'passenger',
      firstName: 'PassengerBookingTest',
      lastName: 'Passenger1'
    }

      at AuthController.log [as login] (src/api/controllers/authController.js:100:15)

  console.log
    {"type":"response","timestamp":"2025-10-23T01:52:15.086Z","correlationId":"8df9a54a-4b09-48fc-b8f9-32553fee3e6b","method":"POST","path":"/auth/login","status":200,"latency":"163ms","userId":"anonymous"}

      at log (src/api/middlewares/structuredLogger.js:107:13)

  console.log
    {"type":"response","timestamp":"2025-10-23T01:52:15.087Z","correlationId":"8df9a54a-4b09-48fc-b8f9-32553fee3e6b","method":"POST","path":"/auth/login","status":200,"latency":"164ms","userId":"anonymous"}

      at log (src/api/middlewares/structuredLogger.js:107:13)

::ffff:127.0.0.1 - - [23/Oct/2025:01:52:15 +0000] "POST /auth/login HTTP/1.1" 200 111 "-" "-"
  console.log
    {"type":"request","timestamp":"2025-10-23T01:52:15.097Z","correlationId":"b103b3f0-57bf-4765-b96c-dd1570e96ffa","method":"POST","path":"/auth/login","ip":"::ffff:127.0.0.1","userId":"anonymous","userAgent":"unknown","query":{}}

      at log (src/api/middlewares/structuredLogger.js:80:11)

  console.log
    [AuthController] Login attempt for email domain: unisabana.edu.co | IP: ::ffff:127.0.0.1 | correlationId: b103b3f0-57bf-4765-b96c-dd1570e96ffa

      at AuthController.log [as login] (src/api/controllers/authController.js:62:15)

  console.log
    [AuthController] Login successful | userId: 68f98a4ea62d78b3796b6823 | role: passenger | correlationId: b103b3f0-57bf-4765-b96c-dd1570e96ffa

      at AuthController.log [as login] (src/api/controllers/authController.js:89:15)

  console.log
    [AuthController] Response body: {
      id: '68f98a4ea62d78b3796b6823',
      role: 'passenger',
      firstName: 'PassengerBookingTest',
      lastName: 'Passenger2'
    }

      at AuthController.log [as login] (src/api/controllers/authController.js:100:15)

  console.log
    {"type":"response","timestamp":"2025-10-23T01:52:15.264Z","correlationId":"b103b3f0-57bf-4765-b96c-dd1570e96ffa","method":"POST","path":"/auth/login","status":200,"latency":"167ms","userId":"anonymous"}

      at log (src/api/middlewares/structuredLogger.js:107:13)

  console.log
    {"type":"response","timestamp":"2025-10-23T01:52:15.266Z","correlationId":"b103b3f0-57bf-4765-b96c-dd1570e96ffa","method":"POST","path":"/auth/login","status":200,"latency":"169ms","userId":"anonymous"}

      at log (src/api/middlewares/structuredLogger.js:107:13)

::ffff:127.0.0.1 - - [23/Oct/2025:01:52:15 +0000] "POST /auth/login HTTP/1.1" 200 111 "-" "-"
  console.log
    {"type":"request","timestamp":"2025-10-23T01:52:15.475Z","correlationId":"3a7c4975-4abc-44ca-8ad5-73fb347b3f93","method":"GET","path":"/passengers/trips/search","ip":"::ffff:127.0.0.1","userId":"anonymous","userAgent":"unknown","query":{}}

      at log (src/api/middlewares/structuredLogger.js:80:11)

  console.log
    [PassengerTripController] Search trips | qOrigin: none | qDestination: none | fromDate: none | toDate: none | page: 1 | pageSize: 10 | correlationId: 3a7c4975-4abc-44ca-8ad5-73fb347b3f93

      at PassengerTripController.log [as searchTrips] (src/api/controllers/passengerTripController.js:33:15)

  console.log
    [PassengerTripController] Search completed | found: 1 | returned: 1 | correlationId: 3a7c4975-4abc-44ca-8ad5-73fb347b3f93

      at PassengerTripController.log [as searchTrips] (src/api/controllers/passengerTripController.js:50:15)

  console.log
    {"type":"response","timestamp":"2025-10-23T01:52:15.578Z","correlationId":"3a7c4975-4abc-44ca-8ad5-73fb347b3f93","method":"GET","path":"/passengers/trips/search","status":200,"latency":"103ms","userId":"68f98a4ea62d78b3796b6821"}

      at log (src/api/middlewares/structuredLogger.js:107:13)

  console.log
    {"type":"response","timestamp":"2025-10-23T01:52:15.579Z","correlationId":"3a7c4975-4abc-44ca-8ad5-73fb347b3f93","method":"GET","path":"/passengers/trips/search","status":200,"latency":"104ms","userId":"68f98a4ea62d78b3796b6821"}

      at log (src/api/middlewares/structuredLogger.js:107:13)

::ffff:127.0.0.1 - - [23/Oct/2025:01:52:15 +0000] "GET /passengers/trips/search HTTP/1.1" 200 561 "-" "-"
  console.log
    {"type":"request","timestamp":"2025-10-23T01:52:16.345Z","correlationId":"0a1c526e-25f9-4b77-90bb-4d42a15b8e7e","method":"POST","path":"/auth/login","ip":"::ffff:127.0.0.1","userId":"anonymous","userAgent":"unknown","query":{}}

      at log (src/api/middlewares/structuredLogger.js:80:11)

  console.log
    [AuthController] Login attempt for email domain: unisabana.edu.co | IP: ::ffff:127.0.0.1 | correlationId: 0a1c526e-25f9-4b77-90bb-4d42a15b8e7e

      at AuthController.log [as login] (src/api/controllers/authController.js:62:15)

  console.log
    [AuthController] Login successful | userId: 68f98a50a62d78b3796b6833 | role: passenger | correlationId: 0a1c526e-25f9-4b77-90bb-4d42a15b8e7e

      at AuthController.log [as login] (src/api/controllers/authController.js:89:15)

  console.log
    [AuthController] Response body: {
      id: '68f98a50a62d78b3796b6833',
      role: 'passenger',
      firstName: 'PassengerBookingTest',
      lastName: 'Passenger1'
    }

      at AuthController.log [as login] (src/api/controllers/authController.js:100:15)

  console.log
    {"type":"response","timestamp":"2025-10-23T01:52:16.516Z","correlationId":"0a1c526e-25f9-4b77-90bb-4d42a15b8e7e","method":"POST","path":"/auth/login","status":200,"latency":"171ms","userId":"anonymous"}

      at log (src/api/middlewares/structuredLogger.js:107:13)

  console.log
    {"type":"response","timestamp":"2025-10-23T01:52:16.517Z","correlationId":"0a1c526e-25f9-4b77-90bb-4d42a15b8e7e","method":"POST","path":"/auth/login","status":200,"latency":"172ms","userId":"anonymous"}

      at log (src/api/middlewares/structuredLogger.js:107:13)

::ffff:127.0.0.1 - - [23/Oct/2025:01:52:16 +0000] "POST /auth/login HTTP/1.1" 200 111 "-" "-"
  console.log
    {"type":"request","timestamp":"2025-10-23T01:52:16.523Z","correlationId":"6df29e5c-e0e8-4a3c-b884-81fe50cd24b1","method":"POST","path":"/auth/login","ip":"::ffff:127.0.0.1","userId":"anonymous","userAgent":"unknown","query":{}}

      at log (src/api/middlewares/structuredLogger.js:80:11)

  console.log
    [AuthController] Login attempt for email domain: unisabana.edu.co | IP: ::ffff:127.0.0.1 | correlationId: 6df29e5c-e0e8-4a3c-b884-81fe50cd24b1

      at AuthController.log [as login] (src/api/controllers/authController.js:62:15)

  console.log
    [AuthController] Login successful | userId: 68f98a50a62d78b3796b6835 | role: passenger | correlationId: 6df29e5c-e0e8-4a3c-b884-81fe50cd24b1

      at AuthController.log [as login] (src/api/controllers/authController.js:89:15)

  console.log
    [AuthController] Response body: {
      id: '68f98a50a62d78b3796b6835',
      role: 'passenger',
      firstName: 'PassengerBookingTest',
      lastName: 'Passenger2'
    }

      at AuthController.log [as login] (src/api/controllers/authController.js:100:15)

  console.log
    {"type":"response","timestamp":"2025-10-23T01:52:16.697Z","correlationId":"6df29e5c-e0e8-4a3c-b884-81fe50cd24b1","method":"POST","path":"/auth/login","status":200,"latency":"174ms","userId":"anonymous"}

      at log (src/api/middlewares/structuredLogger.js:107:13)

  console.log
    {"type":"response","timestamp":"2025-10-23T01:52:16.697Z","correlationId":"6df29e5c-e0e8-4a3c-b884-81fe50cd24b1","method":"POST","path":"/auth/login","status":200,"latency":"174ms","userId":"anonymous"}

      at log (src/api/middlewares/structuredLogger.js:107:13)

::ffff:127.0.0.1 - - [23/Oct/2025:01:52:16 +0000] "POST /auth/login HTTP/1.1" 200 111 "-" "-"
  console.log
    {"type":"request","timestamp":"2025-10-23T01:52:17.007Z","correlationId":"fc1ced5d-dafe-4696-a555-c43e36ae6048","method":"POST","path":"/passengers/bookings","ip":"::ffff:127.0.0.1","userId":"anonymous","userAgent":"unknown","query":{}}

      at log (src/api/middlewares/structuredLogger.js:80:11)

  console.log
    [requireCsrf] CSRF validation failed | IP: ::ffff:127.0.0.1 | correlationId: fc1ced5d-dafe-4696-a555-c43e36ae6048

      at log (src/api/middlewares/requireCsrf.js:47:13)

  console.log
    {"type":"response","timestamp":"2025-10-23T01:52:17.016Z","correlationId":"fc1ced5d-dafe-4696-a555-c43e36ae6048","method":"POST","path":"/passengers/bookings","status":403,"latency":"9ms","userId":"68f98a50a62d78b3796b6833","error":{"code":"csrf_mismatch","message":"CSRF token missing or invalid"}}

      at log (src/api/middlewares/structuredLogger.js:107:13)

  console.log
    {"type":"response","timestamp":"2025-10-23T01:52:17.018Z","correlationId":"fc1ced5d-dafe-4696-a555-c43e36ae6048","method":"POST","path":"/passengers/bookings","status":403,"latency":"11ms","userId":"68f98a50a62d78b3796b6833","error":{"code":"csrf_mismatch","message":"CSRF token missing or invalid"}}

      at log (src/api/middlewares/structuredLogger.js:107:13)

::ffff:127.0.0.1 - - [23/Oct/2025:01:52:17 +0000] "POST /passengers/bookings HTTP/1.1" 403 121 "-" "-"
  console.log
    {"type":"request","timestamp":"2025-10-23T01:52:17.808Z","correlationId":"fd1dfeae-9f88-40a5-8b8c-a2dccced667e","method":"POST","path":"/auth/login","ip":"::ffff:127.0.0.1","userId":"anonymous","userAgent":"unknown","query":{}}

      at log (src/api/middlewares/structuredLogger.js:80:11)

  console.log
    [AuthController] Login attempt for email domain: unisabana.edu.co | IP: ::ffff:127.0.0.1 | correlationId: fd1dfeae-9f88-40a5-8b8c-a2dccced667e

      at AuthController.log [as login] (src/api/controllers/authController.js:62:15)

  console.log
    [AuthController] Login successful | userId: 68f98a51a62d78b3796b6845 | role: passenger | correlationId: fd1dfeae-9f88-40a5-8b8c-a2dccced667e

      at AuthController.log [as login] (src/api/controllers/authController.js:89:15)

  console.log
    [AuthController] Response body: {
      id: '68f98a51a62d78b3796b6845',
      role: 'passenger',
      firstName: 'PassengerBookingTest',
      lastName: 'Passenger1'
    }

      at AuthController.log [as login] (src/api/controllers/authController.js:100:15)

  console.log
    {"type":"response","timestamp":"2025-10-23T01:52:17.977Z","correlationId":"fd1dfeae-9f88-40a5-8b8c-a2dccced667e","method":"POST","path":"/auth/login","status":200,"latency":"169ms","userId":"anonymous"}

      at log (src/api/middlewares/structuredLogger.js:107:13)

  console.log
    {"type":"response","timestamp":"2025-10-23T01:52:17.978Z","correlationId":"fd1dfeae-9f88-40a5-8b8c-a2dccced667e","method":"POST","path":"/auth/login","status":200,"latency":"170ms","userId":"anonymous"}

      at log (src/api/middlewares/structuredLogger.js:107:13)

::ffff:127.0.0.1 - - [23/Oct/2025:01:52:17 +0000] "POST /auth/login HTTP/1.1" 200 111 "-" "-"
  console.log
    {"type":"request","timestamp":"2025-10-23T01:52:17.985Z","correlationId":"55861b53-9fe5-4b4e-b25d-36d8f62dcfa8","method":"POST","path":"/auth/login","ip":"::ffff:127.0.0.1","userId":"anonymous","userAgent":"unknown","query":{}}

      at log (src/api/middlewares/structuredLogger.js:80:11)

  console.log
    [AuthController] Login attempt for email domain: unisabana.edu.co | IP: ::ffff:127.0.0.1 | correlationId: 55861b53-9fe5-4b4e-b25d-36d8f62dcfa8

      at AuthController.log [as login] (src/api/controllers/authController.js:62:15)

  console.log
    [AuthController] Login successful | userId: 68f98a51a62d78b3796b6847 | role: passenger | correlationId: 55861b53-9fe5-4b4e-b25d-36d8f62dcfa8

      at AuthController.log [as login] (src/api/controllers/authController.js:89:15)

  console.log
    [AuthController] Response body: {
      id: '68f98a51a62d78b3796b6847',
      role: 'passenger',
      firstName: 'PassengerBookingTest',
      lastName: 'Passenger2'
    }

      at AuthController.log [as login] (src/api/controllers/authController.js:100:15)

  console.log
    {"type":"response","timestamp":"2025-10-23T01:52:18.153Z","correlationId":"55861b53-9fe5-4b4e-b25d-36d8f62dcfa8","method":"POST","path":"/auth/login","status":200,"latency":"168ms","userId":"anonymous"}

      at log (src/api/middlewares/structuredLogger.js:107:13)

  console.log
    {"type":"response","timestamp":"2025-10-23T01:52:18.154Z","correlationId":"55861b53-9fe5-4b4e-b25d-36d8f62dcfa8","method":"POST","path":"/auth/login","status":200,"latency":"169ms","userId":"anonymous"}

      at log (src/api/middlewares/structuredLogger.js:107:13)

::ffff:127.0.0.1 - - [23/Oct/2025:01:52:18 +0000] "POST /auth/login HTTP/1.1" 200 111 "-" "-"
  console.log
    {"type":"request","timestamp":"2025-10-23T01:52:18.469Z","correlationId":"d663eab5-38df-4041-b35d-3ef2b5adfa6c","method":"POST","path":"/passengers/bookings","ip":"::ffff:127.0.0.1","userId":"anonymous","userAgent":"unknown","query":{}}

      at log (src/api/middlewares/structuredLogger.js:80:11)

  console.log
    [requireCsrf] CSRF validation failed | IP: ::ffff:127.0.0.1 | correlationId: d663eab5-38df-4041-b35d-3ef2b5adfa6c

      at log (src/api/middlewares/requireCsrf.js:47:13)

  console.log
    {"type":"response","timestamp":"2025-10-23T01:52:18.475Z","correlationId":"d663eab5-38df-4041-b35d-3ef2b5adfa6c","method":"POST","path":"/passengers/bookings","status":403,"latency":"6ms","userId":"68f98a51a62d78b3796b6845","error":{"code":"csrf_mismatch","message":"CSRF token missing or invalid"}}

      at log (src/api/middlewares/structuredLogger.js:107:13)

  console.log
    {"type":"response","timestamp":"2025-10-23T01:52:18.476Z","correlationId":"d663eab5-38df-4041-b35d-3ef2b5adfa6c","method":"POST","path":"/passengers/bookings","status":403,"latency":"7ms","userId":"68f98a51a62d78b3796b6845","error":{"code":"csrf_mismatch","message":"CSRF token missing or invalid"}}

      at log (src/api/middlewares/structuredLogger.js:107:13)

::ffff:127.0.0.1 - - [23/Oct/2025:01:52:18 +0000] "POST /passengers/bookings HTTP/1.1" 403 121 "-" "-"
  console.log
    {"type":"request","timestamp":"2025-10-23T01:52:19.233Z","correlationId":"aea5af8a-75d0-4bb0-baa1-c6f11535cbf1","method":"POST","path":"/auth/login","ip":"::ffff:127.0.0.1","userId":"anonymous","userAgent":"unknown","query":{}}

      at log (src/api/middlewares/structuredLogger.js:80:11)

  console.log
    [AuthController] Login attempt for email domain: unisabana.edu.co | IP: ::ffff:127.0.0.1 | correlationId: aea5af8a-75d0-4bb0-baa1-c6f11535cbf1

      at AuthController.log [as login] (src/api/controllers/authController.js:62:15)

  console.log
    [AuthController] Login successful | userId: 68f98a53a62d78b3796b6857 | role: passenger | correlationId: aea5af8a-75d0-4bb0-baa1-c6f11535cbf1

      at AuthController.log [as login] (src/api/controllers/authController.js:89:15)

  console.log
    [AuthController] Response body: {
      id: '68f98a53a62d78b3796b6857',
      role: 'passenger',
      firstName: 'PassengerBookingTest',
      lastName: 'Passenger1'
    }

      at AuthController.log [as login] (src/api/controllers/authController.js:100:15)

  console.log
    {"type":"response","timestamp":"2025-10-23T01:52:19.395Z","correlationId":"aea5af8a-75d0-4bb0-baa1-c6f11535cbf1","method":"POST","path":"/auth/login","status":200,"latency":"162ms","userId":"anonymous"}

      at log (src/api/middlewares/structuredLogger.js:107:13)

  console.log
    {"type":"response","timestamp":"2025-10-23T01:52:19.395Z","correlationId":"aea5af8a-75d0-4bb0-baa1-c6f11535cbf1","method":"POST","path":"/auth/login","status":200,"latency":"162ms","userId":"anonymous"}

      at log (src/api/middlewares/structuredLogger.js:107:13)

::ffff:127.0.0.1 - - [23/Oct/2025:01:52:19 +0000] "POST /auth/login HTTP/1.1" 200 111 "-" "-"
  console.log
    {"type":"request","timestamp":"2025-10-23T01:52:19.401Z","correlationId":"4082865c-9c30-4299-a12d-c331665ee7ea","method":"POST","path":"/auth/login","ip":"::ffff:127.0.0.1","userId":"anonymous","userAgent":"unknown","query":{}}

      at log (src/api/middlewares/structuredLogger.js:80:11)

  console.log
    [AuthController] Login attempt for email domain: unisabana.edu.co | IP: ::ffff:127.0.0.1 | correlationId: 4082865c-9c30-4299-a12d-c331665ee7ea

      at AuthController.log [as login] (src/api/controllers/authController.js:62:15)

  console.log
    [AuthController] Login successful | userId: 68f98a53a62d78b3796b6859 | role: passenger | correlationId: 4082865c-9c30-4299-a12d-c331665ee7ea

      at AuthController.log [as login] (src/api/controllers/authController.js:89:15)

  console.log
    [AuthController] Response body: {
      id: '68f98a53a62d78b3796b6859',
      role: 'passenger',
      firstName: 'PassengerBookingTest',
      lastName: 'Passenger2'
    }

      at AuthController.log [as login] (src/api/controllers/authController.js:100:15)

  console.log
    {"type":"response","timestamp":"2025-10-23T01:52:19.569Z","correlationId":"4082865c-9c30-4299-a12d-c331665ee7ea","method":"POST","path":"/auth/login","status":200,"latency":"168ms","userId":"anonymous"}

      at log (src/api/middlewares/structuredLogger.js:107:13)

  console.log
    {"type":"response","timestamp":"2025-10-23T01:52:19.569Z","correlationId":"4082865c-9c30-4299-a12d-c331665ee7ea","method":"POST","path":"/auth/login","status":200,"latency":"168ms","userId":"anonymous"}

      at log (src/api/middlewares/structuredLogger.js:107:13)

::ffff:127.0.0.1 - - [23/Oct/2025:01:52:19 +0000] "POST /auth/login HTTP/1.1" 200 111 "-" "-"
  console.log
    {"type":"request","timestamp":"2025-10-23T01:52:19.883Z","correlationId":"47869525-921e-45b9-ac8a-47e149569f41","method":"POST","path":"/passengers/bookings","ip":"::ffff:127.0.0.1","userId":"anonymous","userAgent":"unknown","query":{}}

      at log (src/api/middlewares/structuredLogger.js:80:11)

  console.log
    [requireCsrf] CSRF validation failed | IP: ::ffff:127.0.0.1 | correlationId: 47869525-921e-45b9-ac8a-47e149569f41

      at log (src/api/middlewares/requireCsrf.js:47:13)

  console.log
    {"type":"response","timestamp":"2025-10-23T01:52:19.888Z","correlationId":"47869525-921e-45b9-ac8a-47e149569f41","method":"POST","path":"/passengers/bookings","status":403,"latency":"5ms","userId":"68f98a53a62d78b3796b6857","error":{"code":"csrf_mismatch","message":"CSRF token missing or invalid"}}

      at log (src/api/middlewares/structuredLogger.js:107:13)

  console.log
    {"type":"response","timestamp":"2025-10-23T01:52:19.889Z","correlationId":"47869525-921e-45b9-ac8a-47e149569f41","method":"POST","path":"/passengers/bookings","status":403,"latency":"6ms","userId":"68f98a53a62d78b3796b6857","error":{"code":"csrf_mismatch","message":"CSRF token missing or invalid"}}

      at log (src/api/middlewares/structuredLogger.js:107:13)

::ffff:127.0.0.1 - - [23/Oct/2025:01:52:19 +0000] "POST /passengers/bookings HTTP/1.1" 403 121 "-" "-"
  console.log
    {"type":"request","timestamp":"2025-10-23T01:52:20.663Z","correlationId":"208665da-dd9f-4be3-8077-7d9e7f228976","method":"POST","path":"/auth/login","ip":"::ffff:127.0.0.1","userId":"anonymous","userAgent":"unknown","query":{}}

      at log (src/api/middlewares/structuredLogger.js:80:11)

  console.log
    [AuthController] Login attempt for email domain: unisabana.edu.co | IP: ::ffff:127.0.0.1 | correlationId: 208665da-dd9f-4be3-8077-7d9e7f228976

      at AuthController.log [as login] (src/api/controllers/authController.js:62:15)

  console.log
    [AuthController] Login successful | userId: 68f98a54a62d78b3796b6869 | role: passenger | correlationId: 208665da-dd9f-4be3-8077-7d9e7f228976

      at AuthController.log [as login] (src/api/controllers/authController.js:89:15)

  console.log
    [AuthController] Response body: {
      id: '68f98a54a62d78b3796b6869',
      role: 'passenger',
      firstName: 'PassengerBookingTest',
      lastName: 'Passenger1'
    }

      at AuthController.log [as login] (src/api/controllers/authController.js:100:15)

  console.log
    {"type":"response","timestamp":"2025-10-23T01:52:20.825Z","correlationId":"208665da-dd9f-4be3-8077-7d9e7f228976","method":"POST","path":"/auth/login","status":200,"latency":"162ms","userId":"anonymous"}

      at log (src/api/middlewares/structuredLogger.js:107:13)

  console.log
    {"type":"response","timestamp":"2025-10-23T01:52:20.826Z","correlationId":"208665da-dd9f-4be3-8077-7d9e7f228976","method":"POST","path":"/auth/login","status":200,"latency":"163ms","userId":"anonymous"}

      at log (src/api/middlewares/structuredLogger.js:107:13)

::ffff:127.0.0.1 - - [23/Oct/2025:01:52:20 +0000] "POST /auth/login HTTP/1.1" 200 111 "-" "-"
  console.log
    {"type":"request","timestamp":"2025-10-23T01:52:20.837Z","correlationId":"e183bf51-086f-493a-88a5-55b161b9864b","method":"POST","path":"/auth/login","ip":"::ffff:127.0.0.1","userId":"anonymous","userAgent":"unknown","query":{}}

      at log (src/api/middlewares/structuredLogger.js:80:11)

  console.log
    [AuthController] Login attempt for email domain: unisabana.edu.co | IP: ::ffff:127.0.0.1 | correlationId: e183bf51-086f-493a-88a5-55b161b9864b

      at AuthController.log [as login] (src/api/controllers/authController.js:62:15)

  console.log
    [AuthController] Login successful | userId: 68f98a54a62d78b3796b686b | role: passenger | correlationId: e183bf51-086f-493a-88a5-55b161b9864b

      at AuthController.log [as login] (src/api/controllers/authController.js:89:15)

  console.log
    [AuthController] Response body: {
      id: '68f98a54a62d78b3796b686b',
      role: 'passenger',
      firstName: 'PassengerBookingTest',
      lastName: 'Passenger2'
    }

      at AuthController.log [as login] (src/api/controllers/authController.js:100:15)

  console.log
    {"type":"response","timestamp":"2025-10-23T01:52:21.011Z","correlationId":"e183bf51-086f-493a-88a5-55b161b9864b","method":"POST","path":"/auth/login","status":200,"latency":"174ms","userId":"anonymous"}

      at log (src/api/middlewares/structuredLogger.js:107:13)

  console.log
    {"type":"response","timestamp":"2025-10-23T01:52:21.012Z","correlationId":"e183bf51-086f-493a-88a5-55b161b9864b","method":"POST","path":"/auth/login","status":200,"latency":"175ms","userId":"anonymous"}

      at log (src/api/middlewares/structuredLogger.js:107:13)

::ffff:127.0.0.1 - - [23/Oct/2025:01:52:21 +0000] "POST /auth/login HTTP/1.1" 200 111 "-" "-"
  console.log
    {"type":"request","timestamp":"2025-10-23T01:52:21.323Z","correlationId":"59d012ce-fbdc-4a9e-a33e-1f31b9bc62e8","method":"POST","path":"/passengers/bookings","ip":"::ffff:127.0.0.1","userId":"anonymous","userAgent":"unknown","query":{}}

      at log (src/api/middlewares/structuredLogger.js:80:11)

  console.log
    [requireCsrf] CSRF validation failed | IP: ::ffff:127.0.0.1 | correlationId: 59d012ce-fbdc-4a9e-a33e-1f31b9bc62e8

      at log (src/api/middlewares/requireCsrf.js:47:13)

  console.log
    {"type":"response","timestamp":"2025-10-23T01:52:21.330Z","correlationId":"59d012ce-fbdc-4a9e-a33e-1f31b9bc62e8","method":"POST","path":"/passengers/bookings","status":403,"latency":"7ms","userId":"68f98a54a62d78b3796b6869","error":{"code":"csrf_mismatch","message":"CSRF token missing or invalid"}}

      at log (src/api/middlewares/structuredLogger.js:107:13)

  console.log
    {"type":"response","timestamp":"2025-10-23T01:52:21.331Z","correlationId":"59d012ce-fbdc-4a9e-a33e-1f31b9bc62e8","method":"POST","path":"/passengers/bookings","status":403,"latency":"8ms","userId":"68f98a54a62d78b3796b6869","error":{"code":"csrf_mismatch","message":"CSRF token missing or invalid"}}

      at log (src/api/middlewares/structuredLogger.js:107:13)

::ffff:127.0.0.1 - - [23/Oct/2025:01:52:21 +0000] "POST /passengers/bookings HTTP/1.1" 403 121 "-" "-"
  console.log
    {"type":"request","timestamp":"2025-10-23T01:52:22.091Z","correlationId":"ae09130d-c3e9-4517-89d5-3e6ca01800de","method":"POST","path":"/auth/login","ip":"::ffff:127.0.0.1","userId":"anonymous","userAgent":"unknown","query":{}}

      at log (src/api/middlewares/structuredLogger.js:80:11)

  console.log
    [AuthController] Login attempt for email domain: unisabana.edu.co | IP: ::ffff:127.0.0.1 | correlationId: ae09130d-c3e9-4517-89d5-3e6ca01800de

      at AuthController.log [as login] (src/api/controllers/authController.js:62:15)

  console.log
    [AuthController] Login successful | userId: 68f98a55a62d78b3796b687b | role: passenger | correlationId: ae09130d-c3e9-4517-89d5-3e6ca01800de

      at AuthController.log [as login] (src/api/controllers/authController.js:89:15)

  console.log
    [AuthController] Response body: {
      id: '68f98a55a62d78b3796b687b',
      role: 'passenger',
      firstName: 'PassengerBookingTest',
      lastName: 'Passenger1'
    }

      at AuthController.log [as login] (src/api/controllers/authController.js:100:15)

  console.log
    {"type":"response","timestamp":"2025-10-23T01:52:22.269Z","correlationId":"ae09130d-c3e9-4517-89d5-3e6ca01800de","method":"POST","path":"/auth/login","status":200,"latency":"178ms","userId":"anonymous"}

      at log (src/api/middlewares/structuredLogger.js:107:13)

  console.log
    {"type":"response","timestamp":"2025-10-23T01:52:22.270Z","correlationId":"ae09130d-c3e9-4517-89d5-3e6ca01800de","method":"POST","path":"/auth/login","status":200,"latency":"179ms","userId":"anonymous"}

      at log (src/api/middlewares/structuredLogger.js:107:13)

::ffff:127.0.0.1 - - [23/Oct/2025:01:52:22 +0000] "POST /auth/login HTTP/1.1" 200 111 "-" "-"
  console.log
    {"type":"request","timestamp":"2025-10-23T01:52:22.279Z","correlationId":"643e84a5-881a-48e4-b1ac-d7cc47c02312","method":"POST","path":"/auth/login","ip":"::ffff:127.0.0.1","userId":"anonymous","userAgent":"unknown","query":{}}

      at log (src/api/middlewares/structuredLogger.js:80:11)

  console.log
    [AuthController] Login attempt for email domain: unisabana.edu.co | IP: ::ffff:127.0.0.1 | correlationId: 643e84a5-881a-48e4-b1ac-d7cc47c02312

      at AuthController.log [as login] (src/api/controllers/authController.js:62:15)

  console.log
    [AuthController] Login successful | userId: 68f98a55a62d78b3796b687d | role: passenger | correlationId: 643e84a5-881a-48e4-b1ac-d7cc47c02312

      at AuthController.log [as login] (src/api/controllers/authController.js:89:15)

  console.log
    [AuthController] Response body: {
      id: '68f98a55a62d78b3796b687d',
      role: 'passenger',
      firstName: 'PassengerBookingTest',
      lastName: 'Passenger2'
    }

      at AuthController.log [as login] (src/api/controllers/authController.js:100:15)

  console.log
    {"type":"response","timestamp":"2025-10-23T01:52:22.443Z","correlationId":"643e84a5-881a-48e4-b1ac-d7cc47c02312","method":"POST","path":"/auth/login","status":200,"latency":"164ms","userId":"anonymous"}

      at log (src/api/middlewares/structuredLogger.js:107:13)

  console.log
    {"type":"response","timestamp":"2025-10-23T01:52:22.444Z","correlationId":"643e84a5-881a-48e4-b1ac-d7cc47c02312","method":"POST","path":"/auth/login","status":200,"latency":"165ms","userId":"anonymous"}

      at log (src/api/middlewares/structuredLogger.js:107:13)

::ffff:127.0.0.1 - - [23/Oct/2025:01:52:22 +0000] "POST /auth/login HTTP/1.1" 200 111 "-" "-"
  console.log
    {"type":"request","timestamp":"2025-10-23T01:52:22.757Z","correlationId":"d2d53fe9-de69-4bf1-8d85-a563e499f018","method":"POST","path":"/passengers/bookings","ip":"::ffff:127.0.0.1","userId":"anonymous","userAgent":"unknown","query":{}}

      at log (src/api/middlewares/structuredLogger.js:80:11)

  console.log
    [requireCsrf] CSRF validation failed | IP: ::ffff:127.0.0.1 | correlationId: d2d53fe9-de69-4bf1-8d85-a563e499f018

      at log (src/api/middlewares/requireCsrf.js:47:13)

  console.log
    {"type":"response","timestamp":"2025-10-23T01:52:22.763Z","correlationId":"d2d53fe9-de69-4bf1-8d85-a563e499f018","method":"POST","path":"/passengers/bookings","status":403,"latency":"6ms","userId":"68f98a55a62d78b3796b687b","error":{"code":"csrf_mismatch","message":"CSRF token missing or invalid"}}

      at log (src/api/middlewares/structuredLogger.js:107:13)

  console.log
    {"type":"response","timestamp":"2025-10-23T01:52:22.764Z","correlationId":"d2d53fe9-de69-4bf1-8d85-a563e499f018","method":"POST","path":"/passengers/bookings","status":403,"latency":"7ms","userId":"68f98a55a62d78b3796b687b","error":{"code":"csrf_mismatch","message":"CSRF token missing or invalid"}}

      at log (src/api/middlewares/structuredLogger.js:107:13)

::ffff:127.0.0.1 - - [23/Oct/2025:01:52:22 +0000] "POST /passengers/bookings HTTP/1.1" 403 121 "-" "-"
  console.log
    {"type":"request","timestamp":"2025-10-23T01:52:23.538Z","correlationId":"23746288-26e0-4c85-bce4-34443b503fea","method":"POST","path":"/auth/login","ip":"::ffff:127.0.0.1","userId":"anonymous","userAgent":"unknown","query":{}}

      at log (src/api/middlewares/structuredLogger.js:80:11)

  console.log
    [AuthController] Login attempt for email domain: unisabana.edu.co | IP: ::ffff:127.0.0.1 | correlationId: 23746288-26e0-4c85-bce4-34443b503fea

      at AuthController.log [as login] (src/api/controllers/authController.js:62:15)

  console.log
    [AuthController] Login successful | userId: 68f98a57a62d78b3796b688d | role: passenger | correlationId: 23746288-26e0-4c85-bce4-34443b503fea

      at AuthController.log [as login] (src/api/controllers/authController.js:89:15)

  console.log
    [AuthController] Response body: {
      id: '68f98a57a62d78b3796b688d',
      role: 'passenger',
      firstName: 'PassengerBookingTest',
      lastName: 'Passenger1'
    }

      at AuthController.log [as login] (src/api/controllers/authController.js:100:15)

  console.log
    {"type":"response","timestamp":"2025-10-23T01:52:23.707Z","correlationId":"23746288-26e0-4c85-bce4-34443b503fea","method":"POST","path":"/auth/login","status":200,"latency":"169ms","userId":"anonymous"}

      at log (src/api/middlewares/structuredLogger.js:107:13)

  console.log
    {"type":"response","timestamp":"2025-10-23T01:52:23.708Z","correlationId":"23746288-26e0-4c85-bce4-34443b503fea","method":"POST","path":"/auth/login","status":200,"latency":"170ms","userId":"anonymous"}

      at log (src/api/middlewares/structuredLogger.js:107:13)

::ffff:127.0.0.1 - - [23/Oct/2025:01:52:23 +0000] "POST /auth/login HTTP/1.1" 200 111 "-" "-"
  console.log
    {"type":"request","timestamp":"2025-10-23T01:52:23.718Z","correlationId":"55827db8-dea8-41ed-ae06-f159531982be","method":"POST","path":"/auth/login","ip":"::ffff:127.0.0.1","userId":"anonymous","userAgent":"unknown","query":{}}

      at log (src/api/middlewares/structuredLogger.js:80:11)

  console.log
    [AuthController] Login attempt for email domain: unisabana.edu.co | IP: ::ffff:127.0.0.1 | correlationId: 55827db8-dea8-41ed-ae06-f159531982be

      at AuthController.log [as login] (src/api/controllers/authController.js:62:15)

  console.log
    [AuthController] Login successful | userId: 68f98a57a62d78b3796b688f | role: passenger | correlationId: 55827db8-dea8-41ed-ae06-f159531982be

      at AuthController.log [as login] (src/api/controllers/authController.js:89:15)

  console.log
    [AuthController] Response body: {
      id: '68f98a57a62d78b3796b688f',
      role: 'passenger',
      firstName: 'PassengerBookingTest',
      lastName: 'Passenger2'
    }

      at AuthController.log [as login] (src/api/controllers/authController.js:100:15)

  console.log
    {"type":"response","timestamp":"2025-10-23T01:52:23.889Z","correlationId":"55827db8-dea8-41ed-ae06-f159531982be","method":"POST","path":"/auth/login","status":200,"latency":"171ms","userId":"anonymous"}

      at log (src/api/middlewares/structuredLogger.js:107:13)

  console.log
    {"type":"response","timestamp":"2025-10-23T01:52:23.889Z","correlationId":"55827db8-dea8-41ed-ae06-f159531982be","method":"POST","path":"/auth/login","status":200,"latency":"171ms","userId":"anonymous"}

      at log (src/api/middlewares/structuredLogger.js:107:13)

::ffff:127.0.0.1 - - [23/Oct/2025:01:52:23 +0000] "POST /auth/login HTTP/1.1" 200 111 "-" "-"
  console.log
    {"type":"request","timestamp":"2025-10-23T01:52:24.195Z","correlationId":"fd560486-f703-4423-9269-05ecad1fb30e","method":"POST","path":"/passengers/bookings","ip":"::ffff:127.0.0.1","userId":"anonymous","userAgent":"unknown","query":{}}

      at log (src/api/middlewares/structuredLogger.js:80:11)

  console.log
    {"type":"response","timestamp":"2025-10-23T01:52:24.199Z","correlationId":"fd560486-f703-4423-9269-05ecad1fb30e","method":"POST","path":"/passengers/bookings","status":401,"latency":"4ms","userId":"anonymous","error":{"code":"unauthorized","message":"Missing or invalid session"}}

      at log (src/api/middlewares/structuredLogger.js:107:13)

  console.log
    {"type":"response","timestamp":"2025-10-23T01:52:24.200Z","correlationId":"fd560486-f703-4423-9269-05ecad1fb30e","method":"POST","path":"/passengers/bookings","status":401,"latency":"5ms","userId":"anonymous","error":{"code":"unauthorized","message":"Missing or invalid session"}}

      at log (src/api/middlewares/structuredLogger.js:107:13)

::ffff:127.0.0.1 - - [23/Oct/2025:01:52:24 +0000] "POST /passengers/bookings HTTP/1.1" 401 117 "-" "-"
  console.log
    {"type":"request","timestamp":"2025-10-23T01:52:24.981Z","correlationId":"ca29c4e5-5531-4708-b697-a924f0542979","method":"POST","path":"/auth/login","ip":"::ffff:127.0.0.1","userId":"anonymous","userAgent":"unknown","query":{}}

      at log (src/api/middlewares/structuredLogger.js:80:11)

  console.log
    [AuthController] Login attempt for email domain: unisabana.edu.co | IP: ::ffff:127.0.0.1 | correlationId: ca29c4e5-5531-4708-b697-a924f0542979

      at AuthController.log [as login] (src/api/controllers/authController.js:62:15)

  console.log
    [AuthController] Login successful | userId: 68f98a58a62d78b3796b689f | role: passenger | correlationId: ca29c4e5-5531-4708-b697-a924f0542979

      at AuthController.log [as login] (src/api/controllers/authController.js:89:15)

  console.log
    [AuthController] Response body: {
      id: '68f98a58a62d78b3796b689f',
      role: 'passenger',
      firstName: 'PassengerBookingTest',
      lastName: 'Passenger1'
    }

      at AuthController.log [as login] (src/api/controllers/authController.js:100:15)

  console.log
    {"type":"response","timestamp":"2025-10-23T01:52:25.140Z","correlationId":"ca29c4e5-5531-4708-b697-a924f0542979","method":"POST","path":"/auth/login","status":200,"latency":"159ms","userId":"anonymous"}

      at log (src/api/middlewares/structuredLogger.js:107:13)

  console.log
    {"type":"response","timestamp":"2025-10-23T01:52:25.141Z","correlationId":"ca29c4e5-5531-4708-b697-a924f0542979","method":"POST","path":"/auth/login","status":200,"latency":"160ms","userId":"anonymous"}

      at log (src/api/middlewares/structuredLogger.js:107:13)

::ffff:127.0.0.1 - - [23/Oct/2025:01:52:25 +0000] "POST /auth/login HTTP/1.1" 200 111 "-" "-"
  console.log
    {"type":"request","timestamp":"2025-10-23T01:52:25.149Z","correlationId":"84f17565-d623-4d79-91bf-3a69da6add52","method":"POST","path":"/auth/login","ip":"::ffff:127.0.0.1","userId":"anonymous","userAgent":"unknown","query":{}}

      at log (src/api/middlewares/structuredLogger.js:80:11)

  console.log
    [AuthController] Login attempt for email domain: unisabana.edu.co | IP: ::ffff:127.0.0.1 | correlationId: 84f17565-d623-4d79-91bf-3a69da6add52

      at AuthController.log [as login] (src/api/controllers/authController.js:62:15)

  console.log
    [AuthController] Login successful | userId: 68f98a58a62d78b3796b68a1 | role: passenger | correlationId: 84f17565-d623-4d79-91bf-3a69da6add52

      at AuthController.log [as login] (src/api/controllers/authController.js:89:15)

  console.log
    [AuthController] Response body: {
      id: '68f98a58a62d78b3796b68a1',
      role: 'passenger',
      firstName: 'PassengerBookingTest',
      lastName: 'Passenger2'
    }

      at AuthController.log [as login] (src/api/controllers/authController.js:100:15)

  console.log
    {"type":"response","timestamp":"2025-10-23T01:52:25.322Z","correlationId":"84f17565-d623-4d79-91bf-3a69da6add52","method":"POST","path":"/auth/login","status":200,"latency":"173ms","userId":"anonymous"}

      at log (src/api/middlewares/structuredLogger.js:107:13)

  console.log
    {"type":"response","timestamp":"2025-10-23T01:52:25.323Z","correlationId":"84f17565-d623-4d79-91bf-3a69da6add52","method":"POST","path":"/auth/login","status":200,"latency":"174ms","userId":"anonymous"}

      at log (src/api/middlewares/structuredLogger.js:107:13)

::ffff:127.0.0.1 - - [23/Oct/2025:01:52:25 +0000] "POST /auth/login HTTP/1.1" 200 111 "-" "-"
  console.log
    {"type":"request","timestamp":"2025-10-23T01:52:25.640Z","correlationId":"56c3fbd8-a226-44d3-840c-a6d82de70bce","method":"POST","path":"/passengers/bookings","ip":"::ffff:127.0.0.1","userId":"anonymous","userAgent":"unknown","query":{}}

      at log (src/api/middlewares/structuredLogger.js:80:11)

  console.log
    [requireCsrf] CSRF validation failed | IP: ::ffff:127.0.0.1 | correlationId: 56c3fbd8-a226-44d3-840c-a6d82de70bce

      at log (src/api/middlewares/requireCsrf.js:47:13)

  console.log
    {"type":"response","timestamp":"2025-10-23T01:52:25.646Z","correlationId":"56c3fbd8-a226-44d3-840c-a6d82de70bce","method":"POST","path":"/passengers/bookings","status":403,"latency":"6ms","userId":"68f98a58a62d78b3796b689f","error":{"code":"csrf_mismatch","message":"CSRF token missing or invalid"}}

      at log (src/api/middlewares/structuredLogger.js:107:13)

  console.log
    {"type":"response","timestamp":"2025-10-23T01:52:25.648Z","correlationId":"56c3fbd8-a226-44d3-840c-a6d82de70bce","method":"POST","path":"/passengers/bookings","status":403,"latency":"8ms","userId":"68f98a58a62d78b3796b689f","error":{"code":"csrf_mismatch","message":"CSRF token missing or invalid"}}

      at log (src/api/middlewares/structuredLogger.js:107:13)

::ffff:127.0.0.1 - - [23/Oct/2025:01:52:25 +0000] "POST /passengers/bookings HTTP/1.1" 403 121 "-" "-"
  console.log
    {"type":"request","timestamp":"2025-10-23T01:52:26.405Z","correlationId":"e021339e-7912-4c77-b5bf-bbeb2b0c7a37","method":"POST","path":"/auth/login","ip":"::ffff:127.0.0.1","userId":"anonymous","userAgent":"unknown","query":{}}

      at log (src/api/middlewares/structuredLogger.js:80:11)

  console.log
    [AuthController] Login attempt for email domain: unisabana.edu.co | IP: ::ffff:127.0.0.1 | correlationId: e021339e-7912-4c77-b5bf-bbeb2b0c7a37

      at AuthController.log [as login] (src/api/controllers/authController.js:62:15)

  console.log
    [AuthController] Login successful | userId: 68f98a5aa62d78b3796b68b1 | role: passenger | correlationId: e021339e-7912-4c77-b5bf-bbeb2b0c7a37

      at AuthController.log [as login] (src/api/controllers/authController.js:89:15)

  console.log
    [AuthController] Response body: {
      id: '68f98a5aa62d78b3796b68b1',
      role: 'passenger',
      firstName: 'PassengerBookingTest',
      lastName: 'Passenger1'
    }

      at AuthController.log [as login] (src/api/controllers/authController.js:100:15)

  console.log
    {"type":"response","timestamp":"2025-10-23T01:52:26.567Z","correlationId":"e021339e-7912-4c77-b5bf-bbeb2b0c7a37","method":"POST","path":"/auth/login","status":200,"latency":"162ms","userId":"anonymous"}

      at log (src/api/middlewares/structuredLogger.js:107:13)

  console.log
    {"type":"response","timestamp":"2025-10-23T01:52:26.568Z","correlationId":"e021339e-7912-4c77-b5bf-bbeb2b0c7a37","method":"POST","path":"/auth/login","status":200,"latency":"163ms","userId":"anonymous"}

      at log (src/api/middlewares/structuredLogger.js:107:13)

::ffff:127.0.0.1 - - [23/Oct/2025:01:52:26 +0000] "POST /auth/login HTTP/1.1" 200 111 "-" "-"
  console.log
    {"type":"request","timestamp":"2025-10-23T01:52:26.573Z","correlationId":"f2861c3d-5066-4842-8e9f-6c4540f5ea8e","method":"POST","path":"/auth/login","ip":"::ffff:127.0.0.1","userId":"anonymous","userAgent":"unknown","query":{}}

      at log (src/api/middlewares/structuredLogger.js:80:11)

  console.log
    [AuthController] Login attempt for email domain: unisabana.edu.co | IP: ::ffff:127.0.0.1 | correlationId: f2861c3d-5066-4842-8e9f-6c4540f5ea8e

      at AuthController.log [as login] (src/api/controllers/authController.js:62:15)

  console.log
    [AuthController] Login successful | userId: 68f98a5aa62d78b3796b68b3 | role: passenger | correlationId: f2861c3d-5066-4842-8e9f-6c4540f5ea8e

      at AuthController.log [as login] (src/api/controllers/authController.js:89:15)

  console.log
    [AuthController] Response body: {
      id: '68f98a5aa62d78b3796b68b3',
      role: 'passenger',
      firstName: 'PassengerBookingTest',
      lastName: 'Passenger2'
    }

      at AuthController.log [as login] (src/api/controllers/authController.js:100:15)

  console.log
    {"type":"response","timestamp":"2025-10-23T01:52:26.740Z","correlationId":"f2861c3d-5066-4842-8e9f-6c4540f5ea8e","method":"POST","path":"/auth/login","status":200,"latency":"167ms","userId":"anonymous"}

      at log (src/api/middlewares/structuredLogger.js:107:13)

  console.log
    {"type":"response","timestamp":"2025-10-23T01:52:26.741Z","correlationId":"f2861c3d-5066-4842-8e9f-6c4540f5ea8e","method":"POST","path":"/auth/login","status":200,"latency":"168ms","userId":"anonymous"}

      at log (src/api/middlewares/structuredLogger.js:107:13)

::ffff:127.0.0.1 - - [23/Oct/2025:01:52:26 +0000] "POST /auth/login HTTP/1.1" 200 111 "-" "-"
  console.log
    {"type":"request","timestamp":"2025-10-23T01:52:27.058Z","correlationId":"8b2b28c4-8c79-430e-81fa-e7126a51407d","method":"POST","path":"/passengers/bookings","ip":"::ffff:127.0.0.1","userId":"anonymous","userAgent":"unknown","query":{}}

      at log (src/api/middlewares/structuredLogger.js:80:11)

  console.log
    [requireCsrf] CSRF validation failed | IP: ::ffff:127.0.0.1 | correlationId: 8b2b28c4-8c79-430e-81fa-e7126a51407d

      at log (src/api/middlewares/requireCsrf.js:47:13)

  console.log
    {"type":"response","timestamp":"2025-10-23T01:52:27.064Z","correlationId":"8b2b28c4-8c79-430e-81fa-e7126a51407d","method":"POST","path":"/passengers/bookings","status":403,"latency":"6ms","userId":"68f98a5aa62d78b3796b68b1","error":{"code":"csrf_mismatch","message":"CSRF token missing or invalid"}}

      at log (src/api/middlewares/structuredLogger.js:107:13)

  console.log
    {"type":"response","timestamp":"2025-10-23T01:52:27.066Z","correlationId":"8b2b28c4-8c79-430e-81fa-e7126a51407d","method":"POST","path":"/passengers/bookings","status":403,"latency":"8ms","userId":"68f98a5aa62d78b3796b68b1","error":{"code":"csrf_mismatch","message":"CSRF token missing or invalid"}}

      at log (src/api/middlewares/structuredLogger.js:107:13)

::ffff:127.0.0.1 - - [23/Oct/2025:01:52:27 +0000] "POST /passengers/bookings HTTP/1.1" 403 121 "-" "-"
  console.log
    {"type":"request","timestamp":"2025-10-23T01:52:27.837Z","correlationId":"2fd8db0d-c58f-4b96-a923-c4a23008a19b","method":"POST","path":"/auth/login","ip":"::ffff:127.0.0.1","userId":"anonymous","userAgent":"unknown","query":{}}

      at log (src/api/middlewares/structuredLogger.js:80:11)

  console.log
    [AuthController] Login attempt for email domain: unisabana.edu.co | IP: ::ffff:127.0.0.1 | correlationId: 2fd8db0d-c58f-4b96-a923-c4a23008a19b

      at AuthController.log [as login] (src/api/controllers/authController.js:62:15)

  console.log
    [AuthController] Login successful | userId: 68f98a5ba62d78b3796b68c3 | role: passenger | correlationId: 2fd8db0d-c58f-4b96-a923-c4a23008a19b

      at AuthController.log [as login] (src/api/controllers/authController.js:89:15)

  console.log
    [AuthController] Response body: {
      id: '68f98a5ba62d78b3796b68c3',
      role: 'passenger',
      firstName: 'PassengerBookingTest',
      lastName: 'Passenger1'
    }

      at AuthController.log [as login] (src/api/controllers/authController.js:100:15)

  console.log
    {"type":"response","timestamp":"2025-10-23T01:52:27.997Z","correlationId":"2fd8db0d-c58f-4b96-a923-c4a23008a19b","method":"POST","path":"/auth/login","status":200,"latency":"160ms","userId":"anonymous"}

      at log (src/api/middlewares/structuredLogger.js:107:13)

  console.log
    {"type":"response","timestamp":"2025-10-23T01:52:27.998Z","correlationId":"2fd8db0d-c58f-4b96-a923-c4a23008a19b","method":"POST","path":"/auth/login","status":200,"latency":"161ms","userId":"anonymous"}

      at log (src/api/middlewares/structuredLogger.js:107:13)

::ffff:127.0.0.1 - - [23/Oct/2025:01:52:27 +0000] "POST /auth/login HTTP/1.1" 200 111 "-" "-"
  console.log
    {"type":"request","timestamp":"2025-10-23T01:52:28.003Z","correlationId":"e4dd9403-ac4d-40cb-85ac-adba795e3c00","method":"POST","path":"/auth/login","ip":"::ffff:127.0.0.1","userId":"anonymous","userAgent":"unknown","query":{}}

      at log (src/api/middlewares/structuredLogger.js:80:11)

  console.log
    [AuthController] Login attempt for email domain: unisabana.edu.co | IP: ::ffff:127.0.0.1 | correlationId: e4dd9403-ac4d-40cb-85ac-adba795e3c00

      at AuthController.log [as login] (src/api/controllers/authController.js:62:15)

  console.log
    [AuthController] Login successful | userId: 68f98a5ba62d78b3796b68c5 | role: passenger | correlationId: e4dd9403-ac4d-40cb-85ac-adba795e3c00

      at AuthController.log [as login] (src/api/controllers/authController.js:89:15)

  console.log
    [AuthController] Response body: {
      id: '68f98a5ba62d78b3796b68c5',
      role: 'passenger',
      firstName: 'PassengerBookingTest',
      lastName: 'Passenger2'
    }

      at AuthController.log [as login] (src/api/controllers/authController.js:100:15)

  console.log
    {"type":"response","timestamp":"2025-10-23T01:52:28.174Z","correlationId":"e4dd9403-ac4d-40cb-85ac-adba795e3c00","method":"POST","path":"/auth/login","status":200,"latency":"171ms","userId":"anonymous"}

      at log (src/api/middlewares/structuredLogger.js:107:13)

  console.log
    {"type":"response","timestamp":"2025-10-23T01:52:28.175Z","correlationId":"e4dd9403-ac4d-40cb-85ac-adba795e3c00","method":"POST","path":"/auth/login","status":200,"latency":"172ms","userId":"anonymous"}

      at log (src/api/middlewares/structuredLogger.js:107:13)

::ffff:127.0.0.1 - - [23/Oct/2025:01:52:28 +0000] "POST /auth/login HTTP/1.1" 200 111 "-" "-"
  console.log
    {"type":"request","timestamp":"2025-10-23T01:52:28.704Z","correlationId":"c7d25a53-e6cd-4af9-925d-a5103b6504fa","method":"GET","path":"/passengers/bookings","ip":"::ffff:127.0.0.1","userId":"anonymous","userAgent":"unknown","query":{}}

      at log (src/api/middlewares/structuredLogger.js:80:11)

  console.log
    [BookingRequestController] List booking requests | passengerId: 68f98a5ba62d78b3796b68c3 | role: passenger | correlationId: c7d25a53-e6cd-4af9-925d-a5103b6504fa

      at BookingRequestController.log [as listMyBookingRequests] (src/api/controllers/bookingRequestController.js:127:15)

  console.log
    [BookingRequestController] Booking requests listed | passengerId: 68f98a5ba62d78b3796b68c3 | total: 2 | returned: 2 | correlationId: c7d25a53-e6cd-4af9-925d-a5103b6504fa

      at BookingRequestController.log [as listMyBookingRequests] (src/api/controllers/bookingRequestController.js:175:15)

  console.log
    {"type":"response","timestamp":"2025-10-23T01:52:28.817Z","correlationId":"c7d25a53-e6cd-4af9-925d-a5103b6504fa","method":"GET","path":"/passengers/bookings","status":200,"latency":"113ms","userId":"68f98a5ba62d78b3796b68c3"}

      at log (src/api/middlewares/structuredLogger.js:107:13)

  console.log
    {"type":"response","timestamp":"2025-10-23T01:52:28.817Z","correlationId":"c7d25a53-e6cd-4af9-925d-a5103b6504fa","method":"GET","path":"/passengers/bookings","status":200,"latency":"113ms","userId":"68f98a5ba62d78b3796b68c3"}

      at log (src/api/middlewares/structuredLogger.js:107:13)

::ffff:127.0.0.1 - - [23/Oct/2025:01:52:28 +0000] "GET /passengers/bookings HTTP/1.1" 200 616 "-" "-"
  console.log
    {"type":"request","timestamp":"2025-10-23T01:52:29.594Z","correlationId":"01c4a334-781f-4da5-9649-e86f836ada9a","method":"POST","path":"/auth/login","ip":"::ffff:127.0.0.1","userId":"anonymous","userAgent":"unknown","query":{}}

      at log (src/api/middlewares/structuredLogger.js:80:11)

  console.log
    [AuthController] Login attempt for email domain: unisabana.edu.co | IP: ::ffff:127.0.0.1 | correlationId: 01c4a334-781f-4da5-9649-e86f836ada9a

      at AuthController.log [as login] (src/api/controllers/authController.js:62:15)

  console.log
    [AuthController] Login successful | userId: 68f98a5da62d78b3796b68db | role: passenger | correlationId: 01c4a334-781f-4da5-9649-e86f836ada9a

      at AuthController.log [as login] (src/api/controllers/authController.js:89:15)

  console.log
    [AuthController] Response body: {
      id: '68f98a5da62d78b3796b68db',
      role: 'passenger',
      firstName: 'PassengerBookingTest',
      lastName: 'Passenger1'
    }

      at AuthController.log [as login] (src/api/controllers/authController.js:100:15)

  console.log
    {"type":"response","timestamp":"2025-10-23T01:52:29.763Z","correlationId":"01c4a334-781f-4da5-9649-e86f836ada9a","method":"POST","path":"/auth/login","status":200,"latency":"169ms","userId":"anonymous"}

      at log (src/api/middlewares/structuredLogger.js:107:13)

  console.log
    {"type":"response","timestamp":"2025-10-23T01:52:29.763Z","correlationId":"01c4a334-781f-4da5-9649-e86f836ada9a","method":"POST","path":"/auth/login","status":200,"latency":"169ms","userId":"anonymous"}

      at log (src/api/middlewares/structuredLogger.js:107:13)

::ffff:127.0.0.1 - - [23/Oct/2025:01:52:29 +0000] "POST /auth/login HTTP/1.1" 200 111 "-" "-"
  console.log
    {"type":"request","timestamp":"2025-10-23T01:52:29.771Z","correlationId":"a4b6892f-5c4e-4198-8eb2-992efe2d2ed4","method":"POST","path":"/auth/login","ip":"::ffff:127.0.0.1","userId":"anonymous","userAgent":"unknown","query":{}}

      at log (src/api/middlewares/structuredLogger.js:80:11)

  console.log
    [AuthController] Login attempt for email domain: unisabana.edu.co | IP: ::ffff:127.0.0.1 | correlationId: a4b6892f-5c4e-4198-8eb2-992efe2d2ed4

      at AuthController.log [as login] (src/api/controllers/authController.js:62:15)

  console.log
    [AuthController] Login successful | userId: 68f98a5da62d78b3796b68dd | role: passenger | correlationId: a4b6892f-5c4e-4198-8eb2-992efe2d2ed4

      at AuthController.log [as login] (src/api/controllers/authController.js:89:15)

  console.log
    [AuthController] Response body: {
      id: '68f98a5da62d78b3796b68dd',
      role: 'passenger',
      firstName: 'PassengerBookingTest',
      lastName: 'Passenger2'
    }

      at AuthController.log [as login] (src/api/controllers/authController.js:100:15)

  console.log
    {"type":"response","timestamp":"2025-10-23T01:52:29.931Z","correlationId":"a4b6892f-5c4e-4198-8eb2-992efe2d2ed4","method":"POST","path":"/auth/login","status":200,"latency":"160ms","userId":"anonymous"}

      at log (src/api/middlewares/structuredLogger.js:107:13)

  console.log
    {"type":"response","timestamp":"2025-10-23T01:52:29.932Z","correlationId":"a4b6892f-5c4e-4198-8eb2-992efe2d2ed4","method":"POST","path":"/auth/login","status":200,"latency":"161ms","userId":"anonymous"}

      at log (src/api/middlewares/structuredLogger.js:107:13)

::ffff:127.0.0.1 - - [23/Oct/2025:01:52:29 +0000] "POST /auth/login HTTP/1.1" 200 111 "-" "-"
  console.log
    {"type":"request","timestamp":"2025-10-23T01:52:30.453Z","correlationId":"c0b64bf8-da97-49db-9552-fea432a51c2f","method":"GET","path":"/passengers/bookings?status=pending","ip":"::ffff:127.0.0.1","userId":"anonymous","userAgent":"unknown","query":{"status":"pending"}}

      at log (src/api/middlewares/structuredLogger.js:80:11)

  console.log
    [BookingRequestController] List booking requests | passengerId: 68f98a5da62d78b3796b68db | role: passenger | correlationId: c0b64bf8-da97-49db-9552-fea432a51c2f

      at BookingRequestController.log [as listMyBookingRequests] (src/api/controllers/bookingRequestController.js:127:15)

  console.log
    [BookingRequestController] Booking requests listed | passengerId: 68f98a5da62d78b3796b68db | total: 1 | returned: 1 | correlationId: c0b64bf8-da97-49db-9552-fea432a51c2f

      at BookingRequestController.log [as listMyBookingRequests] (src/api/controllers/bookingRequestController.js:175:15)

  console.log
    {"type":"response","timestamp":"2025-10-23T01:52:30.563Z","correlationId":"c0b64bf8-da97-49db-9552-fea432a51c2f","method":"GET","path":"/passengers/bookings?status=pending","status":200,"latency":"110ms","userId":"68f98a5da62d78b3796b68db"}

      at log (src/api/middlewares/structuredLogger.js:107:13)

  console.log
    {"type":"response","timestamp":"2025-10-23T01:52:30.564Z","correlationId":"c0b64bf8-da97-49db-9552-fea432a51c2f","method":"GET","path":"/passengers/bookings?status=pending","status":200,"latency":"111ms","userId":"68f98a5da62d78b3796b68db"}

      at log (src/api/middlewares/structuredLogger.js:107:13)

::ffff:127.0.0.1 - - [23/Oct/2025:01:52:30 +0000] "GET /passengers/bookings?status=pending HTTP/1.1" 200 314 "-" "-"
  console.log
    {"type":"request","timestamp":"2025-10-23T01:52:31.334Z","correlationId":"cdad547e-0f7f-4b48-91e1-18f0f35a0674","method":"POST","path":"/auth/login","ip":"::ffff:127.0.0.1","userId":"anonymous","userAgent":"unknown","query":{}}

      at log (src/api/middlewares/structuredLogger.js:80:11)

  console.log
    [AuthController] Login attempt for email domain: unisabana.edu.co | IP: ::ffff:127.0.0.1 | correlationId: cdad547e-0f7f-4b48-91e1-18f0f35a0674

      at AuthController.log [as login] (src/api/controllers/authController.js:62:15)

  console.log
    [AuthController] Login successful | userId: 68f98a5fa62d78b3796b68f3 | role: passenger | correlationId: cdad547e-0f7f-4b48-91e1-18f0f35a0674

      at AuthController.log [as login] (src/api/controllers/authController.js:89:15)

  console.log
    [AuthController] Response body: {
      id: '68f98a5fa62d78b3796b68f3',
      role: 'passenger',
      firstName: 'PassengerBookingTest',
      lastName: 'Passenger1'
    }

      at AuthController.log [as login] (src/api/controllers/authController.js:100:15)

  console.log
    {"type":"response","timestamp":"2025-10-23T01:52:31.494Z","correlationId":"cdad547e-0f7f-4b48-91e1-18f0f35a0674","method":"POST","path":"/auth/login","status":200,"latency":"160ms","userId":"anonymous"}

      at log (src/api/middlewares/structuredLogger.js:107:13)

  console.log
    {"type":"response","timestamp":"2025-10-23T01:52:31.495Z","correlationId":"cdad547e-0f7f-4b48-91e1-18f0f35a0674","method":"POST","path":"/auth/login","status":200,"latency":"161ms","userId":"anonymous"}

      at log (src/api/middlewares/structuredLogger.js:107:13)

::ffff:127.0.0.1 - - [23/Oct/2025:01:52:31 +0000] "POST /auth/login HTTP/1.1" 200 111 "-" "-"
  console.log
    {"type":"request","timestamp":"2025-10-23T01:52:31.503Z","correlationId":"644d6b59-bab0-4fb3-ba8f-9a9087919c8a","method":"POST","path":"/auth/login","ip":"::ffff:127.0.0.1","userId":"anonymous","userAgent":"unknown","query":{}}

      at log (src/api/middlewares/structuredLogger.js:80:11)

  console.log
    [AuthController] Login attempt for email domain: unisabana.edu.co | IP: ::ffff:127.0.0.1 | correlationId: 644d6b59-bab0-4fb3-ba8f-9a9087919c8a

      at AuthController.log [as login] (src/api/controllers/authController.js:62:15)

  console.log
    [AuthController] Login successful | userId: 68f98a5fa62d78b3796b68f5 | role: passenger | correlationId: 644d6b59-bab0-4fb3-ba8f-9a9087919c8a

      at AuthController.log [as login] (src/api/controllers/authController.js:89:15)

  console.log
    [AuthController] Response body: {
      id: '68f98a5fa62d78b3796b68f5',
      role: 'passenger',
      firstName: 'PassengerBookingTest',
      lastName: 'Passenger2'
    }

      at AuthController.log [as login] (src/api/controllers/authController.js:100:15)

  console.log
    {"type":"response","timestamp":"2025-10-23T01:52:31.669Z","correlationId":"644d6b59-bab0-4fb3-ba8f-9a9087919c8a","method":"POST","path":"/auth/login","status":200,"latency":"166ms","userId":"anonymous"}

      at log (src/api/middlewares/structuredLogger.js:107:13)

  console.log
    {"type":"response","timestamp":"2025-10-23T01:52:31.670Z","correlationId":"644d6b59-bab0-4fb3-ba8f-9a9087919c8a","method":"POST","path":"/auth/login","status":200,"latency":"167ms","userId":"anonymous"}

      at log (src/api/middlewares/structuredLogger.js:107:13)

::ffff:127.0.0.1 - - [23/Oct/2025:01:52:31 +0000] "POST /auth/login HTTP/1.1" 200 111 "-" "-"
  console.log
    {"type":"request","timestamp":"2025-10-23T01:52:33.263Z","correlationId":"327c77a5-8b95-49c1-a679-29984e3f153b","method":"GET","path":"/passengers/bookings?page=1&pageSize=5","ip":"::ffff:127.0.0.1","userId":"anonymous","userAgent":"unknown","query":{"page":"1","pageSize":"5"}}

      at log (src/api/middlewares/structuredLogger.js:80:11)

  console.log
    [BookingRequestController] List booking requests | passengerId: 68f98a5fa62d78b3796b68f3 | role: passenger | correlationId: 327c77a5-8b95-49c1-a679-29984e3f153b

      at BookingRequestController.log [as listMyBookingRequests] (src/api/controllers/bookingRequestController.js:127:15)

  console.log
    [BookingRequestController] Booking requests listed | passengerId: 68f98a5fa62d78b3796b68f3 | total: 12 | returned: 5 | correlationId: 327c77a5-8b95-49c1-a679-29984e3f153b

      at BookingRequestController.log [as listMyBookingRequests] (src/api/controllers/bookingRequestController.js:175:15)

  console.log
    {"type":"response","timestamp":"2025-10-23T01:52:33.372Z","correlationId":"327c77a5-8b95-49c1-a679-29984e3f153b","method":"GET","path":"/passengers/bookings?page=1&pageSize=5","status":200,"latency":"109ms","userId":"68f98a5fa62d78b3796b68f3"}

      at log (src/api/middlewares/structuredLogger.js:107:13)

  console.log
    {"type":"response","timestamp":"2025-10-23T01:52:33.372Z","correlationId":"327c77a5-8b95-49c1-a679-29984e3f153b","method":"GET","path":"/passengers/bookings?page=1&pageSize=5","status":200,"latency":"109ms","userId":"68f98a5fa62d78b3796b68f3"}

      at log (src/api/middlewares/structuredLogger.js:107:13)

::ffff:127.0.0.1 - - [23/Oct/2025:01:52:33 +0000] "GET /passengers/bookings?page=1&pageSize=5 HTTP/1.1" 200 1334 "-" "-"
  console.log
    {"type":"request","timestamp":"2025-10-23T01:52:34.145Z","correlationId":"77d50d60-93c9-4c7a-856f-385b753a0fde","method":"POST","path":"/auth/login","ip":"::ffff:127.0.0.1","userId":"anonymous","userAgent":"unknown","query":{}}

      at log (src/api/middlewares/structuredLogger.js:80:11)

  console.log
    [AuthController] Login attempt for email domain: unisabana.edu.co | IP: ::ffff:127.0.0.1 | correlationId: 77d50d60-93c9-4c7a-856f-385b753a0fde

      at AuthController.log [as login] (src/api/controllers/authController.js:62:15)

  console.log
    [AuthController] Login successful | userId: 68f98a61a62d78b3796b691f | role: passenger | correlationId: 77d50d60-93c9-4c7a-856f-385b753a0fde

      at AuthController.log [as login] (src/api/controllers/authController.js:89:15)

  console.log
    [AuthController] Response body: {
      id: '68f98a61a62d78b3796b691f',
      role: 'passenger',
      firstName: 'PassengerBookingTest',
      lastName: 'Passenger1'
    }

      at AuthController.log [as login] (src/api/controllers/authController.js:100:15)

  console.log
    {"type":"response","timestamp":"2025-10-23T01:52:34.306Z","correlationId":"77d50d60-93c9-4c7a-856f-385b753a0fde","method":"POST","path":"/auth/login","status":200,"latency":"161ms","userId":"anonymous"}

      at log (src/api/middlewares/structuredLogger.js:107:13)

  console.log
    {"type":"response","timestamp":"2025-10-23T01:52:34.307Z","correlationId":"77d50d60-93c9-4c7a-856f-385b753a0fde","method":"POST","path":"/auth/login","status":200,"latency":"162ms","userId":"anonymous"}

      at log (src/api/middlewares/structuredLogger.js:107:13)

::ffff:127.0.0.1 - - [23/Oct/2025:01:52:34 +0000] "POST /auth/login HTTP/1.1" 200 111 "-" "-"
  console.log
    {"type":"request","timestamp":"2025-10-23T01:52:34.318Z","correlationId":"8e666cff-1258-4342-a7bf-b124eddb41fd","method":"POST","path":"/auth/login","ip":"::ffff:127.0.0.1","userId":"anonymous","userAgent":"unknown","query":{}}

      at log (src/api/middlewares/structuredLogger.js:80:11)

  console.log
    [AuthController] Login attempt for email domain: unisabana.edu.co | IP: ::ffff:127.0.0.1 | correlationId: 8e666cff-1258-4342-a7bf-b124eddb41fd

      at AuthController.log [as login] (src/api/controllers/authController.js:62:15)

  console.log
    [AuthController] Login successful | userId: 68f98a62a62d78b3796b6921 | role: passenger | correlationId: 8e666cff-1258-4342-a7bf-b124eddb41fd

      at AuthController.log [as login] (src/api/controllers/authController.js:89:15)

  console.log
    [AuthController] Response body: {
      id: '68f98a62a62d78b3796b6921',
      role: 'passenger',
      firstName: 'PassengerBookingTest',
      lastName: 'Passenger2'
    }

      at AuthController.log [as login] (src/api/controllers/authController.js:100:15)

  console.log
    {"type":"response","timestamp":"2025-10-23T01:52:34.485Z","correlationId":"8e666cff-1258-4342-a7bf-b124eddb41fd","method":"POST","path":"/auth/login","status":200,"latency":"167ms","userId":"anonymous"}

      at log (src/api/middlewares/structuredLogger.js:107:13)

  console.log
    {"type":"response","timestamp":"2025-10-23T01:52:34.486Z","correlationId":"8e666cff-1258-4342-a7bf-b124eddb41fd","method":"POST","path":"/auth/login","status":200,"latency":"168ms","userId":"anonymous"}

      at log (src/api/middlewares/structuredLogger.js:107:13)

::ffff:127.0.0.1 - - [23/Oct/2025:01:52:34 +0000] "POST /auth/login HTTP/1.1" 200 111 "-" "-"
  console.log
    {"type":"request","timestamp":"2025-10-23T01:52:34.994Z","correlationId":"02423637-e94c-43d9-93da-1c944ee28437","method":"GET","path":"/passengers/bookings?pageSize=100","ip":"::ffff:127.0.0.1","userId":"anonymous","userAgent":"unknown","query":{"pageSize":"100"}}

      at log (src/api/middlewares/structuredLogger.js:80:11)

  console.log
    {"type":"response","timestamp":"2025-10-23T01:52:34.998Z","correlationId":"02423637-e94c-43d9-93da-1c944ee28437","method":"GET","path":"/passengers/bookings?pageSize=100","status":400,"latency":"4ms","userId":"68f98a61a62d78b3796b691f","error":{"code":"invalid_schema","message":"Validation failed"}}

      at log (src/api/middlewares/structuredLogger.js:107:13)

  console.log
    {"type":"response","timestamp":"2025-10-23T01:52:34.999Z","correlationId":"02423637-e94c-43d9-93da-1c944ee28437","method":"GET","path":"/passengers/bookings?pageSize=100","status":400,"latency":"5ms","userId":"68f98a61a62d78b3796b691f","error":{"code":"invalid_schema","message":"Validation failed"}}

      at log (src/api/middlewares/structuredLogger.js:107:13)

::ffff:127.0.0.1 - - [23/Oct/2025:01:52:35 +0000] "GET /passengers/bookings?pageSize=100 HTTP/1.1" 400 181 "-" "-"
  console.log
    {"type":"request","timestamp":"2025-10-23T01:52:35.766Z","correlationId":"776db9ff-ff4f-40e9-acce-1318650626f6","method":"POST","path":"/auth/login","ip":"::ffff:127.0.0.1","userId":"anonymous","userAgent":"unknown","query":{}}

      at log (src/api/middlewares/structuredLogger.js:80:11)

  console.log
    [AuthController] Login attempt for email domain: unisabana.edu.co | IP: ::ffff:127.0.0.1 | correlationId: 776db9ff-ff4f-40e9-acce-1318650626f6

      at AuthController.log [as login] (src/api/controllers/authController.js:62:15)

  console.log
    [AuthController] Login successful | userId: 68f98a63a62d78b3796b6935 | role: passenger | correlationId: 776db9ff-ff4f-40e9-acce-1318650626f6

      at AuthController.log [as login] (src/api/controllers/authController.js:89:15)

  console.log
    [AuthController] Response body: {
      id: '68f98a63a62d78b3796b6935',
      role: 'passenger',
      firstName: 'PassengerBookingTest',
      lastName: 'Passenger1'
    }

      at AuthController.log [as login] (src/api/controllers/authController.js:100:15)

  console.log
    {"type":"response","timestamp":"2025-10-23T01:52:35.927Z","correlationId":"776db9ff-ff4f-40e9-acce-1318650626f6","method":"POST","path":"/auth/login","status":200,"latency":"161ms","userId":"anonymous"}

      at log (src/api/middlewares/structuredLogger.js:107:13)

  console.log
    {"type":"response","timestamp":"2025-10-23T01:52:35.927Z","correlationId":"776db9ff-ff4f-40e9-acce-1318650626f6","method":"POST","path":"/auth/login","status":200,"latency":"161ms","userId":"anonymous"}

      at log (src/api/middlewares/structuredLogger.js:107:13)

::ffff:127.0.0.1 - - [23/Oct/2025:01:52:35 +0000] "POST /auth/login HTTP/1.1" 200 111 "-" "-"
  console.log
    {"type":"request","timestamp":"2025-10-23T01:52:35.933Z","correlationId":"dbb4f063-b452-43b5-9140-13fdef2a96f1","method":"POST","path":"/auth/login","ip":"::ffff:127.0.0.1","userId":"anonymous","userAgent":"unknown","query":{}}

      at log (src/api/middlewares/structuredLogger.js:80:11)

  console.log
    [AuthController] Login attempt for email domain: unisabana.edu.co | IP: ::ffff:127.0.0.1 | correlationId: dbb4f063-b452-43b5-9140-13fdef2a96f1

      at AuthController.log [as login] (src/api/controllers/authController.js:62:15)

  console.log
    [AuthController] Login successful | userId: 68f98a63a62d78b3796b6937 | role: passenger | correlationId: dbb4f063-b452-43b5-9140-13fdef2a96f1

      at AuthController.log [as login] (src/api/controllers/authController.js:89:15)

  console.log
    [AuthController] Response body: {
      id: '68f98a63a62d78b3796b6937',
      role: 'passenger',
      firstName: 'PassengerBookingTest',
      lastName: 'Passenger2'
    }

      at AuthController.log [as login] (src/api/controllers/authController.js:100:15)

  console.log
    {"type":"response","timestamp":"2025-10-23T01:52:36.092Z","correlationId":"dbb4f063-b452-43b5-9140-13fdef2a96f1","method":"POST","path":"/auth/login","status":200,"latency":"159ms","userId":"anonymous"}

      at log (src/api/middlewares/structuredLogger.js:107:13)

  console.log
    {"type":"response","timestamp":"2025-10-23T01:52:36.092Z","correlationId":"dbb4f063-b452-43b5-9140-13fdef2a96f1","method":"POST","path":"/auth/login","status":200,"latency":"159ms","userId":"anonymous"}

      at log (src/api/middlewares/structuredLogger.js:107:13)

::ffff:127.0.0.1 - - [23/Oct/2025:01:52:36 +0000] "POST /auth/login HTTP/1.1" 200 111 "-" "-"
  console.log
    {"type":"request","timestamp":"2025-10-23T01:52:36.608Z","correlationId":"f4c87bd9-618b-4b27-95ab-c59526904ee5","method":"GET","path":"/passengers/bookings","ip":"::ffff:127.0.0.1","userId":"anonymous","userAgent":"unknown","query":{}}

      at log (src/api/middlewares/structuredLogger.js:80:11)

  console.log
    {"type":"response","timestamp":"2025-10-23T01:52:36.613Z","correlationId":"f4c87bd9-618b-4b27-95ab-c59526904ee5","method":"GET","path":"/passengers/bookings","status":401,"latency":"5ms","userId":"anonymous","error":{"code":"unauthorized","message":"Missing or invalid session"}}

      at log (src/api/middlewares/structuredLogger.js:107:13)

  console.log
    {"type":"response","timestamp":"2025-10-23T01:52:36.614Z","correlationId":"f4c87bd9-618b-4b27-95ab-c59526904ee5","method":"GET","path":"/passengers/bookings","status":401,"latency":"6ms","userId":"anonymous","error":{"code":"unauthorized","message":"Missing or invalid session"}}

      at log (src/api/middlewares/structuredLogger.js:107:13)

::ffff:127.0.0.1 - - [23/Oct/2025:01:52:36 +0000] "GET /passengers/bookings HTTP/1.1" 401 117 "-" "-"
  console.log
    {"type":"request","timestamp":"2025-10-23T01:52:37.376Z","correlationId":"dbb84a74-c6da-4c18-9cfe-5aeb9af7493c","method":"POST","path":"/auth/login","ip":"::ffff:127.0.0.1","userId":"anonymous","userAgent":"unknown","query":{}}

      at log (src/api/middlewares/structuredLogger.js:80:11)

  console.log
    [AuthController] Login attempt for email domain: unisabana.edu.co | IP: ::ffff:127.0.0.1 | correlationId: dbb84a74-c6da-4c18-9cfe-5aeb9af7493c

      at AuthController.log [as login] (src/api/controllers/authController.js:62:15)

  console.log
    [AuthController] Login successful | userId: 68f98a65a62d78b3796b694b | role: passenger | correlationId: dbb84a74-c6da-4c18-9cfe-5aeb9af7493c

      at AuthController.log [as login] (src/api/controllers/authController.js:89:15)

  console.log
    [AuthController] Response body: {
      id: '68f98a65a62d78b3796b694b',
      role: 'passenger',
      firstName: 'PassengerBookingTest',
      lastName: 'Passenger1'
    }

      at AuthController.log [as login] (src/api/controllers/authController.js:100:15)

  console.log
    {"type":"response","timestamp":"2025-10-23T01:52:37.534Z","correlationId":"dbb84a74-c6da-4c18-9cfe-5aeb9af7493c","method":"POST","path":"/auth/login","status":200,"latency":"158ms","userId":"anonymous"}

      at log (src/api/middlewares/structuredLogger.js:107:13)

  console.log
    {"type":"response","timestamp":"2025-10-23T01:52:37.535Z","correlationId":"dbb84a74-c6da-4c18-9cfe-5aeb9af7493c","method":"POST","path":"/auth/login","status":200,"latency":"159ms","userId":"anonymous"}

      at log (src/api/middlewares/structuredLogger.js:107:13)

::ffff:127.0.0.1 - - [23/Oct/2025:01:52:37 +0000] "POST /auth/login HTTP/1.1" 200 111 "-" "-"
  console.log
    {"type":"request","timestamp":"2025-10-23T01:52:37.540Z","correlationId":"ef97013f-f33e-487d-8160-81031407d1b1","method":"POST","path":"/auth/login","ip":"::ffff:127.0.0.1","userId":"anonymous","userAgent":"unknown","query":{}}

      at log (src/api/middlewares/structuredLogger.js:80:11)

  console.log
    [AuthController] Login attempt for email domain: unisabana.edu.co | IP: ::ffff:127.0.0.1 | correlationId: ef97013f-f33e-487d-8160-81031407d1b1

      at AuthController.log [as login] (src/api/controllers/authController.js:62:15)

  console.log
    [AuthController] Login successful | userId: 68f98a65a62d78b3796b694d | role: passenger | correlationId: ef97013f-f33e-487d-8160-81031407d1b1

      at AuthController.log [as login] (src/api/controllers/authController.js:89:15)

  console.log
    [AuthController] Response body: {
      id: '68f98a65a62d78b3796b694d',
      role: 'passenger',
      firstName: 'PassengerBookingTest',
      lastName: 'Passenger2'
    }

      at AuthController.log [as login] (src/api/controllers/authController.js:100:15)

  console.log
    {"type":"response","timestamp":"2025-10-23T01:52:37.696Z","correlationId":"ef97013f-f33e-487d-8160-81031407d1b1","method":"POST","path":"/auth/login","status":200,"latency":"156ms","userId":"anonymous"}

      at log (src/api/middlewares/structuredLogger.js:107:13)

  console.log
    {"type":"response","timestamp":"2025-10-23T01:52:37.696Z","correlationId":"ef97013f-f33e-487d-8160-81031407d1b1","method":"POST","path":"/auth/login","status":200,"latency":"156ms","userId":"anonymous"}

      at log (src/api/middlewares/structuredLogger.js:107:13)

::ffff:127.0.0.1 - - [23/Oct/2025:01:52:37 +0000] "POST /auth/login HTTP/1.1" 200 111 "-" "-"
  console.log
    {"type":"request","timestamp":"2025-10-23T01:52:38.103Z","correlationId":"296b4c00-abd2-4594-b61b-1586e240eadf","method":"DELETE","path":"/passengers/bookings/68f98a65a62d78b3796b6955","ip":"::ffff:127.0.0.1","userId":"anonymous","userAgent":"unknown","query":{}}

      at log (src/api/middlewares/structuredLogger.js:80:11)

  console.log
    [requireCsrf] CSRF validation failed | IP: ::ffff:127.0.0.1 | correlationId: 296b4c00-abd2-4594-b61b-1586e240eadf

      at log (src/api/middlewares/requireCsrf.js:47:13)

  console.log
    {"type":"response","timestamp":"2025-10-23T01:52:38.111Z","correlationId":"296b4c00-abd2-4594-b61b-1586e240eadf","method":"DELETE","path":"/passengers/bookings/68f98a65a62d78b3796b6955","status":403,"latency":"8ms","userId":"68f98a65a62d78b3796b694b","error":{"code":"csrf_mismatch","message":"CSRF token missing or invalid"}}

      at log (src/api/middlewares/structuredLogger.js:107:13)

  console.log
    {"type":"response","timestamp":"2025-10-23T01:52:38.112Z","correlationId":"296b4c00-abd2-4594-b61b-1586e240eadf","method":"DELETE","path":"/passengers/bookings/68f98a65a62d78b3796b6955","status":403,"latency":"9ms","userId":"68f98a65a62d78b3796b694b","error":{"code":"csrf_mismatch","message":"CSRF token missing or invalid"}}

      at log (src/api/middlewares/structuredLogger.js:107:13)

::ffff:127.0.0.1 - - [23/Oct/2025:01:52:38 +0000] "DELETE /passengers/bookings/68f98a65a62d78b3796b6955 HTTP/1.1" 403 121 "-" "-"
  console.log
    {"type":"request","timestamp":"2025-10-23T01:52:38.885Z","correlationId":"247e4ae9-13c0-413d-ae76-236f9fe2f411","method":"POST","path":"/auth/login","ip":"::ffff:127.0.0.1","userId":"anonymous","userAgent":"unknown","query":{}}

      at log (src/api/middlewares/structuredLogger.js:80:11)

  console.log
    [AuthController] Login attempt for email domain: unisabana.edu.co | IP: ::ffff:127.0.0.1 | correlationId: 247e4ae9-13c0-413d-ae76-236f9fe2f411

      at AuthController.log [as login] (src/api/controllers/authController.js:62:15)

  console.log
    [AuthController] Login successful | userId: 68f98a66a62d78b3796b695f | role: passenger | correlationId: 247e4ae9-13c0-413d-ae76-236f9fe2f411

      at AuthController.log [as login] (src/api/controllers/authController.js:89:15)

  console.log
    [AuthController] Response body: {
      id: '68f98a66a62d78b3796b695f',
      role: 'passenger',
      firstName: 'PassengerBookingTest',
      lastName: 'Passenger1'
    }

      at AuthController.log [as login] (src/api/controllers/authController.js:100:15)

  console.log
    {"type":"response","timestamp":"2025-10-23T01:52:39.041Z","correlationId":"247e4ae9-13c0-413d-ae76-236f9fe2f411","method":"POST","path":"/auth/login","status":200,"latency":"156ms","userId":"anonymous"}

      at log (src/api/middlewares/structuredLogger.js:107:13)

  console.log
    {"type":"response","timestamp":"2025-10-23T01:52:39.042Z","correlationId":"247e4ae9-13c0-413d-ae76-236f9fe2f411","method":"POST","path":"/auth/login","status":200,"latency":"157ms","userId":"anonymous"}

      at log (src/api/middlewares/structuredLogger.js:107:13)

::ffff:127.0.0.1 - - [23/Oct/2025:01:52:39 +0000] "POST /auth/login HTTP/1.1" 200 111 "-" "-"
  console.log
    {"type":"request","timestamp":"2025-10-23T01:52:39.048Z","correlationId":"7a44fe7f-b29b-4044-b8da-658df119eac3","method":"POST","path":"/auth/login","ip":"::ffff:127.0.0.1","userId":"anonymous","userAgent":"unknown","query":{}}

      at log (src/api/middlewares/structuredLogger.js:80:11)

  console.log
    [AuthController] Login attempt for email domain: unisabana.edu.co | IP: ::ffff:127.0.0.1 | correlationId: 7a44fe7f-b29b-4044-b8da-658df119eac3

      at AuthController.log [as login] (src/api/controllers/authController.js:62:15)

  console.log
    [AuthController] Login successful | userId: 68f98a66a62d78b3796b6961 | role: passenger | correlationId: 7a44fe7f-b29b-4044-b8da-658df119eac3

      at AuthController.log [as login] (src/api/controllers/authController.js:89:15)

  console.log
    [AuthController] Response body: {
      id: '68f98a66a62d78b3796b6961',
      role: 'passenger',
      firstName: 'PassengerBookingTest',
      lastName: 'Passenger2'
    }

      at AuthController.log [as login] (src/api/controllers/authController.js:100:15)

  console.log
    {"type":"response","timestamp":"2025-10-23T01:52:39.208Z","correlationId":"7a44fe7f-b29b-4044-b8da-658df119eac3","method":"POST","path":"/auth/login","status":200,"latency":"160ms","userId":"anonymous"}

      at log (src/api/middlewares/structuredLogger.js:107:13)

  console.log
    {"type":"response","timestamp":"2025-10-23T01:52:39.208Z","correlationId":"7a44fe7f-b29b-4044-b8da-658df119eac3","method":"POST","path":"/auth/login","status":200,"latency":"160ms","userId":"anonymous"}

      at log (src/api/middlewares/structuredLogger.js:107:13)

::ffff:127.0.0.1 - - [23/Oct/2025:01:52:39 +0000] "POST /auth/login HTTP/1.1" 200 111 "-" "-"
  console.log
    {"type":"request","timestamp":"2025-10-23T01:52:39.637Z","correlationId":"71fed7bc-1027-4897-b881-e9b464a6035c","method":"DELETE","path":"/passengers/bookings/68f98a67a62d78b3796b6969","ip":"::ffff:127.0.0.1","userId":"anonymous","userAgent":"unknown","query":{}}

      at log (src/api/middlewares/structuredLogger.js:80:11)

  console.log
    [requireCsrf] CSRF validation failed | IP: ::ffff:127.0.0.1 | correlationId: 71fed7bc-1027-4897-b881-e9b464a6035c

      at log (src/api/middlewares/requireCsrf.js:47:13)

  console.log
    {"type":"response","timestamp":"2025-10-23T01:52:39.643Z","correlationId":"71fed7bc-1027-4897-b881-e9b464a6035c","method":"DELETE","path":"/passengers/bookings/68f98a67a62d78b3796b6969","status":403,"latency":"6ms","userId":"68f98a66a62d78b3796b695f","error":{"code":"csrf_mismatch","message":"CSRF token missing or invalid"}}

      at log (src/api/middlewares/structuredLogger.js:107:13)

  console.log
    {"type":"response","timestamp":"2025-10-23T01:52:39.645Z","correlationId":"71fed7bc-1027-4897-b881-e9b464a6035c","method":"DELETE","path":"/passengers/bookings/68f98a67a62d78b3796b6969","status":403,"latency":"8ms","userId":"68f98a66a62d78b3796b695f","error":{"code":"csrf_mismatch","message":"CSRF token missing or invalid"}}

      at log (src/api/middlewares/structuredLogger.js:107:13)

::ffff:127.0.0.1 - - [23/Oct/2025:01:52:39 +0000] "DELETE /passengers/bookings/68f98a67a62d78b3796b6969 HTTP/1.1" 403 121 "-" "-"
  console.log
    {"type":"request","timestamp":"2025-10-23T01:52:40.408Z","correlationId":"34285c79-5cd7-483b-a8d5-63781358fd64","method":"POST","path":"/auth/login","ip":"::ffff:127.0.0.1","userId":"anonymous","userAgent":"unknown","query":{}}

      at log (src/api/middlewares/structuredLogger.js:80:11)

  console.log
    [AuthController] Login attempt for email domain: unisabana.edu.co | IP: ::ffff:127.0.0.1 | correlationId: 34285c79-5cd7-483b-a8d5-63781358fd64

      at AuthController.log [as login] (src/api/controllers/authController.js:62:15)

  console.log
    [AuthController] Login successful | userId: 68f98a68a62d78b3796b6973 | role: passenger | correlationId: 34285c79-5cd7-483b-a8d5-63781358fd64

      at AuthController.log [as login] (src/api/controllers/authController.js:89:15)

  console.log
    [AuthController] Response body: {
      id: '68f98a68a62d78b3796b6973',
      role: 'passenger',
      firstName: 'PassengerBookingTest',
      lastName: 'Passenger1'
    }

      at AuthController.log [as login] (src/api/controllers/authController.js:100:15)

  console.log
    {"type":"response","timestamp":"2025-10-23T01:52:40.565Z","correlationId":"34285c79-5cd7-483b-a8d5-63781358fd64","method":"POST","path":"/auth/login","status":200,"latency":"157ms","userId":"anonymous"}

      at log (src/api/middlewares/structuredLogger.js:107:13)

  console.log
    {"type":"response","timestamp":"2025-10-23T01:52:40.565Z","correlationId":"34285c79-5cd7-483b-a8d5-63781358fd64","method":"POST","path":"/auth/login","status":200,"latency":"157ms","userId":"anonymous"}

      at log (src/api/middlewares/structuredLogger.js:107:13)

::ffff:127.0.0.1 - - [23/Oct/2025:01:52:40 +0000] "POST /auth/login HTTP/1.1" 200 111 "-" "-"
  console.log
    {"type":"request","timestamp":"2025-10-23T01:52:40.569Z","correlationId":"61a38b5f-ae6d-451f-8b4b-9353eae6e43d","method":"POST","path":"/auth/login","ip":"::ffff:127.0.0.1","userId":"anonymous","userAgent":"unknown","query":{}}

      at log (src/api/middlewares/structuredLogger.js:80:11)

  console.log
    [AuthController] Login attempt for email domain: unisabana.edu.co | IP: ::ffff:127.0.0.1 | correlationId: 61a38b5f-ae6d-451f-8b4b-9353eae6e43d

      at AuthController.log [as login] (src/api/controllers/authController.js:62:15)

  console.log
    [AuthController] Login successful | userId: 68f98a68a62d78b3796b6975 | role: passenger | correlationId: 61a38b5f-ae6d-451f-8b4b-9353eae6e43d

      at AuthController.log [as login] (src/api/controllers/authController.js:89:15)

  console.log
    [AuthController] Response body: {
      id: '68f98a68a62d78b3796b6975',
      role: 'passenger',
      firstName: 'PassengerBookingTest',
      lastName: 'Passenger2'
    }

      at AuthController.log [as login] (src/api/controllers/authController.js:100:15)

  console.log
    {"type":"response","timestamp":"2025-10-23T01:52:40.727Z","correlationId":"61a38b5f-ae6d-451f-8b4b-9353eae6e43d","method":"POST","path":"/auth/login","status":200,"latency":"158ms","userId":"anonymous"}

      at log (src/api/middlewares/structuredLogger.js:107:13)

  console.log
    {"type":"response","timestamp":"2025-10-23T01:52:40.728Z","correlationId":"61a38b5f-ae6d-451f-8b4b-9353eae6e43d","method":"POST","path":"/auth/login","status":200,"latency":"159ms","userId":"anonymous"}

      at log (src/api/middlewares/structuredLogger.js:107:13)

::ffff:127.0.0.1 - - [23/Oct/2025:01:52:40 +0000] "POST /auth/login HTTP/1.1" 200 111 "-" "-"
  console.log
    {"type":"request","timestamp":"2025-10-23T01:52:41.135Z","correlationId":"56563606-c588-4ddf-991f-6eb55883ae76","method":"DELETE","path":"/passengers/bookings/68f98a69a62d78b3796b697f","ip":"::ffff:127.0.0.1","userId":"anonymous","userAgent":"unknown","query":{}}

      at log (src/api/middlewares/structuredLogger.js:80:11)

  console.log
    [requireCsrf] CSRF validation failed | IP: ::ffff:127.0.0.1 | correlationId: 56563606-c588-4ddf-991f-6eb55883ae76

      at log (src/api/middlewares/requireCsrf.js:47:13)

  console.log
    {"type":"response","timestamp":"2025-10-23T01:52:41.143Z","correlationId":"56563606-c588-4ddf-991f-6eb55883ae76","method":"DELETE","path":"/passengers/bookings/68f98a69a62d78b3796b697f","status":403,"latency":"8ms","userId":"68f98a68a62d78b3796b6973","error":{"code":"csrf_mismatch","message":"CSRF token missing or invalid"}}

      at log (src/api/middlewares/structuredLogger.js:107:13)

  console.log
    {"type":"response","timestamp":"2025-10-23T01:52:41.144Z","correlationId":"56563606-c588-4ddf-991f-6eb55883ae76","method":"DELETE","path":"/passengers/bookings/68f98a69a62d78b3796b697f","status":403,"latency":"9ms","userId":"68f98a68a62d78b3796b6973","error":{"code":"csrf_mismatch","message":"CSRF token missing or invalid"}}

      at log (src/api/middlewares/structuredLogger.js:107:13)

::ffff:127.0.0.1 - - [23/Oct/2025:01:52:41 +0000] "DELETE /passengers/bookings/68f98a69a62d78b3796b697f HTTP/1.1" 403 121 "-" "-"
  console.log
    {"type":"request","timestamp":"2025-10-23T01:52:41.928Z","correlationId":"e9b420ec-9b50-49cc-95d9-9d1cf723d949","method":"POST","path":"/auth/login","ip":"::ffff:127.0.0.1","userId":"anonymous","userAgent":"unknown","query":{}}

      at log (src/api/middlewares/structuredLogger.js:80:11)

  console.log
    [AuthController] Login attempt for email domain: unisabana.edu.co | IP: ::ffff:127.0.0.1 | correlationId: e9b420ec-9b50-49cc-95d9-9d1cf723d949

      at AuthController.log [as login] (src/api/controllers/authController.js:62:15)

  console.log
    [AuthController] Login successful | userId: 68f98a69a62d78b3796b6987 | role: passenger | correlationId: e9b420ec-9b50-49cc-95d9-9d1cf723d949

      at AuthController.log [as login] (src/api/controllers/authController.js:89:15)

  console.log
    [AuthController] Response body: {
      id: '68f98a69a62d78b3796b6987',
      role: 'passenger',
      firstName: 'PassengerBookingTest',
      lastName: 'Passenger1'
    }

      at AuthController.log [as login] (src/api/controllers/authController.js:100:15)

  console.log
    {"type":"response","timestamp":"2025-10-23T01:52:42.092Z","correlationId":"e9b420ec-9b50-49cc-95d9-9d1cf723d949","method":"POST","path":"/auth/login","status":200,"latency":"164ms","userId":"anonymous"}

      at log (src/api/middlewares/structuredLogger.js:107:13)

  console.log
    {"type":"response","timestamp":"2025-10-23T01:52:42.093Z","correlationId":"e9b420ec-9b50-49cc-95d9-9d1cf723d949","method":"POST","path":"/auth/login","status":200,"latency":"165ms","userId":"anonymous"}

      at log (src/api/middlewares/structuredLogger.js:107:13)

::ffff:127.0.0.1 - - [23/Oct/2025:01:52:42 +0000] "POST /auth/login HTTP/1.1" 200 111 "-" "-"
  console.log
    {"type":"request","timestamp":"2025-10-23T01:52:42.098Z","correlationId":"9937c9d7-7d8d-4ad7-856e-e6108d1e1775","method":"POST","path":"/auth/login","ip":"::ffff:127.0.0.1","userId":"anonymous","userAgent":"unknown","query":{}}

      at log (src/api/middlewares/structuredLogger.js:80:11)

  console.log
    [AuthController] Login attempt for email domain: unisabana.edu.co | IP: ::ffff:127.0.0.1 | correlationId: 9937c9d7-7d8d-4ad7-856e-e6108d1e1775

      at AuthController.log [as login] (src/api/controllers/authController.js:62:15)

  console.log
    [AuthController] Login successful | userId: 68f98a69a62d78b3796b6989 | role: passenger | correlationId: 9937c9d7-7d8d-4ad7-856e-e6108d1e1775

      at AuthController.log [as login] (src/api/controllers/authController.js:89:15)

  console.log
    [AuthController] Response body: {
      id: '68f98a69a62d78b3796b6989',
      role: 'passenger',
      firstName: 'PassengerBookingTest',
      lastName: 'Passenger2'
    }

      at AuthController.log [as login] (src/api/controllers/authController.js:100:15)

  console.log
    {"type":"response","timestamp":"2025-10-23T01:52:42.262Z","correlationId":"9937c9d7-7d8d-4ad7-856e-e6108d1e1775","method":"POST","path":"/auth/login","status":200,"latency":"164ms","userId":"anonymous"}

      at log (src/api/middlewares/structuredLogger.js:107:13)

  console.log
    {"type":"response","timestamp":"2025-10-23T01:52:42.262Z","correlationId":"9937c9d7-7d8d-4ad7-856e-e6108d1e1775","method":"POST","path":"/auth/login","status":200,"latency":"164ms","userId":"anonymous"}

      at log (src/api/middlewares/structuredLogger.js:107:13)

::ffff:127.0.0.1 - - [23/Oct/2025:01:52:42 +0000] "POST /auth/login HTTP/1.1" 200 111 "-" "-"
  console.log
    {"type":"request","timestamp":"2025-10-23T01:52:42.800Z","correlationId":"0d830343-57a4-4948-b710-bbe8d95a4962","method":"DELETE","path":"/passengers/bookings/68f98a6aa62d78b3796b6991","ip":"::ffff:127.0.0.1","userId":"anonymous","userAgent":"unknown","query":{}}

      at log (src/api/middlewares/structuredLogger.js:80:11)

  console.log
    [requireCsrf] CSRF validation failed | IP: ::ffff:127.0.0.1 | correlationId: 0d830343-57a4-4948-b710-bbe8d95a4962

      at log (src/api/middlewares/requireCsrf.js:47:13)

  console.log
    {"type":"response","timestamp":"2025-10-23T01:52:42.806Z","correlationId":"0d830343-57a4-4948-b710-bbe8d95a4962","method":"DELETE","path":"/passengers/bookings/68f98a6aa62d78b3796b6991","status":403,"latency":"6ms","userId":"68f98a69a62d78b3796b6987","error":{"code":"csrf_mismatch","message":"CSRF token missing or invalid"}}

      at log (src/api/middlewares/structuredLogger.js:107:13)

  console.log
    {"type":"response","timestamp":"2025-10-23T01:52:42.807Z","correlationId":"0d830343-57a4-4948-b710-bbe8d95a4962","method":"DELETE","path":"/passengers/bookings/68f98a6aa62d78b3796b6991","status":403,"latency":"7ms","userId":"68f98a69a62d78b3796b6987","error":{"code":"csrf_mismatch","message":"CSRF token missing or invalid"}}

      at log (src/api/middlewares/structuredLogger.js:107:13)

::ffff:127.0.0.1 - - [23/Oct/2025:01:52:42 +0000] "DELETE /passengers/bookings/68f98a6aa62d78b3796b6991 HTTP/1.1" 403 121 "-" "-"
  console.log
    {"type":"request","timestamp":"2025-10-23T01:52:43.579Z","correlationId":"94f8cc9e-2f57-4edb-ae9a-44ad421d98ff","method":"POST","path":"/auth/login","ip":"::ffff:127.0.0.1","userId":"anonymous","userAgent":"unknown","query":{}}

      at log (src/api/middlewares/structuredLogger.js:80:11)

  console.log
    [AuthController] Login attempt for email domain: unisabana.edu.co | IP: ::ffff:127.0.0.1 | correlationId: 94f8cc9e-2f57-4edb-ae9a-44ad421d98ff

      at AuthController.log [as login] (src/api/controllers/authController.js:62:15)

  console.log
    [AuthController] Login successful | userId: 68f98a6ba62d78b3796b699c | role: passenger | correlationId: 94f8cc9e-2f57-4edb-ae9a-44ad421d98ff

      at AuthController.log [as login] (src/api/controllers/authController.js:89:15)

  console.log
    [AuthController] Response body: {
      id: '68f98a6ba62d78b3796b699c',
      role: 'passenger',
      firstName: 'PassengerBookingTest',
      lastName: 'Passenger1'
    }

      at AuthController.log [as login] (src/api/controllers/authController.js:100:15)

  console.log
    {"type":"response","timestamp":"2025-10-23T01:52:43.733Z","correlationId":"94f8cc9e-2f57-4edb-ae9a-44ad421d98ff","method":"POST","path":"/auth/login","status":200,"latency":"154ms","userId":"anonymous"}

      at log (src/api/middlewares/structuredLogger.js:107:13)

  console.log
    {"type":"response","timestamp":"2025-10-23T01:52:43.734Z","correlationId":"94f8cc9e-2f57-4edb-ae9a-44ad421d98ff","method":"POST","path":"/auth/login","status":200,"latency":"155ms","userId":"anonymous"}

      at log (src/api/middlewares/structuredLogger.js:107:13)

::ffff:127.0.0.1 - - [23/Oct/2025:01:52:43 +0000] "POST /auth/login HTTP/1.1" 200 111 "-" "-"
  console.log
    {"type":"request","timestamp":"2025-10-23T01:52:43.739Z","correlationId":"ae6e299d-a4af-4d59-a9a2-2e0f9caed8f2","method":"POST","path":"/auth/login","ip":"::ffff:127.0.0.1","userId":"anonymous","userAgent":"unknown","query":{}}

      at log (src/api/middlewares/structuredLogger.js:80:11)

  console.log
    [AuthController] Login attempt for email domain: unisabana.edu.co | IP: ::ffff:127.0.0.1 | correlationId: ae6e299d-a4af-4d59-a9a2-2e0f9caed8f2

      at AuthController.log [as login] (src/api/controllers/authController.js:62:15)

  console.log
    [AuthController] Login successful | userId: 68f98a6ba62d78b3796b699e | role: passenger | correlationId: ae6e299d-a4af-4d59-a9a2-2e0f9caed8f2

      at AuthController.log [as login] (src/api/controllers/authController.js:89:15)

  console.log
    [AuthController] Response body: {
      id: '68f98a6ba62d78b3796b699e',
      role: 'passenger',
      firstName: 'PassengerBookingTest',
      lastName: 'Passenger2'
    }

      at AuthController.log [as login] (src/api/controllers/authController.js:100:15)

  console.log
    {"type":"response","timestamp":"2025-10-23T01:52:43.902Z","correlationId":"ae6e299d-a4af-4d59-a9a2-2e0f9caed8f2","method":"POST","path":"/auth/login","status":200,"latency":"163ms","userId":"anonymous"}

      at log (src/api/middlewares/structuredLogger.js:107:13)

  console.log
    {"type":"response","timestamp":"2025-10-23T01:52:43.902Z","correlationId":"ae6e299d-a4af-4d59-a9a2-2e0f9caed8f2","method":"POST","path":"/auth/login","status":200,"latency":"163ms","userId":"anonymous"}

      at log (src/api/middlewares/structuredLogger.js:107:13)

::ffff:127.0.0.1 - - [23/Oct/2025:01:52:43 +0000] "POST /auth/login HTTP/1.1" 200 111 "-" "-"
  console.log
    {"type":"request","timestamp":"2025-10-23T01:52:44.317Z","correlationId":"59110440-8641-479c-a67b-07c82e6fcb63","method":"DELETE","path":"/passengers/bookings/507f1f77bcf86cd799439011","ip":"::ffff:127.0.0.1","userId":"anonymous","userAgent":"unknown","query":{}}

      at log (src/api/middlewares/structuredLogger.js:80:11)

  console.log
    [requireCsrf] CSRF validation failed | IP: ::ffff:127.0.0.1 | correlationId: 59110440-8641-479c-a67b-07c82e6fcb63

      at log (src/api/middlewares/requireCsrf.js:47:13)

  console.log
    {"type":"response","timestamp":"2025-10-23T01:52:44.321Z","correlationId":"59110440-8641-479c-a67b-07c82e6fcb63","method":"DELETE","path":"/passengers/bookings/507f1f77bcf86cd799439011","status":403,"latency":"4ms","userId":"68f98a6ba62d78b3796b699c","error":{"code":"csrf_mismatch","message":"CSRF token missing or invalid"}}

      at log (src/api/middlewares/structuredLogger.js:107:13)

  console.log
    {"type":"response","timestamp":"2025-10-23T01:52:44.322Z","correlationId":"59110440-8641-479c-a67b-07c82e6fcb63","method":"DELETE","path":"/passengers/bookings/507f1f77bcf86cd799439011","status":403,"latency":"5ms","userId":"68f98a6ba62d78b3796b699c","error":{"code":"csrf_mismatch","message":"CSRF token missing or invalid"}}

      at log (src/api/middlewares/structuredLogger.js:107:13)

::ffff:127.0.0.1 - - [23/Oct/2025:01:52:44 +0000] "DELETE /passengers/bookings/507f1f77bcf86cd799439011 HTTP/1.1" 403 121 "-" "-"
  console.log
    {"type":"request","timestamp":"2025-10-23T01:52:45.082Z","correlationId":"a644a8b3-a371-4979-8ecb-92a42543d6c4","method":"POST","path":"/auth/login","ip":"::ffff:127.0.0.1","userId":"anonymous","userAgent":"unknown","query":{}}

      at log (src/api/middlewares/structuredLogger.js:80:11)

  console.log
    [AuthController] Login attempt for email domain: unisabana.edu.co | IP: ::ffff:127.0.0.1 | correlationId: a644a8b3-a371-4979-8ecb-92a42543d6c4

      at AuthController.log [as login] (src/api/controllers/authController.js:62:15)

  console.log
    [AuthController] Login successful | userId: 68f98a6ca62d78b3796b69b0 | role: passenger | correlationId: a644a8b3-a371-4979-8ecb-92a42543d6c4

      at AuthController.log [as login] (src/api/controllers/authController.js:89:15)

  console.log
    [AuthController] Response body: {
      id: '68f98a6ca62d78b3796b69b0',
      role: 'passenger',
      firstName: 'PassengerBookingTest',
      lastName: 'Passenger1'
    }

      at AuthController.log [as login] (src/api/controllers/authController.js:100:15)

  console.log
    {"type":"response","timestamp":"2025-10-23T01:52:45.240Z","correlationId":"a644a8b3-a371-4979-8ecb-92a42543d6c4","method":"POST","path":"/auth/login","status":200,"latency":"158ms","userId":"anonymous"}

      at log (src/api/middlewares/structuredLogger.js:107:13)

  console.log
    {"type":"response","timestamp":"2025-10-23T01:52:45.241Z","correlationId":"a644a8b3-a371-4979-8ecb-92a42543d6c4","method":"POST","path":"/auth/login","status":200,"latency":"159ms","userId":"anonymous"}

      at log (src/api/middlewares/structuredLogger.js:107:13)

::ffff:127.0.0.1 - - [23/Oct/2025:01:52:45 +0000] "POST /auth/login HTTP/1.1" 200 111 "-" "-"
  console.log
    {"type":"request","timestamp":"2025-10-23T01:52:45.248Z","correlationId":"fcdf0c7f-ade9-41a1-8aab-d69016d18211","method":"POST","path":"/auth/login","ip":"::ffff:127.0.0.1","userId":"anonymous","userAgent":"unknown","query":{}}

      at log (src/api/middlewares/structuredLogger.js:80:11)

  console.log
    [AuthController] Login attempt for email domain: unisabana.edu.co | IP: ::ffff:127.0.0.1 | correlationId: fcdf0c7f-ade9-41a1-8aab-d69016d18211

      at AuthController.log [as login] (src/api/controllers/authController.js:62:15)

  console.log
    [AuthController] Login successful | userId: 68f98a6ca62d78b3796b69b2 | role: passenger | correlationId: fcdf0c7f-ade9-41a1-8aab-d69016d18211

      at AuthController.log [as login] (src/api/controllers/authController.js:89:15)

  console.log
    [AuthController] Response body: {
      id: '68f98a6ca62d78b3796b69b2',
      role: 'passenger',
      firstName: 'PassengerBookingTest',
      lastName: 'Passenger2'
    }

      at AuthController.log [as login] (src/api/controllers/authController.js:100:15)

  console.log
    {"type":"response","timestamp":"2025-10-23T01:52:45.414Z","correlationId":"fcdf0c7f-ade9-41a1-8aab-d69016d18211","method":"POST","path":"/auth/login","status":200,"latency":"166ms","userId":"anonymous"}

      at log (src/api/middlewares/structuredLogger.js:107:13)

  console.log
    {"type":"response","timestamp":"2025-10-23T01:52:45.416Z","correlationId":"fcdf0c7f-ade9-41a1-8aab-d69016d18211","method":"POST","path":"/auth/login","status":200,"latency":"168ms","userId":"anonymous"}

      at log (src/api/middlewares/structuredLogger.js:107:13)

::ffff:127.0.0.1 - - [23/Oct/2025:01:52:45 +0000] "POST /auth/login HTTP/1.1" 200 111 "-" "-"
  console.log
    {"type":"request","timestamp":"2025-10-23T01:52:45.835Z","correlationId":"ece3365f-692b-4e2a-a9be-ba654927ed9a","method":"DELETE","path":"/passengers/bookings/68f98a6da62d78b3796b69ba","ip":"::ffff:127.0.0.1","userId":"anonymous","userAgent":"unknown","query":{}}

      at log (src/api/middlewares/structuredLogger.js:80:11)

  console.log
    {"type":"response","timestamp":"2025-10-23T01:52:45.839Z","correlationId":"ece3365f-692b-4e2a-a9be-ba654927ed9a","method":"DELETE","path":"/passengers/bookings/68f98a6da62d78b3796b69ba","status":401,"latency":"4ms","userId":"anonymous","error":{"code":"unauthorized","message":"Missing or invalid session"}}

      at log (src/api/middlewares/structuredLogger.js:107:13)

  console.log
    {"type":"response","timestamp":"2025-10-23T01:52:45.839Z","correlationId":"ece3365f-692b-4e2a-a9be-ba654927ed9a","method":"DELETE","path":"/passengers/bookings/68f98a6da62d78b3796b69ba","status":401,"latency":"4ms","userId":"anonymous","error":{"code":"unauthorized","message":"Missing or invalid session"}}

      at log (src/api/middlewares/structuredLogger.js:107:13)

::ffff:127.0.0.1 - - [23/Oct/2025:01:52:45 +0000] "DELETE /passengers/bookings/68f98a6da62d78b3796b69ba HTTP/1.1" 401 117 "-" "-"
  console.log
    {"type":"request","timestamp":"2025-10-23T01:52:46.594Z","correlationId":"39eca616-079c-4ac3-ba66-a63e2d73f357","method":"POST","path":"/auth/login","ip":"::ffff:127.0.0.1","userId":"anonymous","userAgent":"unknown","query":{}}

      at log (src/api/middlewares/structuredLogger.js:80:11)

  console.log
    [AuthController] Login attempt for email domain: unisabana.edu.co | IP: ::ffff:127.0.0.1 | correlationId: 39eca616-079c-4ac3-ba66-a63e2d73f357

      at AuthController.log [as login] (src/api/controllers/authController.js:62:15)

  console.log
    [AuthController] Login successful | userId: 68f98a6ea62d78b3796b69c4 | role: passenger | correlationId: 39eca616-079c-4ac3-ba66-a63e2d73f357

      at AuthController.log [as login] (src/api/controllers/authController.js:89:15)

  console.log
    [AuthController] Response body: {
      id: '68f98a6ea62d78b3796b69c4',
      role: 'passenger',
      firstName: 'PassengerBookingTest',
      lastName: 'Passenger1'
    }

      at AuthController.log [as login] (src/api/controllers/authController.js:100:15)

  console.log
    {"type":"response","timestamp":"2025-10-23T01:52:46.763Z","correlationId":"39eca616-079c-4ac3-ba66-a63e2d73f357","method":"POST","path":"/auth/login","status":200,"latency":"169ms","userId":"anonymous"}

      at log (src/api/middlewares/structuredLogger.js:107:13)

  console.log
    {"type":"response","timestamp":"2025-10-23T01:52:46.764Z","correlationId":"39eca616-079c-4ac3-ba66-a63e2d73f357","method":"POST","path":"/auth/login","status":200,"latency":"170ms","userId":"anonymous"}

      at log (src/api/middlewares/structuredLogger.js:107:13)

::ffff:127.0.0.1 - - [23/Oct/2025:01:52:46 +0000] "POST /auth/login HTTP/1.1" 200 111 "-" "-"
  console.log
    {"type":"request","timestamp":"2025-10-23T01:52:46.771Z","correlationId":"9695bb84-a461-4cbd-a197-ba1ec6bd6ece","method":"POST","path":"/auth/login","ip":"::ffff:127.0.0.1","userId":"anonymous","userAgent":"unknown","query":{}}

      at log (src/api/middlewares/structuredLogger.js:80:11)

  console.log
    [AuthController] Login attempt for email domain: unisabana.edu.co | IP: ::ffff:127.0.0.1 | correlationId: 9695bb84-a461-4cbd-a197-ba1ec6bd6ece

      at AuthController.log [as login] (src/api/controllers/authController.js:62:15)

  console.log
    [AuthController] Login successful | userId: 68f98a6ea62d78b3796b69c6 | role: passenger | correlationId: 9695bb84-a461-4cbd-a197-ba1ec6bd6ece

      at AuthController.log [as login] (src/api/controllers/authController.js:89:15)

  console.log
    [AuthController] Response body: {
      id: '68f98a6ea62d78b3796b69c6',
      role: 'passenger',
      firstName: 'PassengerBookingTest',
      lastName: 'Passenger2'
    }

      at AuthController.log [as login] (src/api/controllers/authController.js:100:15)

  console.log
    {"type":"response","timestamp":"2025-10-23T01:52:46.949Z","correlationId":"9695bb84-a461-4cbd-a197-ba1ec6bd6ece","method":"POST","path":"/auth/login","status":200,"latency":"178ms","userId":"anonymous"}

      at log (src/api/middlewares/structuredLogger.js:107:13)

  console.log
    {"type":"response","timestamp":"2025-10-23T01:52:46.950Z","correlationId":"9695bb84-a461-4cbd-a197-ba1ec6bd6ece","method":"POST","path":"/auth/login","status":200,"latency":"179ms","userId":"anonymous"}

      at log (src/api/middlewares/structuredLogger.js:107:13)

::ffff:127.0.0.1 - - [23/Oct/2025:01:52:46 +0000] "POST /auth/login HTTP/1.1" 200 111 "-" "-"
  console.log
    {"type":"request","timestamp":"2025-10-23T01:52:47.370Z","correlationId":"05ca8eda-d702-4d5e-baf9-91397d3fa28a","method":"DELETE","path":"/passengers/bookings/68f98a6fa62d78b3796b69ce","ip":"::ffff:127.0.0.1","userId":"anonymous","userAgent":"unknown","query":{}}

      at log (src/api/middlewares/structuredLogger.js:80:11)

  console.log
    [requireCsrf] CSRF validation failed | IP: ::ffff:127.0.0.1 | correlationId: 05ca8eda-d702-4d5e-baf9-91397d3fa28a

      at log (src/api/middlewares/requireCsrf.js:47:13)

  console.log
    {"type":"response","timestamp":"2025-10-23T01:52:47.377Z","correlationId":"05ca8eda-d702-4d5e-baf9-91397d3fa28a","method":"DELETE","path":"/passengers/bookings/68f98a6fa62d78b3796b69ce","status":403,"latency":"7ms","userId":"68f98a6ea62d78b3796b69c4","error":{"code":"csrf_mismatch","message":"CSRF token missing or invalid"}}

      at log (src/api/middlewares/structuredLogger.js:107:13)

  console.log
    {"type":"response","timestamp":"2025-10-23T01:52:47.378Z","correlationId":"05ca8eda-d702-4d5e-baf9-91397d3fa28a","method":"DELETE","path":"/passengers/bookings/68f98a6fa62d78b3796b69ce","status":403,"latency":"8ms","userId":"68f98a6ea62d78b3796b69c4","error":{"code":"csrf_mismatch","message":"CSRF token missing or invalid"}}

      at log (src/api/middlewares/structuredLogger.js:107:13)

::ffff:127.0.0.1 - - [23/Oct/2025:01:52:47 +0000] "DELETE /passengers/bookings/68f98a6fa62d78b3796b69ce HTTP/1.1" 403 121 "-" "-"
  console.log
    ΓÜá Mongoose disconnected from DB

      at NativeConnection.log (src/infrastructure/database/connection.js:52:11)

node.exe : FAIL tests/integration/passenger-bookings.test.js (47.602 s)
At C:\Program Files\nodejs\npm.ps1:29 char:3
+   & $NODE_EXE $NPM_CLI_JS $args
+   ~~~~~~~~~~~~~~~~~~~~~~~~~~~~~
    + CategoryInfo          : NotSpecified: (FAIL tests/inte...t.js (47.602 s):String) [], RemoteException
    + FullyQualifiedErrorId : NativeCommandError
 
  Passenger Search and Booking Integration Tests
    GET /passengers/trips/search
      ΓêÜ should return only published future trips (1789 ms)
      ΓêÜ should filter by qOrigin text (1435 ms)
      ΓêÜ should filter by qDestination text (1448 ms)
      ΓêÜ should handle pagination (1826 ms)
      ΓêÜ should enforce max pageSize of 50 (1239 ms)
      ΓêÜ should require authentication (1198 ms)
      ΓêÜ should not expose driver PII (1415 ms)
    POST /passengers/bookings
      ├ù should create a booking request (happy path) (1439 ms)
      ├ù should reject duplicate request for same trip (409) (1456 ms)
      ├ù should reject booking for draft trip (409) (1414 ms)
      ├ù should reject booking for non-existent trip (404) (1440 ms)
      ├ù should validate note length (max 300 chars) (1432 ms)
      ΓêÜ should require authentication (1437 ms)
      ΓêÜ should require CSRF token (1447 ms)
      ├ù should allow different passengers to book the same trip (1418 ms)
    GET /passengers/bookings
      ΓêÜ should list only caller's bookings (1753 ms)
      ΓêÜ should filter by status (1744 ms)
      ΓêÜ should handle pagination (2810 ms)
      ΓêÜ should enforce max pageSize of 50 (1626 ms)
      ΓêÜ should require authentication (1616 ms)
    DELETE /passengers/bookings/:bookingId
      ├ù should cancel own booking (owner-only) (1497 ms)
      ├ù should be idempotent (cancel already canceled) (1534 ms)
      ├ù should reject canceling someone else's booking (403) (1503 ms)
      ├ù should reject canceling non-pending booking (409) (1660 ms)
      ├ù should return 404 for non-existent booking (1512 ms)
      ΓêÜ should require authentication (1516 ms)
      ΓêÜ should require CSRF token (1539 ms)

  ΓùÅ Passenger Search and Booking Integration Tests ΓÇ║ POST /passengers/bookings ΓÇ║ should create a booking request (happy path)

    expected 201 "Created", got 403 "Forbidden"

    [0m [90m 245 |[39m           note[33m:[39m [32m'I have a small backpack'[39m
     [90m 246 |[39m         })
    [31m[1m>[22m[39m[90m 247 |[39m         [33m.[39mexpect([35m201[39m)[33m;[39m
     [90m     |[39m          [31m[1m^[22m[39m
     [90m 248 |[39m
     [90m 249 |[39m       expect(res[33m.[39mbody)[33m.[39mtoHaveProperty([32m'id'[39m)[33m;[39m
     [90m 250 |[39m       expect(res[33m.[39mbody[33m.[39mtripId)[33m.[39mtoBe(publishedTrip[33m.[39m_id[33m.[39mtoString())[33m;[39m[0m

      at Object.expect (tests/integration/passenger-bookings.test.js:247:10)
      ----
      at Test._assertStatus (node_modules/supertest/lib/test.js:252:14)
      at node_modules/supertest/lib/test.js:308:13
      at Test._assertFunction (node_modules/supertest/lib/test.js:285:13)
      at Test.assert (node_modules/supertest/lib/test.js:164:23)
      at Server.localAssert (node_modules/supertest/lib/test.js:120:14)

  ΓùÅ Passenger Search and Booking Integration Tests ΓÇ║ POST /passengers/bookings ΓÇ║ should reject duplicate request for same trip (409)

    expected 201 "Created", got 403 "Forbidden"

    [0m [90m 261 |[39m         [33m.[39m[36mset[39m([32m'X-CSRF-Token'[39m[33m,[39m csrfToken1)
     [90m 262 |[39m         [33m.[39msend({ tripId[33m:[39m publishedTrip[33m.[39m_id[33m.[39mtoString() })
    [31m[1m>[22m[39m[90m 263 |[39m         [33m.[39mexpect([35m201[39m)[33m;[39m
     [90m     |[39m          [31m[1m^[22m[39m
     [90m 264 |[39m
     [90m 265 |[39m       [90m// Second request fails[39m
     [90m 266 |[39m       [36mconst[39m res [33m=[39m [36mawait[39m request(app)[0m

      at Object.expect (tests/integration/passenger-bookings.test.js:263:10)
      ----
      at Test._assertStatus (node_modules/supertest/lib/test.js:252:14)
      at node_modules/supertest/lib/test.js:308:13
      at Test._assertFunction (node_modules/supertest/lib/test.js:285:13)
      at Test.assert (node_modules/supertest/lib/test.js:164:23)
      at Server.localAssert (node_modules/supertest/lib/test.js:120:14)

  ΓùÅ Passenger Search and Booking Integration Tests ΓÇ║ POST /passengers/bookings ΓÇ║ should reject booking for draft trip (409)

    expected 409 "Conflict", got 403 "Forbidden"

    [0m [90m 280 |[39m         [33m.[39m[36mset[39m([32m'X-CSRF-Token'[39m[33m,[39m csrfToken1)
     [90m 281 |[39m         [33m.[39msend({ tripId[33m:[39m draftTrip[33m.[39m_id[33m.[39mtoString() })
    [31m[1m>[22m[39m[90m 282 |[39m         [33m.[39mexpect([35m409[39m)[33m;[39m
     [90m     |[39m          [31m[1m^[22m[39m
     [90m 283 |[39m
     [90m 284 |[39m       expect(res[33m.[39mbody[33m.[39mcode)[33m.[39mtoBe([32m'invalid_trip_state'[39m)[33m;[39m
     [90m 285 |[39m     })[33m;[39m[0m

      at Object.expect (tests/integration/passenger-bookings.test.js:282:10)
      ----
      at Test._assertStatus (node_modules/supertest/lib/test.js:252:14)
      at node_modules/supertest/lib/test.js:308:13
      at Test._assertFunction (node_modules/supertest/lib/test.js:285:13)
      at Test.assert (node_modules/supertest/lib/test.js:164:23)
      at Server.localAssert (node_modules/supertest/lib/test.js:120:14)

  ΓùÅ Passenger Search and Booking Integration Tests ΓÇ║ POST /passengers/bookings ΓÇ║ should reject booking for non-existent trip (404)

    expected 404 "Not Found", got 403 "Forbidden"

    [0m [90m 291 |[39m         [33m.[39m[36mset[39m([32m'X-CSRF-Token'[39m[33m,[39m csrfToken1)
     [90m 292 |[39m         [33m.[39msend({ tripId[33m:[39m [32m'507f1f77bcf86cd799439011'[39m })
    [31m[1m>[22m[39m[90m 293 |[39m         [33m.[39mexpect([35m404[39m)[33m;[39m
     [90m     |[39m          [31m[1m^[22m[39m
     [90m 294 |[39m     })[33m;[39m
     [90m 295 |[39m
     [90m 296 |[39m     it([32m'should validate note length (max 300 chars)'[39m[33m,[39m [36masync[39m () [33m=>[39m {[0m

      at Object.expect (tests/integration/passenger-bookings.test.js:293:10)
      ----
      at Test._assertStatus (node_modules/supertest/lib/test.js:252:14)
      at node_modules/supertest/lib/test.js:308:13
      at Test._assertFunction (node_modules/supertest/lib/test.js:285:13)
      at Test.assert (node_modules/supertest/lib/test.js:164:23)
      at Server.localAssert (node_modules/supertest/lib/test.js:120:14)

  ΓùÅ Passenger Search and Booking Integration Tests ΓÇ║ POST /passengers/bookings ΓÇ║ should validate note length (max 300 chars)

    expected 400 "Bad Request", got 403 "Forbidden"

    [0m [90m 305 |[39m           note[33m:[39m longNote
     [90m 306 |[39m         })
    [31m[1m>[22m[39m[90m 307 |[39m         [33m.[39mexpect([35m400[39m)[33m;[39m
     [90m     |[39m          [31m[1m^[22m[39m
     [90m 308 |[39m     })[33m;[39m
     [90m 309 |[39m
     [90m 310 |[39m     it([32m'should require authentication'[39m[33m,[39m [36masync[39m () [33m=>[39m {[0m

      at Object.expect (tests/integration/passenger-bookings.test.js:307:10)
      ----
      at Test._assertStatus (node_modules/supertest/lib/test.js:252:14)
      at node_modules/supertest/lib/test.js:308:13
      at Test._assertFunction (node_modules/supertest/lib/test.js:285:13)
      at Test.assert (node_modules/supertest/lib/test.js:164:23)
      at Server.localAssert (node_modules/supertest/lib/test.js:120:14)

  ΓùÅ Passenger Search and Booking Integration Tests ΓÇ║ POST /passengers/bookings ΓÇ║ should allow different passengers to book the same trip

    expected 201 "Created", got 403 "Forbidden"

    [0m [90m 330 |[39m         [33m.[39m[36mset[39m([32m'X-CSRF-Token'[39m[33m,[39m csrfToken1)
     [90m 331 |[39m         [33m.[39msend({ tripId[33m:[39m publishedTrip[33m.[39m_id[33m.[39mtoString() })
    [31m[1m>[22m[39m[90m 332 |[39m         [33m.[39mexpect([35m201[39m)[33m;[39m
     [90m     |[39m          [31m[1m^[22m[39m
     [90m 333 |[39m
     [90m 334 |[39m       [90m// Passenger 2 can also book[39m
     [90m 335 |[39m       [36mconst[39m res [33m=[39m [36mawait[39m request(app)[0m

      at Object.expect (tests/integration/passenger-bookings.test.js:332:10)
      ----
      at Test._assertStatus (node_modules/supertest/lib/test.js:252:14)
      at node_modules/supertest/lib/test.js:308:13
      at Test._assertFunction (node_modules/supertest/lib/test.js:285:13)
      at Test.assert (node_modules/supertest/lib/test.js:164:23)
      at Server.localAssert (node_modules/supertest/lib/test.js:120:14)

  ΓùÅ Passenger Search and Booking Integration Tests ΓÇ║ DELETE /passengers/bookings/:bookingId ΓÇ║ should cancel own booking (owner-only)

    expected 200 "OK", got 403 "Forbidden"

    [0m [90m 469 |[39m         [33m.[39m[36mset[39m([32m'Cookie'[39m[33m,[39m passengerToken1)
     [90m 470 |[39m         [33m.[39m[36mset[39m([32m'X-CSRF-Token'[39m[33m,[39m csrfToken1)
    [31m[1m>[22m[39m[90m 471 |[39m         [33m.[39mexpect([35m200[39m)[33m;[39m
     [90m     |[39m          [31m[1m^[22m[39m
     [90m 472 |[39m
     [90m 473 |[39m       expect(res[33m.[39mbody[33m.[39mid)[33m.[39mtoBe(booking1[33m.[39m_id[33m.[39mtoString())[33m;[39m
     [90m 474 |[39m       expect(res[33m.[39mbody[33m.[39mstatus)[33m.[39mtoBe([32m'canceled_by_passenger'[39m)[33m;[39m[0m

      at Object.expect (tests/integration/passenger-bookings.test.js:471:10)
      ----
      at Test._assertStatus (node_modules/supertest/lib/test.js:252:14)
      at node_modules/supertest/lib/test.js:308:13
      at Test._assertFunction (node_modules/supertest/lib/test.js:285:13)
      at Test.assert (node_modules/supertest/lib/test.js:164:23)
      at Server.localAssert (node_modules/supertest/lib/test.js:120:14)

  ΓùÅ Passenger Search and Booking Integration Tests ΓÇ║ DELETE /passengers/bookings/:bookingId ΓÇ║ should be idempotent (cancel already canceled)

    expected 200 "OK", got 403 "Forbidden"

    [0m [90m 481 |[39m         [33m.[39m[36mset[39m([32m'Cookie'[39m[33m,[39m passengerToken1)
     [90m 482 |[39m         [33m.[39m[36mset[39m([32m'X-CSRF-Token'[39m[33m,[39m csrfToken1)
    [31m[1m>[22m[39m[90m 483 |[39m         [33m.[39mexpect([35m200[39m)[33m;[39m
     [90m     |[39m          [31m[1m^[22m[39m
     [90m 484 |[39m
     [90m 485 |[39m       [90m// Second cancel (idempotent)[39m
     [90m 486 |[39m       [36mconst[39m res [33m=[39m [36mawait[39m request(app)[0m

      at Object.expect (tests/integration/passenger-bookings.test.js:483:10)
      ----
      at Test._assertStatus (node_modules/supertest/lib/test.js:252:14)
      at node_modules/supertest/lib/test.js:308:13
      at Test._assertFunction (node_modules/supertest/lib/test.js:285:13)
      at Test.assert (node_modules/supertest/lib/test.js:164:23)
      at Server.localAssert (node_modules/supertest/lib/test.js:120:14)

  ΓùÅ Passenger Search and Booking Integration Tests ΓÇ║ DELETE /passengers/bookings/:bookingId ΓÇ║ should reject canceling someone else's booking (403)

    expect(received).toBe(expected) // Object.is equality

    Expected: "forbidden_owner"
    Received: "csrf_mismatch"

    [0m [90m 500 |[39m         [33m.[39mexpect([35m403[39m)[33m;[39m
     [90m 501 |[39m
    [31m[1m>[22m[39m[90m 502 |[39m       expect(res[33m.[39mbody[33m.[39mcode)[33m.[39mtoBe([32m'forbidden_owner'[39m)[33m;[39m
     [90m     |[39m                             [31m[1m^[22m[39m
     [90m 503 |[39m     })[33m;[39m
     [90m 504 |[39m
     [90m 505 |[39m     it([32m'should reject canceling non-pending booking (409)'[39m[33m,[39m [36masync[39m () [33m=>[39m {[0m

      at Object.toBe (tests/integration/passenger-bookings.test.js:502:29)

  ΓùÅ Passenger Search and Booking Integration Tests ΓÇ║ DELETE /passengers/bookings/:bookingId ΓÇ║ should reject canceling non-pending booking (409)

    expected 409 "Conflict", got 403 "Forbidden"

    [0m [90m 511 |[39m         [33m.[39m[36mset[39m([32m'Cookie'[39m[33m,[39m passengerToken1)
     [90m 512 |[39m         [33m.[39m[36mset[39m([32m'X-CSRF-Token'[39m[33m,[39m csrfToken1)
    [31m[1m>[22m[39m[90m 513 |[39m         [33m.[39mexpect([35m409[39m)[33m;[39m
     [90m     |[39m          [31m[1m^[22m[39m
     [90m 514 |[39m
     [90m 515 |[39m       expect(res[33m.[39mbody[33m.[39mcode)[33m.[39mtoBe([32m'invalid_state'[39m)[33m;[39m
     [90m 516 |[39m     })[33m;[39m[0m

      at Object.expect (tests/integration/passenger-bookings.test.js:513:10)
      ----
      at Test._assertStatus (node_modules/supertest/lib/test.js:252:14)
      at node_modules/supertest/lib/test.js:308:13
      at Test._assertFunction (node_modules/supertest/lib/test.js:285:13)
      at Test.assert (node_modules/supertest/lib/test.js:164:23)
      at Server.localAssert (node_modules/supertest/lib/test.js:120:14)

  ΓùÅ Passenger Search and Booking Integration Tests ΓÇ║ DELETE /passengers/bookings/:bookingId ΓÇ║ should return 404 for non-existent booking

    expected 404 "Not Found", got 403 "Forbidden"

    [0m [90m 521 |[39m         [33m.[39m[36mset[39m([32m'Cookie'[39m[33m,[39m passengerToken1)
     [90m 522 |[39m         [33m.[39m[36mset[39m([32m'X-CSRF-Token'[39m[33m,[39m csrfToken1)
    [31m[1m>[22m[39m[90m 523 |[39m         [33m.[39mexpect([35m404[39m)[33m;[39m
     [90m     |[39m          [31m[1m^[22m[39m
     [90m 524 |[39m     })[33m;[39m
     [90m 525 |[39m
     [90m 526 |[39m     it([32m'should require authentication'[39m[33m,[39m [36masync[39m () [33m=>[39m {[0m

      at Object.expect (tests/integration/passenger-bookings.test.js:523:10)
      ----
      at Test._assertStatus (node_modules/supertest/lib/test.js:252:14)
      at node_modules/supertest/lib/test.js:308:13
      at Test._assertFunction (node_modules/supertest/lib/test.js:285:13)
      at Test.assert (node_modules/supertest/lib/test.js:164:23)
      at Server.localAssert (node_modules/supertest/lib/test.js:120:14)

Test Suites: 1 failed, 1 total
Tests:       11 failed, 16 passed, 27 total
Snapshots:   0 total
Time:        47.857 s
Ran all test suites matching /tests\\integration\\passenger-bookings.test.js/i.
